Archive member included to satisfy reference by file (symbol)

C:/ST/STM32CubeIDE_1.15.1/STM32CubeIDE/plugins/com.st.stm32cube.ide.mcu.externaltools.gnu-tools-for-stm32.12.3.rel1.win32_1.0.200.202406191623/tools/bin/../lib/gcc/arm-none-eabi/12.3.1/../../../../arm-none-eabi/lib/thumb/v7e-m+fp/hard\libc_nano.a(libc_a-exit.o)
                              C:/ST/STM32CubeIDE_1.15.1/STM32CubeIDE/plugins/com.st.stm32cube.ide.mcu.externaltools.gnu-tools-for-stm32.12.3.rel1.win32_1.0.200.202406191623/tools/bin/../lib/gcc/arm-none-eabi/12.3.1/../../../../arm-none-eabi/lib/thumb/v7e-m+fp/hard/crt0.o (exit)
C:/ST/STM32CubeIDE_1.15.1/STM32CubeIDE/plugins/com.st.stm32cube.ide.mcu.externaltools.gnu-tools-for-stm32.12.3.rel1.win32_1.0.200.202406191623/tools/bin/../lib/gcc/arm-none-eabi/12.3.1/../../../../arm-none-eabi/lib/thumb/v7e-m+fp/hard\libc_nano.a(libc_a-malloc.o)
                              ./Core/Src/main.o (malloc)
C:/ST/STM32CubeIDE_1.15.1/STM32CubeIDE/plugins/com.st.stm32cube.ide.mcu.externaltools.gnu-tools-for-stm32.12.3.rel1.win32_1.0.200.202406191623/tools/bin/../lib/gcc/arm-none-eabi/12.3.1/../../../../arm-none-eabi/lib/thumb/v7e-m+fp/hard\libc_nano.a(libc_a-mallocr.o)
                              C:/ST/STM32CubeIDE_1.15.1/STM32CubeIDE/plugins/com.st.stm32cube.ide.mcu.externaltools.gnu-tools-for-stm32.12.3.rel1.win32_1.0.200.202406191623/tools/bin/../lib/gcc/arm-none-eabi/12.3.1/../../../../arm-none-eabi/lib/thumb/v7e-m+fp/hard\libc_nano.a(libc_a-malloc.o) (_malloc_r)
C:/ST/STM32CubeIDE_1.15.1/STM32CubeIDE/plugins/com.st.stm32cube.ide.mcu.externaltools.gnu-tools-for-stm32.12.3.rel1.win32_1.0.200.202406191623/tools/bin/../lib/gcc/arm-none-eabi/12.3.1/../../../../arm-none-eabi/lib/thumb/v7e-m+fp/hard\libc_nano.a(libc_a-mlock.o)
                              C:/ST/STM32CubeIDE_1.15.1/STM32CubeIDE/plugins/com.st.stm32cube.ide.mcu.externaltools.gnu-tools-for-stm32.12.3.rel1.win32_1.0.200.202406191623/tools/bin/../lib/gcc/arm-none-eabi/12.3.1/../../../../arm-none-eabi/lib/thumb/v7e-m+fp/hard\libc_nano.a(libc_a-mallocr.o) (__malloc_lock)
C:/ST/STM32CubeIDE_1.15.1/STM32CubeIDE/plugins/com.st.stm32cube.ide.mcu.externaltools.gnu-tools-for-stm32.12.3.rel1.win32_1.0.200.202406191623/tools/bin/../lib/gcc/arm-none-eabi/12.3.1/../../../../arm-none-eabi/lib/thumb/v7e-m+fp/hard\libc_nano.a(libc_a-findfp.o)
                              C:/ST/STM32CubeIDE_1.15.1/STM32CubeIDE/plugins/com.st.stm32cube.ide.mcu.externaltools.gnu-tools-for-stm32.12.3.rel1.win32_1.0.200.202406191623/tools/bin/../lib/gcc/arm-none-eabi/12.3.1/../../../../arm-none-eabi/lib/thumb/v7e-m+fp/hard\libc_nano.a(libc_a-exit.o) (__stdio_exit_handler)
C:/ST/STM32CubeIDE_1.15.1/STM32CubeIDE/plugins/com.st.stm32cube.ide.mcu.externaltools.gnu-tools-for-stm32.12.3.rel1.win32_1.0.200.202406191623/tools/bin/../lib/gcc/arm-none-eabi/12.3.1/../../../../arm-none-eabi/lib/thumb/v7e-m+fp/hard\libc_nano.a(libc_a-fwalk.o)
                              C:/ST/STM32CubeIDE_1.15.1/STM32CubeIDE/plugins/com.st.stm32cube.ide.mcu.externaltools.gnu-tools-for-stm32.12.3.rel1.win32_1.0.200.202406191623/tools/bin/../lib/gcc/arm-none-eabi/12.3.1/../../../../arm-none-eabi/lib/thumb/v7e-m+fp/hard\libc_nano.a(libc_a-findfp.o) (_fwalk_sglue)
C:/ST/STM32CubeIDE_1.15.1/STM32CubeIDE/plugins/com.st.stm32cube.ide.mcu.externaltools.gnu-tools-for-stm32.12.3.rel1.win32_1.0.200.202406191623/tools/bin/../lib/gcc/arm-none-eabi/12.3.1/../../../../arm-none-eabi/lib/thumb/v7e-m+fp/hard\libc_nano.a(libc_a-stdio.o)
                              C:/ST/STM32CubeIDE_1.15.1/STM32CubeIDE/plugins/com.st.stm32cube.ide.mcu.externaltools.gnu-tools-for-stm32.12.3.rel1.win32_1.0.200.202406191623/tools/bin/../lib/gcc/arm-none-eabi/12.3.1/../../../../arm-none-eabi/lib/thumb/v7e-m+fp/hard\libc_nano.a(libc_a-findfp.o) (__sread)
C:/ST/STM32CubeIDE_1.15.1/STM32CubeIDE/plugins/com.st.stm32cube.ide.mcu.externaltools.gnu-tools-for-stm32.12.3.rel1.win32_1.0.200.202406191623/tools/bin/../lib/gcc/arm-none-eabi/12.3.1/../../../../arm-none-eabi/lib/thumb/v7e-m+fp/hard\libc_nano.a(libc_a-memset.o)
                              C:/ST/STM32CubeIDE_1.15.1/STM32CubeIDE/plugins/com.st.stm32cube.ide.mcu.externaltools.gnu-tools-for-stm32.12.3.rel1.win32_1.0.200.202406191623/tools/bin/../lib/gcc/arm-none-eabi/12.3.1/../../../../arm-none-eabi/lib/thumb/v7e-m+fp/hard/crt0.o (memset)
C:/ST/STM32CubeIDE_1.15.1/STM32CubeIDE/plugins/com.st.stm32cube.ide.mcu.externaltools.gnu-tools-for-stm32.12.3.rel1.win32_1.0.200.202406191623/tools/bin/../lib/gcc/arm-none-eabi/12.3.1/../../../../arm-none-eabi/lib/thumb/v7e-m+fp/hard\libc_nano.a(libc_a-closer.o)
                              C:/ST/STM32CubeIDE_1.15.1/STM32CubeIDE/plugins/com.st.stm32cube.ide.mcu.externaltools.gnu-tools-for-stm32.12.3.rel1.win32_1.0.200.202406191623/tools/bin/../lib/gcc/arm-none-eabi/12.3.1/../../../../arm-none-eabi/lib/thumb/v7e-m+fp/hard\libc_nano.a(libc_a-stdio.o) (_close_r)
[...]
Memory Configuration

Name             Origin             Length             Attributes
RAM              0x20000000         0x00020000         xrw
FLASH            0x08000000         0x00040000         xr
*default*        0x00000000         0xffffffff

Linker script and memory map

LOAD C:/ST/STM32CubeIDE_1.15.1/STM32CubeIDE/plugins/com.st.stm32cube.ide.mcu.externaltools.gnu-tools-for-stm32.12.3.rel1.win32_1.0.200.202406191623/tools/bin/../lib/gcc/arm-none-eabi/12.3.1/thumb/v7e-m+fp/hard/crti.o
LOAD C:/ST/STM32CubeIDE_1.15.1/STM32CubeIDE/plugins/com.st.stm32cube.ide.mcu.externaltools.gnu-tools-for-stm32.12.3.rel1.win32_1.0.200.202406191623/tools/bin/../lib/gcc/arm-none-eabi/12.3.1/thumb/v7e-m+fp/hard/crtbegin.o
LOAD C:/ST/STM32CubeIDE_1.15.1/STM32CubeIDE/plugins/com.st.stm32cube.ide.mcu.externaltools.gnu-tools-for-stm32.12.3.rel1.win32_1.0.200.202406191623/tools/bin/../lib/gcc/arm-none-eabi/12.3.1/../../../../arm-none-eabi/lib/thumb/v7e-m+fp/hard/crt0.o
LOAD ./Core/Src/BME280/bme280.o
LOAD ./Core/Src/FIR_FILTER.o
LOAD ./Core/Src/LSM6DSLTR.o
LOAD ./Core/Src/kalman.o
LOAD ./Core/Src/main.o
LOAD ./Core/Src/stm32f4xx_hal_msp.o
LOAD ./Core/Src/stm32f4xx_it.o
LOAD ./Core/Src/syscalls.o
LOAD ./Core/Src/sysmem.o
LOAD ./Core/Src/system_stm32f4xx.o
LOAD ./Core/Startup/startup_stm32f446rctx.o
LOAD ./Drivers/STM32F4xx_HAL_Driver/Src/stm32f4xx_hal.o
LOAD ./Drivers/STM32F4xx_HAL_Driver/Src/stm32f4xx_hal_cortex.o
LOAD ./Drivers/STM32F4xx_HAL_Driver/Src/stm32f4xx_hal_dma.o
LOAD ./Drivers/STM32F4xx_HAL_Driver/Src/stm32f4xx_hal_dma_ex.o
LOAD ./Drivers/STM32F4xx_HAL_Driver/Src/stm32f4xx_hal_exti.o
LOAD ./Drivers/STM32F4xx_HAL_Driver/Src/stm32f4xx_hal_flash.o
LOAD ./Drivers/STM32F4xx_HAL_Driver/Src/stm32f4xx_hal_flash_ex.o
LOAD ./Drivers/STM32F4xx_HAL_Driver/Src/stm32f4xx_hal_flash_ramfunc.o
LOAD ./Drivers/STM32F4xx_HAL_Driver/Src/stm32f4xx_hal_gpio.o
LOAD ./Drivers/STM32F4xx_HAL_Driver/Src/stm32f4xx_hal_i2c.o
LOAD ./Drivers/STM32F4xx_HAL_Driver/Src/stm32f4xx_hal_i2c_ex.o
LOAD ./Drivers/STM32F4xx_HAL_Driver/Src/stm32f4xx_hal_pwr.o
LOAD ./Drivers/STM32F4xx_HAL_Driver/Src/stm32f4xx_hal_pwr_ex.o
LOAD ./Drivers/STM32F4xx_HAL_Driver/Src/stm32f4xx_hal_rcc.o
LOAD ./Drivers/STM32F4xx_HAL_Driver/Src/stm32f4xx_hal_rcc_ex.o
LOAD ./Drivers/STM32F4xx_HAL_Driver/Src/stm32f4xx_hal_spi.o
LOAD ./Drivers/STM32F4xx_HAL_Driver/Src/stm32f4xx_hal_tim.o
LOAD ./Drivers/STM32F4xx_HAL_Driver/Src/stm32f4xx_hal_tim_ex.o
LOAD ./Drivers/STM32F4xx_HAL_Driver/Src/stm32f4xx_hal_uart.o
LOAD ./FATFS/App/fatfs.o
LOAD ./FATFS/Target/user_diskio.o
LOAD ./Middlewares/Third_Party/FatFs/src/diskio.o
LOAD ./Middlewares/Third_Party/FatFs/src/ff.o
LOAD ./Middlewares/Third_Party/FatFs/src/ff_gen_drv.o
LOAD ./Middlewares/Third_Party/FatFs/src/option/syscall.o
START GROUP
LOAD C:/ST/STM32CubeIDE_1.15.1/STM32CubeIDE/plugins/com.st.stm32cube.ide.mcu.externaltools.gnu-tools-for-stm32.12.3.rel1.win32_1.0.200.202406191623/tools/bin/../lib/gcc/arm-none-eabi/12.3.1/../../../../arm-none-eabi/lib/thumb/v7e-m+fp/hard\libc_nano.a
LOAD C:/ST/STM32CubeIDE_1.15.1/STM32CubeIDE/plugins/com.st.stm32cube.ide.mcu.externaltools.gnu-tools-for-stm32.12.3.rel1.win32_1.0.200.202406191623/tools/bin/../lib/gcc/arm-none-eabi/12.3.1/../../../../arm-none-eabi/lib/thumb/v7e-m+fp/hard\libm.a
END GROUP
START GROUP
LOAD C:/ST/STM32CubeIDE_1.15.1/STM32CubeIDE/plugins/com.st.stm32cube.ide.mcu.externaltools.gnu-tools-for-stm32.12.3.rel1.win32_1.0.200.202406191623/tools/bin/../lib/gcc/arm-none-eabi/12.3.1/thumb/v7e-m+fp/hard\libgcc.a
LOAD C:/ST/STM32CubeIDE_1.15.1/STM32CubeIDE/plugins/com.st.stm32cube.ide.mcu.externaltools.gnu-tools-for-stm32.12.3.rel1.win32_1.0.200.202406191623/tools/bin/../lib/gcc/arm-none-eabi/12.3.1/../../../../arm-none-eabi/lib/thumb/v7e-m+fp/hard\libc_nano.a
END GROUP
START GROUP
LOAD C:/ST/STM32CubeIDE_1.15.1/STM32CubeIDE/plugins/com.st.stm32cube.ide.mcu.externaltools.gnu-tools-for-stm32.12.3.rel1.win32_1.0.200.202406191623/tools/bin/../lib/gcc/arm-none-eabi/12.3.1/thumb/v7e-m+fp/hard\libgcc.a
LOAD C:/ST/STM32CubeIDE_1.15.1/STM32CubeIDE/plugins/com.st.stm32cube.ide.mcu.externaltools.gnu-tools-for-stm32.12.3.rel1.win32_1.0.200.202406191623/tools/bin/../lib/gcc/arm-none-eabi/12.3.1/../../../../arm-none-eabi/lib/thumb/v7e-m+fp/hard\libc_nano.a
LOAD C:/ST/STM32CubeIDE_1.15.1/STM32CubeIDE/plugins/com.st.stm32cube.ide.mcu.externaltools.gnu-tools-for-stm32.12.3.rel1.win32_1.0.200.202406191623/tools/bin/../lib/gcc/arm-none-eabi/12.3.1/../../../../arm-none-eabi/lib/thumb/v7e-m+fp/hard\libnosys.a
END GROUP
START GROUP
LOAD C:/ST/STM32CubeIDE_1.15.1/STM32CubeIDE/plugins/com.st.stm32cube.ide.mcu.externaltools.gnu-tools-for-stm32.12.3.rel1.win32_1.0.200.202406191623/tools/bin/../lib/gcc/arm-none-eabi/12.3.1/thumb/v7e-m+fp/hard\libgcc.a
LOAD C:/ST/STM32CubeIDE_1.15.1/STM32CubeIDE/plugins/com.st.stm32cube.ide.mcu.externaltools.gnu-tools-for-stm32.12.3.rel1.win32_1.0.200.202406191623/tools/bin/../lib/gcc/arm-none-eabi/12.3.1/../../../../arm-none-eabi/lib/thumb/v7e-m+fp/hard\libc_nano.a
LOAD C:/ST/STM32CubeIDE_1.15.1/STM32CubeIDE/plugins/com.st.stm32cube.ide.mcu.externaltools.gnu-tools-for-stm32.12.3.rel1.win32_1.0.200.202406191623/tools/bin/../lib/gcc/arm-none-eabi/12.3.1/../../../../arm-none-eabi/lib/thumb/v7e-m+fp/hard\libnosys.a
END GROUP
LOAD C:/ST/STM32CubeIDE_1.15.1/STM32CubeIDE/plugins/com.st.stm32cube.ide.mcu.externaltools.gnu-tools-for-stm32.12.3.rel1.win32_1.0.200.202406191623/tools/bin/../lib/gcc/arm-none-eabi/12.3.1/thumb/v7e-m+fp/hard/crtend.o
LOAD C:/ST/STM32CubeIDE_1.15.1/STM32CubeIDE/plugins/com.st.stm32cube.ide.mcu.externaltools.gnu-tools-for-stm32.12.3.rel1.win32_1.0.200.202406191623/tools/bin/../lib/gcc/arm-none-eabi/12.3.1/thumb/v7e-m+fp/hard/crtn.o
                0x20020000                        _estack = (ORIGIN (RAM) + LENGTH (RAM))
                0x00000200                        _Min_Heap_Size = 0x200
                0x00000400                        _Min_Stack_Size = 0x400

.isr_vector     0x08000000      0x1c4
                0x08000000                        . = ALIGN (0x4)
 *(.isr_vector)
 .isr_vector    0x08000000      0x1c4 ./Core/Startup/startup_stm32f446rctx.o
                0x08000000                g_pfnVectors
                0x080001c4                        . = ALIGN (0x4)

.text           0x080001c8     0xa094
                0x080001c8                        . = ALIGN (0x4)
 *(.text)
 .text          0x080001c8       0x40 C:/ST/STM32CubeIDE_1.15.1/STM32CubeIDE/plugins/com.st.stm32cube.ide.mcu.externaltools.gnu-tools-for-stm32.12.3.rel1.win32_1.0.200.202406191623/tools/bin/../lib/gcc/arm-none-eabi/12.3.1/thumb/v7e-m+fp/hard/crtbegin.o
 .text          0x08000208      0x378 C:/ST/STM32CubeIDE_1.15.1/STM32CubeIDE/plugins/com.st.stm32cube.ide.mcu.externaltools.gnu-tools-for-stm32.12.3.rel1.win32_1.0.200.202406191623/tools/bin/../lib/gcc/arm-none-eabi/12.3.1/thumb/v7e-m+fp/hard\libgcc.a(_arm_addsubdf3.o)
                0x08000208                __aeabi_drsub
                0x08000210                __aeabi_dsub
                0x08000210                __subdf3
                0x08000214                __aeabi_dadd
                0x08000214                __adddf3
                0x0800048c                __floatunsidf
                0x0800048c                __aeabi_ui2d
                0x080004ac                __floatsidf
                0x080004ac                __aeabi_i2d
                0x080004d0                __aeabi_f2d
                0x080004d0                __extendsfdf2
                0x08000514                __floatundidf
                0x08000514                __aeabi_ul2d
                0x08000524                __floatdidf
                0x08000524                __aeabi_l2d
 .text          0x08000580      0x424 C:/ST/STM32CubeIDE_1.15.1/STM32CubeIDE/plugins/com.st.stm32cube.ide.mcu.externaltools.gnu-tools-for-stm32.12.3.rel1.win32_1.0.200.202406191623/tools/bin/../lib/gcc/arm-none-eabi/12.3.1/thumb/v7e-m+fp/hard\libgcc.a(_arm_muldivdf3.o)
                0x08000580                __aeabi_dmul
                0x08000580                __muldf3
                0x080007d4                __divdf3
                0x080007d4                __aeabi_ddiv
 .text          0x080009a4      0x110 C:/ST/STM32CubeIDE_1.15.1/STM32CubeIDE/plugins/com.st.stm32cube.ide.mcu.externaltools.gnu-tools-for-stm32.12.3.rel1.win32_1.0.200.202406191623/tools/bin/../lib/gcc/arm-none-eabi/12.3.1/thumb/v7e-m+fp/hard\libgcc.a(_arm_cmpdf2.o)
                0x080009a4                __gtdf2
                0x080009a4                __gedf2
                0x080009ac                __ltdf2
                0x080009ac                __ledf2
                0x080009b4                __nedf2
                0x080009b4                __eqdf2
                0x080009b4                __cmpdf2
                0x08000a30                __aeabi_cdrcmple
                0x08000a40                __aeabi_cdcmpeq
                0x08000a40                __aeabi_cdcmple
                0x08000a50                __aeabi_dcmpeq
                0x08000a64                __aeabi_dcmplt
                0x08000a78                __aeabi_dcmple
                0x08000a8c                __aeabi_dcmpge
                0x08000aa0                __aeabi_dcmpgt
 .text          0x08000ab4       0x2c C:/ST/STM32CubeIDE_1.15.1/STM32CubeIDE/plugins/com.st.stm32cube.ide.mcu.externaltools.gnu-tools-for-stm32.12.3.rel1.win32_1.0.200.202406191623/tools/bin/../lib/gcc/arm-none-eabi/12.3.1/thumb/v7e-m+fp/hard\libgcc.a(_arm_unorddf2.o)
                0x08000ab4                __unorddf2
                0x08000ab4                __aeabi_dcmpun
 .text          0x08000ae0       0xa0 C:/ST/STM32CubeIDE_1.15.1/STM32CubeIDE/plugins/com.st.stm32cube.ide.mcu.externaltools.gnu-tools-for-stm32.12.3.rel1.win32_1.0.200.202406191623/tools/bin/../lib/gcc/arm-none-eabi/12.3.1/thumb/v7e-m+fp/hard\libgcc.a(_arm_truncdfsf2.o)
                0x08000ae0                __truncdfsf2
                0x08000ae0                __aeabi_d2f
 .text          0x08000b80       0xa0 C:/ST/STM32CubeIDE_1.15.1/STM32CubeIDE/plugins/com.st.stm32cube.ide.mcu.externaltools.gnu-tools-for-stm32.12.3.rel1.win32_1.0.200.202406191623/tools/bin/../lib/gcc/arm-none-eabi/12.3.1/thumb/v7e-m+fp/hard\libgcc.a(_aeabi_ldivmod.o)
                0x08000b80                __aeabi_ldivmod
 .text          0x08000c20       0x30 C:/ST/STM32CubeIDE_1.15.1/STM32CubeIDE/plugins/com.st.stm32cube.ide.mcu.externaltools.gnu-tools-for-stm32.12.3.rel1.win32_1.0.200.202406191623/tools/bin/../lib/gcc/arm-none-eabi/12.3.1/thumb/v7e-m+fp/hard\libgcc.a(_aeabi_uldivmod.o)
                0x08000c20                __aeabi_uldivmod
 .text          0x08000c50      0x2bc C:/ST/STM32CubeIDE_1.15.1/STM32CubeIDE/plugins/com.st.stm32cube.ide.mcu.externaltools.gnu-tools-for-stm32.12.3.rel1.win32_1.0.200.202406191623/tools/bin/../lib/gcc/arm-none-eabi/12.3.1/thumb/v7e-m+fp/hard\libgcc.a(_udivmoddi4.o)
                0x08000c50                __udivmoddi4
 .text          0x08000f0c        0x4 C:/ST/STM32CubeIDE_1.15.1/STM32CubeIDE/plugins/com.st.stm32cube.ide.mcu.externaltools.gnu-tools-for-stm32.12.3.rel1.win32_1.0.200.202406191623/tools/bin/../lib/gcc/arm-none-eabi/12.3.1/thumb/v7e-m+fp/hard\libgcc.a(_dvmd_tls.o)
                0x08000f0c                __aeabi_idiv0
                0x08000f0c                __aeabi_ldiv0
 *(.text*)
 .text.bme280_init
                0x08000f10       0x96 ./Core/Src/BME280/bme280.o
                0x08000f10                bme280_init
 .text.bme280_get_regs
                0x08000fa6       0x60 ./Core/Src/BME280/bme280.o
                0x08000fa6                bme280_get_regs
 .text.bme280_set_regs
                0x08001006       0xf2 ./Core/Src/BME280/bme280.o
                0x08001006                bme280_set_regs
 .text.bme280_set_sensor_settings
                0x080010f8       0xaa ./Core/Src/BME280/bme280.o
                0x080010f8                bme280_set_sensor_settings
 .text.bme280_set_sensor_mode
                0x080011a2       0x68 ./Core/Src/BME280/bme280.o
                0x080011a2                bme280_set_sensor_mode
 .text.bme280_get_sensor_mode
                0x0800120a       0x46 ./Core/Src/BME280/bme280.o
                0x0800120a                bme280_get_sensor_mode
 .text.bme280_soft_reset
                0x08001250       0x4a ./Core/Src/BME280/bme280.o
                0x08001250                bme280_soft_reset
 .text.bme280_get_sensor_data
                0x0800129a       0x92 ./Core/Src/BME280/bme280.o
                0x0800129a                bme280_get_sensor_data
 .text.bme280_parse_sensor_data
                0x0800132c       0x8c ./Core/Src/BME280/bme280.o
                0x0800132c                bme280_parse_sensor_data
 .text.bme280_compensate_data
                0x080013b8       0x92 ./Core/Src/BME280/bme280.o
                0x080013b8                bme280_compensate_data
 .text.set_osr_settings
                0x0800144a       0x4e ./Core/Src/BME280/bme280.o
 .text.set_osr_humidity_settings
                0x08001498       0x74 ./Core/Src/BME280/bme280.o
 .text.set_osr_press_temp_settings
                0x0800150c       0x78 ./Core/Src/BME280/bme280.o
 .text.set_filter_standby_settings
                0x08001584       0x78 ./Core/Src/BME280/bme280.o
 .text.fill_filter_settings
                0x080015fc       0x3a ./Core/Src/BME280/bme280.o
 .text.fill_standby_settings
                0x08001636       0x34 ./Core/Src/BME280/bme280.o
 .text.fill_osr_press_settings
                0x0800166a       0x3a ./Core/Src/BME280/bme280.o
 .text.fill_osr_temp_settings
                0x080016a4       0x34 ./Core/Src/BME280/bme280.o
 .text.parse_device_settings
                0x080016d8       0x68 ./Core/Src/BME280/bme280.o
 .text.write_power_mode
                0x08001740       0x66 ./Core/Src/BME280/bme280.o
 .text.put_device_to_sleep
                0x080017a6       0x60 ./Core/Src/BME280/bme280.o
 .text.reload_device_settings
                0x08001806       0x3a ./Core/Src/BME280/bme280.o
 .text.compensate_temperature
                0x08001840       0xc4 ./Core/Src/BME280/bme280.o
 .text.compensate_pressure
                0x08001904      0x748 ./Core/Src/BME280/bme280.o
 .text.compensate_humidity
                0x0800204c      0x158 ./Core/Src/BME280/bme280.o
 .text.get_calib_data
                0x080021a4       0x8a ./Core/Src/BME280/bme280.o
 .text.interleave_reg_addr
                0x0800222e       0x58 ./Core/Src/BME280/bme280.o
 .text.parse_temp_press_calib_data
                0x08002286      0x160 ./Core/Src/BME280/bme280.o
 .text.parse_humidity_calib_data
                0x080023e6       0x9e ./Core/Src/BME280/bme280.o
 .text.are_settings_changed
                0x08002484       0x38 ./Core/Src/BME280/bme280.o
 .text.null_ptr_check
                0x080024bc       0x40 ./Core/Src/BME280/bme280.o
 .text.LSM6DSLTR_Init
                0x080024fc       0xa0 ./Core/Src/LSM6DSLTR.o
                0x080024fc                LSM6DSLTR_Init
 *fill*         0x0800259c        0x4 
 .text.LSM6DSLTR_Read_Accel_Data
                0x080025a0      0x1b4 ./Core/Src/LSM6DSLTR.o
                0x080025a0                LSM6DSLTR_Read_Accel_Data
 .text.LSM6DSLTR_Read_Gyro_Data
                0x08002754      0x134 ./Core/Src/LSM6DSLTR.o
                0x08002754                LSM6DSLTR_Read_Gyro_Data
 .text.KalmanFilter_Init
                0x08002888       0x42 ./Core/Src/kalman.o
                0x08002888                KalmanFilter_Init
 *fill*         0x080028ca        0x2 
 .text.KalmanFilter_Update
                0x080028cc       0xc4 ./Core/Src/kalman.o
                0x080028cc                KalmanFilter_Update
 .text.HAL_UART_RxCpltCallback
                0x08002990       0x68 ./Core/Src/main.o
                0x08002990                HAL_UART_RxCpltCallback
 .text.HAL_TIM_PeriodElapsedCallback
                0x080029f8       0xc8 ./Core/Src/main.o
                0x080029f8                HAL_TIM_PeriodElapsedCallback
 .text.main     0x08002ac0      0xe4c ./Core/Src/main.o
                0x08002ac0                main
 .text.SystemClock_Config
                0x0800390c       0xd8 ./Core/Src/main.o
                0x0800390c                SystemClock_Config
 .text.MX_I2C1_Init
                0x080039e4       0x5c ./Core/Src/main.o
 .text.MX_TIM6_Init
                0x08003a40       0x6c ./Core/Src/main.o
 .text.MX_TIM10_Init
                0x08003aac       0x48 ./Core/Src/main.o
 .text.MX_USART6_UART_Init
                0x08003af4       0x54 ./Core/Src/main.o
 .text.MX_GPIO_Init
                0x08003b48      0x188 ./Core/Src/main.o
 .text.BME_I2C_Testsensor
                0x08003cd0       0x30 ./Core/Src/main.o
                0x08003cd0                BME_I2C_Testsensor
 .text.LSM_I2C_Testsensor
                0x08003d00       0x30 ./Core/Src/main.o
                0x08003d00                LSM_I2C_Testsensor
 .text.BME280_Get_Altitude
                0x08003d30       0xc4 ./Core/Src/main.o
                0x08003d30                BME280_Get_Altitude
 .text.user_i2c_read
                0x08003df4       0x70 ./Core/Src/main.o
                0x08003df4                user_i2c_read
 .text.user_delay_ms
                0x08003e64       0x16 ./Core/Src/main.o
                0x08003e64                user_delay_ms
 *fill*         0x08003e7a        0x2 
 .text.user_i2c_write
                0x08003e7c       0x78 ./Core/Src/main.o
                0x08003e7c                user_i2c_write
 .text.Buzzer   0x08003ef4       0xa8 ./Core/Src/main.o
                0x08003ef4                Buzzer
 .text.Altitude_Offset
                0x08003f9c       0x88 ./Core/Src/main.o
                0x08003f9c                Altitude_Offset
 .text.compare_arrays
                0x08004024       0x4a ./Core/Src/main.o
                0x08004024                compare_arrays
 *fill*         0x0800406e        0x2 
 .text.MEGU_TX_BUF_FILL
                0x08004070      0x194 ./Core/Src/main.o
                0x08004070                MEGU_TX_BUF_FILL
 .text.bme_config
                0x08004204       0x78 ./Core/Src/main.o
                0x08004204                bme_config
 .text.Error_Handler
                0x0800427c        0xc ./Core/Src/main.o
                0x0800427c                Error_Handler
 .text.HAL_MspInit
                0x08004288       0x50 ./Core/Src/stm32f4xx_hal_msp.o
                0x08004288                HAL_MspInit
 .text.HAL_I2C_MspInit
                0x080042d8       0x90 ./Core/Src/stm32f4xx_hal_msp.o
                0x080042d8                HAL_I2C_MspInit
 .text.HAL_TIM_Base_MspInit
                0x08004368       0x8c ./Core/Src/stm32f4xx_hal_msp.o
                0x08004368                HAL_TIM_Base_MspInit
 .text.HAL_UART_MspInit
                0x080043f4       0xa0 ./Core/Src/stm32f4xx_hal_msp.o
                0x080043f4                HAL_UART_MspInit
 .text.NMI_Handler
                0x08004494        0x8 ./Core/Src/stm32f4xx_it.o
                0x08004494                NMI_Handler
 .text.HardFault_Handler
                0x0800449c        0x8 ./Core/Src/stm32f4xx_it.o
                0x0800449c                HardFault_Handler
 .text.MemManage_Handler
                0x080044a4        0x8 ./Core/Src/stm32f4xx_it.o
                0x080044a4                MemManage_Handler
 .text.BusFault_Handler
                0x080044ac        0x8 ./Core/Src/stm32f4xx_it.o
                0x080044ac                BusFault_Handler
 .text.UsageFault_Handler
                0x080044b4        0x8 ./Core/Src/stm32f4xx_it.o
                0x080044b4                UsageFault_Handler
 .text.SVC_Handler
                0x080044bc        0xe ./Core/Src/stm32f4xx_it.o
                0x080044bc                SVC_Handler
 .text.DebugMon_Handler
                0x080044ca        0xe ./Core/Src/stm32f4xx_it.o
                0x080044ca                DebugMon_Handler
 .text.PendSV_Handler
                0x080044d8        0xe ./Core/Src/stm32f4xx_it.o
                0x080044d8                PendSV_Handler
 .text.SysTick_Handler
                0x080044e6        0xc ./Core/Src/stm32f4xx_it.o
                0x080044e6                SysTick_Handler
 *fill*         0x080044f2        0x2 
 .text.TIM1_UP_TIM10_IRQHandler
                0x080044f4       0x14 ./Core/Src/stm32f4xx_it.o
                0x080044f4                TIM1_UP_TIM10_IRQHandler
 .text.TIM6_DAC_IRQHandler
                0x08004508       0x14 ./Core/Src/stm32f4xx_it.o
                0x08004508                TIM6_DAC_IRQHandler
 .text.USART6_IRQHandler
                0x0800451c       0x14 ./Core/Src/stm32f4xx_it.o
                0x0800451c                USART6_IRQHandler
 .text._sbrk    0x08004530       0x6c ./Core/Src/sysmem.o
                0x08004530                _sbrk
 .text.SystemInit
                0x0800459c       0x24 ./Core/Src/system_stm32f4xx.o
                0x0800459c                SystemInit
 .text.Reset_Handler
                0x080045c0       0x50 ./Core/Startup/startup_stm32f446rctx.o
                0x080045c0                Reset_Handler
 .text.Default_Handler
                0x08004610        0x2 ./Core/Startup/startup_stm32f446rctx.o
                0x08004610                RTC_Alarm_IRQHandler
                0x08004610                EXTI2_IRQHandler
                0x08004610                TIM8_CC_IRQHandler
                0x08004610                FMPI2C1_EV_IRQHandler
                0x08004610                SPI4_IRQHandler
                0x08004610                TIM1_CC_IRQHandler
                0x08004610                DMA2_Stream5_IRQHandler
                0x08004610                DMA1_Stream5_IRQHandler
                0x08004610                PVD_IRQHandler
                0x08004610                SDIO_IRQHandler
                0x08004610                TAMP_STAMP_IRQHandler
                0x08004610                CAN2_RX1_IRQHandler
                0x08004610                EXTI3_IRQHandler
                0x08004610                TIM8_TRG_COM_TIM14_IRQHandler
                0x08004610                TIM8_UP_TIM13_IRQHandler
                0x08004610                I2C3_ER_IRQHandler
                0x08004610                EXTI0_IRQHandler
                0x08004610                I2C2_EV_IRQHandler
                0x08004610                DMA1_Stream2_IRQHandler
                0x08004610                CAN1_RX0_IRQHandler
                0x08004610                FPU_IRQHandler
                0x08004610                OTG_HS_WKUP_IRQHandler
                0x08004610                CAN2_SCE_IRQHandler
                0x08004610                DMA2_Stream2_IRQHandler
                0x08004610                SPI1_IRQHandler
                0x08004610                TIM1_BRK_TIM9_IRQHandler
                0x08004610                DCMI_IRQHandler
                0x08004610                CAN2_RX0_IRQHandler
                0x08004610                DMA2_Stream3_IRQHandler
                0x08004610                SAI2_IRQHandler
                0x08004610                USART3_IRQHandler
                0x08004610                CAN1_RX1_IRQHandler
                0x08004610                UART5_IRQHandler
                0x08004610                DMA2_Stream0_IRQHandler
                0x08004610                TIM4_IRQHandler
                0x08004610                QUADSPI_IRQHandler
                0x08004610                I2C1_EV_IRQHandler
                0x08004610                DMA1_Stream6_IRQHandler
                0x08004610                DMA1_Stream1_IRQHandler
                0x08004610                UART4_IRQHandler
                0x08004610                TIM3_IRQHandler
                0x08004610                RCC_IRQHandler
                0x08004610                TIM8_BRK_TIM12_IRQHandler
                0x08004610                Default_Handler
                0x08004610                CEC_IRQHandler
                0x08004610                EXTI15_10_IRQHandler
                0x08004610                ADC_IRQHandler
                0x08004610                DMA1_Stream7_IRQHandler
                0x08004610                TIM7_IRQHandler
                0x08004610                CAN2_TX_IRQHandler
                0x08004610                TIM5_IRQHandler
                0x08004610                DMA2_Stream7_IRQHandler
                0x08004610                I2C3_EV_IRQHandler
                0x08004610                EXTI9_5_IRQHandler
                0x08004610                RTC_WKUP_IRQHandler
                0x08004610                SPDIF_RX_IRQHandler
                0x08004610                SPI2_IRQHandler
                0x08004610                OTG_HS_EP1_IN_IRQHandler
                0x08004610                DMA1_Stream0_IRQHandler
                0x08004610                CAN1_TX_IRQHandler
                0x08004610                FMPI2C1_ER_IRQHandler
                0x08004610                EXTI4_IRQHandler
                0x08004610                OTG_HS_EP1_OUT_IRQHandler
                0x08004610                WWDG_IRQHandler
                0x08004610                TIM2_IRQHandler
                0x08004610                OTG_FS_WKUP_IRQHandler
                0x08004610                TIM1_TRG_COM_TIM11_IRQHandler
                0x08004610                OTG_HS_IRQHandler
                0x08004610                EXTI1_IRQHandler
                0x08004610                USART2_IRQHandler
                0x08004610                I2C2_ER_IRQHandler
                0x08004610                DMA2_Stream1_IRQHandler
                0x08004610                CAN1_SCE_IRQHandler
                0x08004610                FLASH_IRQHandler
                0x08004610                DMA2_Stream4_IRQHandler
                0x08004610                USART1_IRQHandler
                0x08004610                OTG_FS_IRQHandler
                0x08004610                SPI3_IRQHandler
                0x08004610                DMA1_Stream4_IRQHandler
                0x08004610                I2C1_ER_IRQHandler
                0x08004610                FMC_IRQHandler
                0x08004610                DMA2_Stream6_IRQHandler
                0x08004610                SAI1_IRQHandler
                0x08004610                DMA1_Stream3_IRQHandler
 *fill*         0x08004612        0x2 
 .text.HAL_Init
                0x08004614       0x44 ./Drivers/STM32F4xx_HAL_Driver/Src/stm32f4xx_hal.o
                0x08004614                HAL_Init
 .text.HAL_InitTick
                0x08004658       0x60 ./Drivers/STM32F4xx_HAL_Driver/Src/stm32f4xx_hal.o
                0x08004658                HAL_InitTick
 .text.HAL_IncTick
                0x080046b8       0x28 ./Drivers/STM32F4xx_HAL_Driver/Src/stm32f4xx_hal.o
                0x080046b8                HAL_IncTick
 .text.HAL_GetTick
                0x080046e0       0x18 ./Drivers/STM32F4xx_HAL_Driver/Src/stm32f4xx_hal.o
                0x080046e0                HAL_GetTick
 .text.HAL_Delay
                0x080046f8       0x48 ./Drivers/STM32F4xx_HAL_Driver/Src/stm32f4xx_hal.o
                0x080046f8                HAL_Delay
 .text.__NVIC_SetPriorityGrouping
                0x08004740       0x48 ./Drivers/STM32F4xx_HAL_Driver/Src/stm32f4xx_hal_cortex.o
 .text.__NVIC_GetPriorityGrouping
                0x08004788       0x1c ./Drivers/STM32F4xx_HAL_Driver/Src/stm32f4xx_hal_cortex.o
 .text.__NVIC_EnableIRQ
                0x080047a4       0x3c ./Drivers/STM32F4xx_HAL_Driver/Src/stm32f4xx_hal_cortex.o
 .text.__NVIC_SetPriority
                0x080047e0       0x54 ./Drivers/STM32F4xx_HAL_Driver/Src/stm32f4xx_hal_cortex.o
 .text.NVIC_EncodePriority
                0x08004834       0x66 ./Drivers/STM32F4xx_HAL_Driver/Src/stm32f4xx_hal_cortex.o
 *fill*         0x0800489a        0x2 
 .text.SysTick_Config
                0x0800489c       0x44 ./Drivers/STM32F4xx_HAL_Driver/Src/stm32f4xx_hal_cortex.o
 .text.HAL_NVIC_SetPriorityGrouping
                0x080048e0       0x16 ./Drivers/STM32F4xx_HAL_Driver/Src/stm32f4xx_hal_cortex.o
                0x080048e0                HAL_NVIC_SetPriorityGrouping
 .text.HAL_NVIC_SetPriority
                0x080048f6       0x38 ./Drivers/STM32F4xx_HAL_Driver/Src/stm32f4xx_hal_cortex.o
                0x080048f6                HAL_NVIC_SetPriority
 .text.HAL_NVIC_EnableIRQ
                0x0800492e       0x1c ./Drivers/STM32F4xx_HAL_Driver/Src/stm32f4xx_hal_cortex.o
                0x0800492e                HAL_NVIC_EnableIRQ
 .text.HAL_SYSTICK_Config
                0x0800494a       0x18 ./Drivers/STM32F4xx_HAL_Driver/Src/stm32f4xx_hal_cortex.o
                0x0800494a                HAL_SYSTICK_Config
 .text.HAL_DMA_Abort
                0x08004962       0xe0 ./Drivers/STM32F4xx_HAL_Driver/Src/stm32f4xx_hal_dma.o
                0x08004962                HAL_DMA_Abort
 .text.HAL_DMA_Abort_IT
                0x08004a42       0x44 ./Drivers/STM32F4xx_HAL_Driver/Src/stm32f4xx_hal_dma.o
                0x08004a42                HAL_DMA_Abort_IT
 *fill*         0x08004a86        0x2 
 .text.HAL_GPIO_Init
                0x08004a88      0x328 ./Drivers/STM32F4xx_HAL_Driver/Src/stm32f4xx_hal_gpio.o
                0x08004a88                HAL_GPIO_Init
 .text.HAL_GPIO_ReadPin
                0x08004db0       0x30 ./Drivers/STM32F4xx_HAL_Driver/Src/stm32f4xx_hal_gpio.o
                0x08004db0                HAL_GPIO_ReadPin
 .text.HAL_GPIO_WritePin
                0x08004de0       0x32 ./Drivers/STM32F4xx_HAL_Driver/Src/stm32f4xx_hal_gpio.o
                0x08004de0                HAL_GPIO_WritePin
 .text.HAL_GPIO_TogglePin
                0x08004e12       0x34 ./Drivers/STM32F4xx_HAL_Driver/Src/stm32f4xx_hal_gpio.o
                0x08004e12                HAL_GPIO_TogglePin
 *fill*         0x08004e46        0x2 
 .text.HAL_I2C_Init
                0x08004e48      0x288 ./Drivers/STM32F4xx_HAL_Driver/Src/stm32f4xx_hal_i2c.o
                0x08004e48                HAL_I2C_Init
 .text.HAL_I2C_Master_Transmit
                0x080050d0      0x1fc ./Drivers/STM32F4xx_HAL_Driver/Src/stm32f4xx_hal_i2c.o
                0x080050d0                HAL_I2C_Master_Transmit
 .text.HAL_I2C_Master_Receive
                0x080052cc      0x44c ./Drivers/STM32F4xx_HAL_Driver/Src/stm32f4xx_hal_i2c.o
                0x080052cc                HAL_I2C_Master_Receive
 .text.HAL_I2C_Mem_Write
                0x08005718      0x1f4 ./Drivers/STM32F4xx_HAL_Driver/Src/stm32f4xx_hal_i2c.o
                0x08005718                HAL_I2C_Mem_Write
 .text.HAL_I2C_Mem_Read
                0x0800590c      0x44c ./Drivers/STM32F4xx_HAL_Driver/Src/stm32f4xx_hal_i2c.o
                0x0800590c                HAL_I2C_Mem_Read
 .text.HAL_I2C_IsDeviceReady
                0x08005d58      0x25c ./Drivers/STM32F4xx_HAL_Driver/Src/stm32f4xx_hal_i2c.o
                0x08005d58                HAL_I2C_IsDeviceReady
 .text.I2C_MasterRequestWrite
                0x08005fb4      0x104 ./Drivers/STM32F4xx_HAL_Driver/Src/stm32f4xx_hal_i2c.o
 .text.I2C_MasterRequestRead
                0x080060b8      0x19c ./Drivers/STM32F4xx_HAL_Driver/Src/stm32f4xx_hal_i2c.o
 .text.I2C_RequestMemoryWrite
                0x08006254      0x12c ./Drivers/STM32F4xx_HAL_Driver/Src/stm32f4xx_hal_i2c.o
 .text.I2C_RequestMemoryRead
                0x08006380      0x1d0 ./Drivers/STM32F4xx_HAL_Driver/Src/stm32f4xx_hal_i2c.o
 .text.I2C_WaitOnFlagUntilTimeout
                0x08006550       0xae ./Drivers/STM32F4xx_HAL_Driver/Src/stm32f4xx_hal_i2c.o
 .text.I2C_WaitOnMasterAddressFlagUntilTimeout
                0x080065fe       0xfe ./Drivers/STM32F4xx_HAL_Driver/Src/stm32f4xx_hal_i2c.o
 .text.I2C_WaitOnTXEFlagUntilTimeout
                0x080066fc       0x82 ./Drivers/STM32F4xx_HAL_Driver/Src/stm32f4xx_hal_i2c.o
 .text.I2C_WaitOnBTFFlagUntilTimeout
                0x0800677e       0x82 ./Drivers/STM32F4xx_HAL_Driver/Src/stm32f4xx_hal_i2c.o
 .text.I2C_WaitOnRXNEFlagUntilTimeout
                0x08006800       0xac ./Drivers/STM32F4xx_HAL_Driver/Src/stm32f4xx_hal_i2c.o
 .text.I2C_IsAcknowledgeFailed
                0x080068ac       0x5e ./Drivers/STM32F4xx_HAL_Driver/Src/stm32f4xx_hal_i2c.o
 *fill*         0x0800690a        0x2 
 .text.HAL_RCC_ClockConfig
                0x0800690c      0x1cc ./Drivers/STM32F4xx_HAL_Driver/Src/stm32f4xx_hal_rcc.o
                0x0800690c                HAL_RCC_ClockConfig
 .text.HAL_RCC_GetHCLKFreq
                0x08006ad8       0x18 ./Drivers/STM32F4xx_HAL_Driver/Src/stm32f4xx_hal_rcc.o
                0x08006ad8                HAL_RCC_GetHCLKFreq
 .text.HAL_RCC_GetPCLK1Freq
                0x08006af0       0x28 ./Drivers/STM32F4xx_HAL_Driver/Src/stm32f4xx_hal_rcc.o
                0x08006af0                HAL_RCC_GetPCLK1Freq
 .text.HAL_RCC_GetPCLK2Freq
                0x08006b18       0x28 ./Drivers/STM32F4xx_HAL_Driver/Src/stm32f4xx_hal_rcc.o
                0x08006b18                HAL_RCC_GetPCLK2Freq
 .text.HAL_RCC_GetSysClockFreq
                0x08006b40      0x460 ./Drivers/STM32F4xx_HAL_Driver/Src/stm32f4xx_hal_rcc_ex.o
                0x08006b40                HAL_RCC_GetSysClockFreq
 .text.HAL_RCC_OscConfig
                0x08006fa0      0x53c ./Drivers/STM32F4xx_HAL_Driver/Src/stm32f4xx_hal_rcc_ex.o
                0x08006fa0                HAL_RCC_OscConfig
 .text.HAL_TIM_Base_Init
                0x080074dc       0x9e ./Drivers/STM32F4xx_HAL_Driver/Src/stm32f4xx_hal_tim.o
                0x080074dc                HAL_TIM_Base_Init
 *fill*         0x0800757a        0x2 
 .text.HAL_TIM_Base_Start_IT
                0x0800757c       0xe0 ./Drivers/STM32F4xx_HAL_Driver/Src/stm32f4xx_hal_tim.o
                0x0800757c                HAL_TIM_Base_Start_IT
 .text.HAL_TIM_IRQHandler
                0x0800765c      0x210 ./Drivers/STM32F4xx_HAL_Driver/Src/stm32f4xx_hal_tim.o
                0x0800765c                HAL_TIM_IRQHandler
 .text.HAL_TIM_OC_DelayElapsedCallback
                0x0800786c       0x14 ./Drivers/STM32F4xx_HAL_Driver/Src/stm32f4xx_hal_tim.o
                0x0800786c                HAL_TIM_OC_DelayElapsedCallback
 .text.HAL_TIM_IC_CaptureCallback
                0x08007880       0x14 ./Drivers/STM32F4xx_HAL_Driver/Src/stm32f4xx_hal_tim.o
                0x08007880                HAL_TIM_IC_CaptureCallback
 .text.HAL_TIM_PWM_PulseFinishedCallback
                0x08007894       0x14 ./Drivers/STM32F4xx_HAL_Driver/Src/stm32f4xx_hal_tim.o
                0x08007894                HAL_TIM_PWM_PulseFinishedCallback
 .text.HAL_TIM_TriggerCallback
                0x080078a8       0x14 ./Drivers/STM32F4xx_HAL_Driver/Src/stm32f4xx_hal_tim.o
                0x080078a8                HAL_TIM_TriggerCallback
 .text.TIM_Base_SetConfig
                0x080078bc      0x140 ./Drivers/STM32F4xx_HAL_Driver/Src/stm32f4xx_hal_tim.o
                0x080078bc                TIM_Base_SetConfig
 .text.HAL_TIMEx_MasterConfigSynchronization
                0x080079fc       0xf8 ./Drivers/STM32F4xx_HAL_Driver/Src/stm32f4xx_hal_tim_ex.o
                0x080079fc                HAL_TIMEx_MasterConfigSynchronization
 .text.HAL_TIMEx_CommutCallback
                0x08007af4       0x14 ./Drivers/STM32F4xx_HAL_Driver/Src/stm32f4xx_hal_tim_ex.o
                0x08007af4                HAL_TIMEx_CommutCallback
 .text.HAL_TIMEx_BreakCallback
                0x08007b08       0x14 ./Drivers/STM32F4xx_HAL_Driver/Src/stm32f4xx_hal_tim_ex.o
                0x08007b08                HAL_TIMEx_BreakCallback
 .text.HAL_UART_Init
                0x08007b1c       0x9a ./Drivers/STM32F4xx_HAL_Driver/Src/stm32f4xx_hal_uart.o
                0x08007b1c                HAL_UART_Init
 .text.HAL_UART_Transmit
                0x08007bb6      0x124 ./Drivers/STM32F4xx_HAL_Driver/Src/stm32f4xx_hal_uart.o
                0x08007bb6                HAL_UART_Transmit
 .text.HAL_UART_Receive_IT
                0x08007cda       0x60 ./Drivers/STM32F4xx_HAL_Driver/Src/stm32f4xx_hal_uart.o
                0x08007cda                HAL_UART_Receive_IT
 *fill*         0x08007d3a        0x2 
 .text.HAL_UART_IRQHandler
                0x08007d3c      0x51c ./Drivers/STM32F4xx_HAL_Driver/Src/stm32f4xx_hal_uart.o
                0x08007d3c                HAL_UART_IRQHandler
 .text.HAL_UART_TxCpltCallback
                0x08008258       0x14 ./Drivers/STM32F4xx_HAL_Driver/Src/stm32f4xx_hal_uart.o
                0x08008258                HAL_UART_TxCpltCallback
 .text.HAL_UART_ErrorCallback
                0x0800826c       0x14 ./Drivers/STM32F4xx_HAL_Driver/Src/stm32f4xx_hal_uart.o
                0x0800826c                HAL_UART_ErrorCallback
 .text.HAL_UARTEx_RxEventCallback
                0x08008280       0x18 ./Drivers/STM32F4xx_HAL_Driver/Src/stm32f4xx_hal_uart.o
                0x08008280                HAL_UARTEx_RxEventCallback
 .text.UART_WaitOnFlagUntilTimeout
                0x08008298       0xdc ./Drivers/STM32F4xx_HAL_Driver/Src/stm32f4xx_hal_uart.o
 .text.UART_Start_Receive_IT
                0x08008374       0x7c ./Drivers/STM32F4xx_HAL_Driver/Src/stm32f4xx_hal_uart.o
                0x08008374                UART_Start_Receive_IT
 .text.UART_EndRxTransfer
                0x080083f0       0xc6 ./Drivers/STM32F4xx_HAL_Driver/Src/stm32f4xx_hal_uart.o
 .text.UART_DMAAbortOnError
                0x080084b6       0x28 ./Drivers/STM32F4xx_HAL_Driver/Src/stm32f4xx_hal_uart.o
 .text.UART_Transmit_IT
                0x080084de       0xa0 ./Drivers/STM32F4xx_HAL_Driver/Src/stm32f4xx_hal_uart.o
 .text.UART_EndTransmit_IT
                0x0800857e       0x30 ./Drivers/STM32F4xx_HAL_Driver/Src/stm32f4xx_hal_uart.o
 .text.UART_Receive_IT
                0x080085ae      0x176 ./Drivers/STM32F4xx_HAL_Driver/Src/stm32f4xx_hal_uart.o
 .text.UART_SetConfig
                0x08008724      0x4e8 ./Drivers/STM32F4xx_HAL_Driver/Src/stm32f4xx_hal_uart.o
 .text.MX_FATFS_Init
                0x08008c0c       0x24 ./FATFS/App/fatfs.o
                0x08008c0c                MX_FATFS_Init
 .text.USER_initialize
                0x08008c30       0x28 ./FATFS/Target/user_diskio.o
                0x08008c30                USER_initialize
 .text.USER_status
                0x08008c58       0x28 ./FATFS/Target/user_diskio.o
                0x08008c58                USER_status
 .text.USER_read
                0x08008c80       0x1e ./FATFS/Target/user_diskio.o
                0x08008c80                USER_read
 .text.USER_write
                0x08008c9e       0x1e ./FATFS/Target/user_diskio.o
                0x08008c9e                USER_write
 .text.USER_ioctl
                0x08008cbc       0x22 ./FATFS/Target/user_diskio.o
                0x08008cbc                USER_ioctl
 *fill*         0x08008cde        0x2 
 .text.FATFS_LinkDriverEx
                0x08008ce0       0x98 ./Middlewares/Third_Party/FatFs/src/ff_gen_drv.o
                0x08008ce0                FATFS_LinkDriverEx
 .text.FATFS_LinkDriver
                0x08008d78       0x1e ./Middlewares/Third_Party/FatFs/src/ff_gen_drv.o
                0x08008d78                FATFS_LinkDriver
 *fill*         0x08008d96        0x2 
 .text.malloc   0x08008d98       0x10 C:/ST/STM32CubeIDE_1.15.1/STM32CubeIDE/plugins/com.st.stm32cube.ide.mcu.externaltools.gnu-tools-for-stm32.12.3.rel1.win32_1.0.200.202406191623/tools/bin/../lib/gcc/arm-none-eabi/12.3.1/../../../../arm-none-eabi/lib/thumb/v7e-m+fp/hard\libc_nano.a(libc_a-malloc.o)
                0x08008d98                malloc
 .text.free     0x08008da8       0x10 C:/ST/STM32CubeIDE_1.15.1/STM32CubeIDE/plugins/com.st.stm32cube.ide.mcu.externaltools.gnu-tools-for-stm32.12.3.rel1.win32_1.0.200.202406191623/tools/bin/../lib/gcc/arm-none-eabi/12.3.1/../../../../arm-none-eabi/lib/thumb/v7e-m+fp/hard\libc_nano.a(libc_a-malloc.o)
                0x08008da8                free
 .text.sbrk_aligned
                0x08008db8       0x44 C:/ST/STM32CubeIDE_1.15.1/STM32CubeIDE/plugins/com.st.stm32cube.ide.mcu.externaltools.gnu-tools-for-stm32.12.3.rel1.win32_1.0.200.202406191623/tools/bin/../lib/gcc/arm-none-eabi/12.3.1/../../../../arm-none-eabi/lib/thumb/v7e-m+fp/hard\libc_nano.a(libc_a-mallocr.o)
 .text._malloc_r
                0x08008dfc      0x100 C:/ST/STM32CubeIDE_1.15.1/STM32CubeIDE/plugins/com.st.stm32cube.ide.mcu.externaltools.gnu-tools-for-stm32.12.3.rel1.win32_1.0.200.202406191623/tools/bin/../lib/gcc/arm-none-eabi/12.3.1/../../../../arm-none-eabi/lib/thumb/v7e-m+fp/hard\libc_nano.a(libc_a-mallocr.o)
                0x08008dfc                _malloc_r
 .text.__malloc_lock
                0x08008efc        0xc C:/ST/STM32CubeIDE_1.15.1/STM32CubeIDE/plugins/com.st.stm32cube.ide.mcu.externaltools.gnu-tools-for-stm32.12.3.rel1.win32_1.0.200.202406191623/tools/bin/../lib/gcc/arm-none-eabi/12.3.1/../../../../arm-none-eabi/lib/thumb/v7e-m+fp/hard\libc_nano.a(libc_a-mlock.o)
                0x08008efc                __malloc_lock
 .text.__malloc_unlock
                0x08008f08        0xc C:/ST/STM32CubeIDE_1.15.1/STM32CubeIDE/plugins/com.st.stm32cube.ide.mcu.externaltools.gnu-tools-for-stm32.12.3.rel1.win32_1.0.200.202406191623/tools/bin/../lib/gcc/arm-none-eabi/12.3.1/../../../../arm-none-eabi/lib/thumb/v7e-m+fp/hard\libc_nano.a(libc_a-mlock.o)
                0x08008f08                __malloc_unlock
 .text.memset   0x08008f14       0x10 C:/ST/STM32CubeIDE_1.15.1/STM32CubeIDE/plugins/com.st.stm32cube.ide.mcu.externaltools.gnu-tools-for-stm32.12.3.rel1.win32_1.0.200.202406191623/tools/bin/../lib/gcc/arm-none-eabi/12.3.1/../../../../arm-none-eabi/lib/thumb/v7e-m+fp/hard\libc_nano.a(libc_a-memset.o)
                0x08008f14                memset
 .text._sbrk_r  0x08008f24       0x20 C:/ST/STM32CubeIDE_1.15.1/STM32CubeIDE/plugins/com.st.stm32cube.ide.mcu.externaltools.gnu-tools-for-stm32.12.3.rel1.win32_1.0.200.202406191623/tools/bin/../lib/gcc/arm-none-eabi/12.3.1/../../../../arm-none-eabi/lib/thumb/v7e-m+fp/hard\libc_nano.a(libc_a-sbrkr.o)
                0x08008f24                _sbrk_r
 .text.__errno  0x08008f44        0xc C:/ST/STM32CubeIDE_1.15.1/STM32CubeIDE/plugins/com.st.stm32cube.ide.mcu.externaltools.gnu-tools-for-stm32.12.3.rel1.win32_1.0.200.202406191623/tools/bin/../lib/gcc/arm-none-eabi/12.3.1/../../../../arm-none-eabi/lib/thumb/v7e-m+fp/hard\libc_nano.a(libc_a-errno.o)
                0x08008f44                __errno
 .text.__libc_init_array
                0x08008f50       0x48 C:/ST/STM32CubeIDE_1.15.1/STM32CubeIDE/plugins/com.st.stm32cube.ide.mcu.externaltools.gnu-tools-for-stm32.12.3.rel1.win32_1.0.200.202406191623/tools/bin/../lib/gcc/arm-none-eabi/12.3.1/../../../../arm-none-eabi/lib/thumb/v7e-m+fp/hard\libc_nano.a(libc_a-init.o)
                0x08008f50                __libc_init_array
 .text.__retarget_lock_acquire_recursive
                0x08008f98        0x2 C:/ST/STM32CubeIDE_1.15.1/STM32CubeIDE/plugins/com.st.stm32cube.ide.mcu.externaltools.gnu-tools-for-stm32.12.3.rel1.win32_1.0.200.202406191623/tools/bin/../lib/gcc/arm-none-eabi/12.3.1/../../../../arm-none-eabi/lib/thumb/v7e-m+fp/hard\libc_nano.a(libc_a-lock.o)
                0x08008f98                __retarget_lock_acquire_recursive
 .text.__retarget_lock_release_recursive
                0x08008f9a        0x2 C:/ST/STM32CubeIDE_1.15.1/STM32CubeIDE/plugins/com.st.stm32cube.ide.mcu.externaltools.gnu-tools-for-stm32.12.3.rel1.win32_1.0.200.202406191623/tools/bin/../lib/gcc/arm-none-eabi/12.3.1/../../../../arm-none-eabi/lib/thumb/v7e-m+fp/hard\libc_nano.a(libc_a-lock.o)
                0x08008f9a                __retarget_lock_release_recursive
 .text.memcpy   0x08008f9c       0x1c C:/ST/STM32CubeIDE_1.15.1/STM32CubeIDE/plugins/com.st.stm32cube.ide.mcu.externaltools.gnu-tools-for-stm32.12.3.rel1.win32_1.0.200.202406191623/tools/bin/../lib/gcc/arm-none-eabi/12.3.1/../../../../arm-none-eabi/lib/thumb/v7e-m+fp/hard\libc_nano.a(libc_a-memcpy-stub.o)
                0x08008f9c                memcpy
 .text._free_r  0x08008fb8       0x94 C:/ST/STM32CubeIDE_1.15.1/STM32CubeIDE/plugins/com.st.stm32cube.ide.mcu.externaltools.gnu-tools-for-stm32.12.3.rel1.win32_1.0.200.202406191623/tools/bin/../lib/gcc/arm-none-eabi/12.3.1/../../../../arm-none-eabi/lib/thumb/v7e-m+fp/hard\libc_nano.a(libc_a-freer.o)
                0x08008fb8                _free_r
 .text.pow      0x0800904c       0xe0 C:/ST/STM32CubeIDE_1.15.1/STM32CubeIDE/plugins/com.st.stm32cube.ide.mcu.externaltools.gnu-tools-for-stm32.12.3.rel1.win32_1.0.200.202406191623/tools/bin/../lib/gcc/arm-none-eabi/12.3.1/../../../../arm-none-eabi/lib/thumb/v7e-m+fp/hard\libm.a(libm_a-w_pow.o)
                0x0800904c                pow
 .text.atan2f   0x0800912c        0x4 C:/ST/STM32CubeIDE_1.15.1/STM32CubeIDE/plugins/com.st.stm32cube.ide.mcu.externaltools.gnu-tools-for-stm32.12.3.rel1.win32_1.0.200.202406191623/tools/bin/../lib/gcc/arm-none-eabi/12.3.1/../../../../arm-none-eabi/lib/thumb/v7e-m+fp/hard\libm.a(libm_a-wf_atan2.o)
                0x0800912c                atan2f
 .text.sqrtf    0x08009130       0x3c C:/ST/STM32CubeIDE_1.15.1/STM32CubeIDE/plugins/com.st.stm32cube.ide.mcu.externaltools.gnu-tools-for-stm32.12.3.rel1.win32_1.0.200.202406191623/tools/bin/../lib/gcc/arm-none-eabi/12.3.1/../../../../arm-none-eabi/lib/thumb/v7e-m+fp/hard\libm.a(libm_a-wf_sqrt.o)
                0x08009130                sqrtf
 .text.finite   0x0800916c       0x16 C:/ST/STM32CubeIDE_1.15.1/STM32CubeIDE/plugins/com.st.stm32cube.ide.mcu.externaltools.gnu-tools-for-stm32.12.3.rel1.win32_1.0.200.202406191623/tools/bin/../lib/gcc/arm-none-eabi/12.3.1/../../../../arm-none-eabi/lib/thumb/v7e-m+fp/hard\libm.a(libm_a-s_finite.o)
                0x0800916c                finite
 .text.__ieee754_sqrtf
                0x08009182        0x6 C:/ST/STM32CubeIDE_1.15.1/STM32CubeIDE/plugins/com.st.stm32cube.ide.mcu.externaltools.gnu-tools-for-stm32.12.3.rel1.win32_1.0.200.202406191623/tools/bin/../lib/gcc/arm-none-eabi/12.3.1/../../../../arm-none-eabi/lib/thumb/v7e-m+fp/hard\libm.a(libm_a-ef_sqrt.o)
                0x08009182                __ieee754_sqrtf
 .text.__ieee754_pow
                0x08009188      0xa88 C:/ST/STM32CubeIDE_1.15.1/STM32CubeIDE/plugins/com.st.stm32cube.ide.mcu.externaltools.gnu-tools-for-stm32.12.3.rel1.win32_1.0.200.202406191623/tools/bin/../lib/gcc/arm-none-eabi/12.3.1/../../../../arm-none-eabi/lib/thumb/v7e-m+fp/hard\libm.a(libm_a-e_pow.o)
                0x08009188                __ieee754_pow
 .text.fabs     0x08009c10       0x10 C:/ST/STM32CubeIDE_1.15.1/STM32CubeIDE/plugins/com.st.stm32cube.ide.mcu.externaltools.gnu-tools-for-stm32.12.3.rel1.win32_1.0.200.202406191623/tools/bin/../lib/gcc/arm-none-eabi/12.3.1/../../../../arm-none-eabi/lib/thumb/v7e-m+fp/hard\libm.a(libm_a-s_fabs.o)
                0x08009c10                fabs
 .text.__ieee754_atan2f
                0x08009c20      0x140 C:/ST/STM32CubeIDE_1.15.1/STM32CubeIDE/plugins/com.st.stm32cube.ide.mcu.externaltools.gnu-tools-for-stm32.12.3.rel1.win32_1.0.200.202406191623/tools/bin/../lib/gcc/arm-none-eabi/12.3.1/../../../../arm-none-eabi/lib/thumb/v7e-m+fp/hard\libm.a(libm_a-ef_atan2.o)
                0x08009c20                __ieee754_atan2f
 .text.atanf    0x08009d60      0x1a8 C:/ST/STM32CubeIDE_1.15.1/STM32CubeIDE/plugins/com.st.stm32cube.ide.mcu.externaltools.gnu-tools-for-stm32.12.3.rel1.win32_1.0.200.202406191623/tools/bin/../lib/gcc/arm-none-eabi/12.3.1/../../../../arm-none-eabi/lib/thumb/v7e-m+fp/hard\libm.a(libm_a-sf_atan.o)
                0x08009d60                atanf
 .text.fabsf    0x08009f08        0xe C:/ST/STM32CubeIDE_1.15.1/STM32CubeIDE/plugins/com.st.stm32cube.ide.mcu.externaltools.gnu-tools-for-stm32.12.3.rel1.win32_1.0.200.202406191623/tools/bin/../lib/gcc/arm-none-eabi/12.3.1/../../../../arm-none-eabi/lib/thumb/v7e-m+fp/hard\libm.a(libm_a-sf_fabs.o)
                0x08009f08                fabsf
 *fill*         0x08009f16        0x2 
 .text.scalbn   0x08009f18       0xfc C:/ST/STM32CubeIDE_1.15.1/STM32CubeIDE/plugins/com.st.stm32cube.ide.mcu.externaltools.gnu-tools-for-stm32.12.3.rel1.win32_1.0.200.202406191623/tools/bin/../lib/gcc/arm-none-eabi/12.3.1/../../../../arm-none-eabi/lib/thumb/v7e-m+fp/hard\libm.a(libm_a-s_scalbn.o)
                0x08009f18                scalbn
 .text.with_errno
                0x0800a014       0x24 C:/ST/STM32CubeIDE_1.15.1/STM32CubeIDE/plugins/com.st.stm32cube.ide.mcu.externaltools.gnu-tools-for-stm32.12.3.rel1.win32_1.0.200.202406191623/tools/bin/../lib/gcc/arm-none-eabi/12.3.1/../../../../arm-none-eabi/lib/thumb/v7e-m+fp/hard\libm.a(libm_a-math_err.o)
 .text.xflow    0x0800a038       0x32 C:/ST/STM32CubeIDE_1.15.1/STM32CubeIDE/plugins/com.st.stm32cube.ide.mcu.externaltools.gnu-tools-for-stm32.12.3.rel1.win32_1.0.200.202406191623/tools/bin/../lib/gcc/arm-none-eabi/12.3.1/../../../../arm-none-eabi/lib/thumb/v7e-m+fp/hard\libm.a(libm_a-math_err.o)
 *fill*         0x0800a06a        0x6 
 .text.__math_uflow
                0x0800a070       0x10 C:/ST/STM32CubeIDE_1.15.1/STM32CubeIDE/plugins/com.st.stm32cube.ide.mcu.externaltools.gnu-tools-for-stm32.12.3.rel1.win32_1.0.200.202406191623/tools/bin/../lib/gcc/arm-none-eabi/12.3.1/../../../../arm-none-eabi/lib/thumb/v7e-m+fp/hard\libm.a(libm_a-math_err.o)
                0x0800a070                __math_uflow
 .text.__math_oflow
                0x0800a080       0x10 C:/ST/STM32CubeIDE_1.15.1/STM32CubeIDE/plugins/com.st.stm32cube.ide.mcu.externaltools.gnu-tools-for-stm32.12.3.rel1.win32_1.0.200.202406191623/tools/bin/../lib/gcc/arm-none-eabi/12.3.1/../../../../arm-none-eabi/lib/thumb/v7e-m+fp/hard\libm.a(libm_a-math_err.o)
                0x0800a080                __math_oflow
 .text.__ieee754_sqrt
                0x0800a090      0x1b4 C:/ST/STM32CubeIDE_1.15.1/STM32CubeIDE/plugins/com.st.stm32cube.ide.mcu.externaltools.gnu-tools-for-stm32.12.3.rel1.win32_1.0.200.202406191623/tools/bin/../lib/gcc/arm-none-eabi/12.3.1/../../../../arm-none-eabi/lib/thumb/v7e-m+fp/hard\libm.a(libm_a-e_sqrt.o)
                0x0800a090                __ieee754_sqrt
 *(.glue_7)
 .glue_7        0x0800a244        0x0 linker stubs
 *(.glue_7t)
 .glue_7t       0x0800a244        0x0 linker stubs
 *(.eh_frame)
 .eh_frame      0x0800a244        0x0 C:/ST/STM32CubeIDE_1.15.1/STM32CubeIDE/plugins/com.st.stm32cube.ide.mcu.externaltools.gnu-tools-for-stm32.12.3.rel1.win32_1.0.200.202406191623/tools/bin/../lib/gcc/arm-none-eabi/12.3.1/thumb/v7e-m+fp/hard/crtbegin.o
 *(.init)
 .init          0x0800a244        0x4 C:/ST/STM32CubeIDE_1.15.1/STM32CubeIDE/plugins/com.st.stm32cube.ide.mcu.externaltools.gnu-tools-for-stm32.12.3.rel1.win32_1.0.200.202406191623/tools/bin/../lib/gcc/arm-none-eabi/12.3.1/thumb/v7e-m+fp/hard/crti.o
                0x0800a244                _init
 .init          0x0800a248        0x8 C:/ST/STM32CubeIDE_1.15.1/STM32CubeIDE/plugins/com.st.stm32cube.ide.mcu.externaltools.gnu-tools-for-stm32.12.3.rel1.win32_1.0.200.202406191623/tools/bin/../lib/gcc/arm-none-eabi/12.3.1/thumb/v7e-m+fp/hard/crtn.o
 *(.fini)
 .fini          0x0800a250        0x4 C:/ST/STM32CubeIDE_1.15.1/STM32CubeIDE/plugins/com.st.stm32cube.ide.mcu.externaltools.gnu-tools-for-stm32.12.3.rel1.win32_1.0.200.202406191623/tools/bin/../lib/gcc/arm-none-eabi/12.3.1/thumb/v7e-m+fp/hard/crti.o
                0x0800a250                _fini
 .fini          0x0800a254        0x8 C:/ST/STM32CubeIDE_1.15.1/STM32CubeIDE/plugins/com.st.stm32cube.ide.mcu.externaltools.gnu-tools-for-stm32.12.3.rel1.win32_1.0.200.202406191623/tools/bin/../lib/gcc/arm-none-eabi/12.3.1/thumb/v7e-m+fp/hard/crtn.o
                0x0800a25c                        . = ALIGN (0x4)
                0x0800a25c                        _etext = .

.vfp11_veneer   0x0800a25c        0x0
 .vfp11_veneer  0x0800a25c        0x0 linker stubs

.v4_bx          0x0800a25c        0x0
 .v4_bx         0x0800a25c        0x0 linker stubs

.iplt           0x0800a25c        0x0
 .iplt          0x0800a25c        0x0 C:/ST/STM32CubeIDE_1.15.1/STM32CubeIDE/plugins/com.st.stm32cube.ide.mcu.externaltools.gnu-tools-for-stm32.12.3.rel1.win32_1.0.200.202406191623/tools/bin/../lib/gcc/arm-none-eabi/12.3.1/thumb/v7e-m+fp/hard/crtbegin.o

.rodata         0x0800a260       0x80
                0x0800a260                        . = ALIGN (0x4)
 *(.rodata)
 *(.rodata*)
 .rodata.AHBPrescTable
                0x0800a260       0x10 ./Core/Src/system_stm32f4xx.o
                0x0800a260                AHBPrescTable
 .rodata.APBPrescTable
                0x0800a270        0x8 ./Core/Src/system_stm32f4xx.o
                0x0800a270                APBPrescTable
 .rodata.dp_l   0x0800a278       0x10 C:/ST/STM32CubeIDE_1.15.1/STM32CubeIDE/plugins/com.st.stm32cube.ide.mcu.externaltools.gnu-tools-for-stm32.12.3.rel1.win32_1.0.200.202406191623/tools/bin/../lib/gcc/arm-none-eabi/12.3.1/../../../../arm-none-eabi/lib/thumb/v7e-m+fp/hard\libm.a(libm_a-e_pow.o)
 .rodata.dp_h   0x0800a288       0x10 C:/ST/STM32CubeIDE_1.15.1/STM32CubeIDE/plugins/com.st.stm32cube.ide.mcu.externaltools.gnu-tools-for-stm32.12.3.rel1.win32_1.0.200.202406191623/tools/bin/../lib/gcc/arm-none-eabi/12.3.1/../../../../arm-none-eabi/lib/thumb/v7e-m+fp/hard\libm.a(libm_a-e_pow.o)
 .rodata.bp     0x0800a298       0x10 C:/ST/STM32CubeIDE_1.15.1/STM32CubeIDE/plugins/com.st.stm32cube.ide.mcu.externaltools.gnu-tools-for-stm32.12.3.rel1.win32_1.0.200.202406191623/tools/bin/../lib/gcc/arm-none-eabi/12.3.1/../../../../arm-none-eabi/lib/thumb/v7e-m+fp/hard\libm.a(libm_a-e_pow.o)
 .rodata.CSWTCH.9
                0x0800a2a8        0xc C:/ST/STM32CubeIDE_1.15.1/STM32CubeIDE/plugins/com.st.stm32cube.ide.mcu.externaltools.gnu-tools-for-stm32.12.3.rel1.win32_1.0.200.202406191623/tools/bin/../lib/gcc/arm-none-eabi/12.3.1/../../../../arm-none-eabi/lib/thumb/v7e-m+fp/hard\libm.a(libm_a-ef_atan2.o)
 .rodata.CSWTCH.8
                0x0800a2b4        0xc C:/ST/STM32CubeIDE_1.15.1/STM32CubeIDE/plugins/com.st.stm32cube.ide.mcu.externaltools.gnu-tools-for-stm32.12.3.rel1.win32_1.0.200.202406191623/tools/bin/../lib/gcc/arm-none-eabi/12.3.1/../../../../arm-none-eabi/lib/thumb/v7e-m+fp/hard\libm.a(libm_a-ef_atan2.o)
 .rodata.atanlo
                0x0800a2c0       0x10 C:/ST/STM32CubeIDE_1.15.1/STM32CubeIDE/plugins/com.st.stm32cube.ide.mcu.externaltools.gnu-tools-for-stm32.12.3.rel1.win32_1.0.200.202406191623/tools/bin/../lib/gcc/arm-none-eabi/12.3.1/../../../../arm-none-eabi/lib/thumb/v7e-m+fp/hard\libm.a(libm_a-sf_atan.o)
 .rodata.atanhi
                0x0800a2d0       0x10 C:/ST/STM32CubeIDE_1.15.1/STM32CubeIDE/plugins/com.st.stm32cube.ide.mcu.externaltools.gnu-tools-for-stm32.12.3.rel1.win32_1.0.200.202406191623/tools/bin/../lib/gcc/arm-none-eabi/12.3.1/../../../../arm-none-eabi/lib/thumb/v7e-m+fp/hard\libm.a(libm_a-sf_atan.o)
                0x0800a2e0                        . = ALIGN (0x4)

.ARM.extab      0x0800a2e0        0x0
                0x0800a2e0                        . = ALIGN (0x4)
 *(.ARM.extab* .gnu.linkonce.armextab.*)
                0x0800a2e0                        . = ALIGN (0x4)

.ARM            0x0800a2e0        0x8
                0x0800a2e0                        . = ALIGN (0x4)
                0x0800a2e0                        __exidx_start = .
 *(.ARM.exidx*)
 .ARM.exidx     0x0800a2e0        0x8 C:/ST/STM32CubeIDE_1.15.1/STM32CubeIDE/plugins/com.st.stm32cube.ide.mcu.externaltools.gnu-tools-for-stm32.12.3.rel1.win32_1.0.200.202406191623/tools/bin/../lib/gcc/arm-none-eabi/12.3.1/thumb/v7e-m+fp/hard\libgcc.a(_udivmoddi4.o)
                0x0800a2e8                        __exidx_end = .
                0x0800a2e8                        . = ALIGN (0x4)

.rel.dyn        0x0800a2e8        0x0
 .rel.iplt      0x0800a2e8        0x0 C:/ST/STM32CubeIDE_1.15.1/STM32CubeIDE/plugins/com.st.stm32cube.ide.mcu.externaltools.gnu-tools-for-stm32.12.3.rel1.win32_1.0.200.202406191623/tools/bin/../lib/gcc/arm-none-eabi/12.3.1/thumb/v7e-m+fp/hard/crtbegin.o

.preinit_array  0x0800a2e8        0x0
                0x0800a2e8                        . = ALIGN (0x4)
                0x0800a2e8                        PROVIDE (__preinit_array_start = .)
 *(.preinit_array*)
                0x0800a2e8                        PROVIDE (__preinit_array_end = .)
                0x0800a2e8                        . = ALIGN (0x4)

.init_array     0x0800a2e8        0x4
                0x0800a2e8                        . = ALIGN (0x4)
                0x0800a2e8                        PROVIDE (__init_array_start = .)
 *(SORT_BY_NAME(.init_array.*))
 *(.init_array*)
 .init_array    0x0800a2e8        0x4 C:/ST/STM32CubeIDE_1.15.1/STM32CubeIDE/plugins/com.st.stm32cube.ide.mcu.externaltools.gnu-tools-for-stm32.12.3.rel1.win32_1.0.200.202406191623/tools/bin/../lib/gcc/arm-none-eabi/12.3.1/thumb/v7e-m+fp/hard/crtbegin.o
                0x0800a2ec                        PROVIDE (__init_array_end = .)
                0x0800a2ec                        . = ALIGN (0x4)

.fini_array     0x0800a2ec        0x4
                0x0800a2ec                        . = ALIGN (0x4)
                [!provide]                        PROVIDE (__fini_array_start = .)
 *(SORT_BY_NAME(.fini_array.*))
 *(.fini_array*)
 .fini_array    0x0800a2ec        0x4 C:/ST/STM32CubeIDE_1.15.1/STM32CubeIDE/plugins/com.st.stm32cube.ide.mcu.externaltools.gnu-tools-for-stm32.12.3.rel1.win32_1.0.200.202406191623/tools/bin/../lib/gcc/arm-none-eabi/12.3.1/thumb/v7e-m+fp/hard/crtbegin.o
                [!provide]                        PROVIDE (__fini_array_end = .)
                0x0800a2f0                        . = ALIGN (0x4)
                0x0800a2f0                        _sidata = LOADADDR (.data)

.data           0x20000000       0x98 load address 0x0800a2f0
                0x20000000                        . = ALIGN (0x4)
                0x20000000                        _sdata = .
 *(.data)
 *(.data*)
 .data.gyro_constant
                0x20000000        0x4 ./Core/Src/LSM6DSLTR.o
                0x20000000                gyro_constant
 .data.EGU_durum_sorgusu
                0x20000004        0x5 ./Core/Src/main.o
 *fill*         0x20000009        0x3 
 .data.EGU_motor_atesleme
                0x2000000c        0x5 ./Core/Src/main.o
 .data.manyetik_switch
                0x20000011        0x1 ./Core/Src/main.o
                0x20000011                manyetik_switch
 *fill*         0x20000012        0x2 
 .data.SystemCoreClock
                0x20000014        0x4 ./Core/Src/system_stm32f4xx.o
                0x20000014                SystemCoreClock
 .data.uwTickPrio
                0x20000018        0x4 ./Drivers/STM32F4xx_HAL_Driver/Src/stm32f4xx_hal.o
                0x20000018                uwTickPrio
 .data.uwTickFreq
                0x2000001c        0x1 ./Drivers/STM32F4xx_HAL_Driver/Src/stm32f4xx_hal.o
                0x2000001c                uwTickFreq
 .data.Stat     0x2000001d        0x1 ./FATFS/Target/user_diskio.o
 *fill*         0x2000001e        0x2 
 .data.USER_Driver
                0x20000020       0x14 ./FATFS/Target/user_diskio.o
                0x20000020                USER_Driver
 .data._impure_ptr
                0x20000034        0x4 C:/ST/STM32CubeIDE_1.15.1/STM32CubeIDE/plugins/com.st.stm32cube.ide.mcu.externaltools.gnu-tools-for-stm32.12.3.rel1.win32_1.0.200.202406191623/tools/bin/../lib/gcc/arm-none-eabi/12.3.1/../../../../arm-none-eabi/lib/thumb/v7e-m+fp/hard\libc_nano.a(libc_a-impure.o)
                0x20000034                _impure_ptr
 .data._impure_data
                0x20000038       0x4c C:/ST/STM32CubeIDE_1.15.1/STM32CubeIDE/plugins/com.st.stm32cube.ide.mcu.externaltools.gnu-tools-for-stm32.12.3.rel1.win32_1.0.200.202406191623/tools/bin/../lib/gcc/arm-none-eabi/12.3.1/../../../../arm-none-eabi/lib/thumb/v7e-m+fp/hard\libc_nano.a(libc_a-impure.o)
                0x20000038                _impure_data
 *fill*         0x20000084        0x4 
 .data.tiny     0x20000088        0x8 C:/ST/STM32CubeIDE_1.15.1/STM32CubeIDE/plugins/com.st.stm32cube.ide.mcu.externaltools.gnu-tools-for-stm32.12.3.rel1.win32_1.0.200.202406191623/tools/bin/../lib/gcc/arm-none-eabi/12.3.1/../../../../arm-none-eabi/lib/thumb/v7e-m+fp/hard\libm.a(libm_a-e_sqrt.o)
 .data.one      0x20000090        0x8 C:/ST/STM32CubeIDE_1.15.1/STM32CubeIDE/plugins/com.st.stm32cube.ide.mcu.externaltools.gnu-tools-for-stm32.12.3.rel1.win32_1.0.200.202406191623/tools/bin/../lib/gcc/arm-none-eabi/12.3.1/../../../../arm-none-eabi/lib/thumb/v7e-m+fp/hard\libm.a(libm_a-e_sqrt.o)
 *(.RamFunc)
 *(.RamFunc*)
                0x20000098                        . = ALIGN (0x4)
                0x20000098                        _edata = .

.igot.plt       0x20000098        0x0 load address 0x0800a388
 .igot.plt      0x20000098        0x0 C:/ST/STM32CubeIDE_1.15.1/STM32CubeIDE/plugins/com.st.stm32cube.ide.mcu.externaltools.gnu-tools-for-stm32.12.3.rel1.win32_1.0.200.202406191623/tools/bin/../lib/gcc/arm-none-eabi/12.3.1/thumb/v7e-m+fp/hard/crtbegin.o
                0x20000098                        . = ALIGN (0x4)

.bss            0x20000098      0x4cc load address 0x0800a388
                0x20000098                        _sbss = .
                0x20000098                        __bss_start__ = _sbss
 *(.bss)
 .bss           0x20000098       0x1c C:/ST/STM32CubeIDE_1.15.1/STM32CubeIDE/plugins/com.st.stm32cube.ide.mcu.externaltools.gnu-tools-for-stm32.12.3.rel1.win32_1.0.200.202406191623/tools/bin/../lib/gcc/arm-none-eabi/12.3.1/thumb/v7e-m+fp/hard/crtbegin.o
 *(.bss*)
 .bss.hi2c1     0x200000b4       0x54 ./Core/Src/main.o
                0x200000b4                hi2c1
 .bss.htim6     0x20000108       0x48 ./Core/Src/main.o
                0x20000108                htim6
 .bss.htim10    0x20000150       0x48 ./Core/Src/main.o
                0x20000150                htim10
 .bss.huart6    0x20000198       0x44 ./Core/Src/main.o
                0x20000198                huart6
 .bss.kf        0x200001dc       0x14 ./Core/Src/main.o
                0x200001dc                kf
 .bss.ax        0x200001f0       0x14 ./Core/Src/main.o
                0x200001f0                ax
 .bss.ay        0x20000204       0x14 ./Core/Src/main.o
                0x20000204                ay
 .bss.az        0x20000218       0x14 ./Core/Src/main.o
                0x20000218                az
 .bss.gx        0x2000022c       0x14 ./Core/Src/main.o
                0x2000022c                gx
 .bss.gy        0x20000240       0x14 ./Core/Src/main.o
                0x20000240                gy
 .bss.gz        0x20000254       0x14 ./Core/Src/main.o
                0x20000254                gz
 .bss.EGU_RX_BUFFER
                0x20000268        0x5 ./Core/Src/main.o
                0x20000268                EGU_RX_BUFFER
 *fill*         0x2000026d        0x3 
 .bss.EGU_TX_BUFFER
                0x20000270       0x22 ./Core/Src/main.o
                0x20000270                EGU_TX_BUFFER
 .bss.rx_data_EGU
                0x20000292        0x1 ./Core/Src/main.o
                0x20000292                rx_data_EGU
 .bss.rx_index_EGU
                0x20000293        0x1 ./Core/Src/main.o
                0x20000293                rx_index_EGU
 .bss.buzzer_long
                0x20000294        0x4 ./Core/Src/main.o
                0x20000294                buzzer_long
 .bss.buzzer_short
                0x20000298        0x4 ./Core/Src/main.o
                0x20000298                buzzer_short
 .bss.buzzer_ariza
                0x2000029c        0x4 ./Core/Src/main.o
                0x2000029c                buzzer_ariza
 .bss.buzzer_short_counter
                0x200002a0        0x4 ./Core/Src/main.o
                0x200002a0                buzzer_short_counter
 .bss.buzzer_long_counter
                0x200002a4        0x4 ./Core/Src/main.o
                0x200002a4                buzzer_long_counter
 .bss.buzzer_ariza_counter
                0x200002a8        0x4 ./Core/Src/main.o
                0x200002a8                buzzer_ariza_counter
 .bss.MEGU_battery
                0x200002ac        0x1 ./Core/Src/main.o
                0x200002ac                MEGU_battery
 .bss.MEGU_mod  0x200002ad        0x1 ./Core/Src/main.o
                0x200002ad                MEGU_mod
 .bss.BUTTON_STATE
                0x200002ae        0x1 ./Core/Src/main.o
                0x200002ae                BUTTON_STATE
 *fill*         0x200002af        0x1 
 .bss.zaman     0x200002b0        0x4 ./Core/Src/main.o
                0x200002b0                zaman
 .bss.fitil_kontrol
                0x200002b4        0x1 ./Core/Src/main.o
                0x200002b4                fitil_kontrol
 .bss.motor_ates
                0x200002b5        0x1 ./Core/Src/main.o
                0x200002b5                motor_ates
 .bss.sensor_flag
                0x200002b6        0x1 ./Core/Src/main.o
                0x200002b6                sensor_flag
 .bss.rampa_control
                0x200002b7        0x1 ./Core/Src/main.o
                0x200002b7                rampa_control
 .bss.ariza_BME
                0x200002b8        0x1 ./Core/Src/main.o
                0x200002b8                ariza_BME
 .bss.ariza_LSM
                0x200002b9        0x1 ./Core/Src/main.o
                0x200002b9                ariza_LSM
 .bss.ariza     0x200002ba        0x1 ./Core/Src/main.o
                0x200002ba                ariza
 *fill*         0x200002bb        0x1 
 .bss.set_timer
                0x200002bc        0x4 ./Core/Src/main.o
                0x200002bc                set_timer
 .bss.set1      0x200002c0        0x4 ./Core/Src/main.o
                0x200002c0                set1
 .bss.temperature
                0x200002c4        0x4 ./Core/Src/main.o
                0x200002c4                temperature
 .bss.humidity  0x200002c8        0x4 ./Core/Src/main.o
                0x200002c8                humidity
 .bss.altitude  0x200002cc        0x4 ./Core/Src/main.o
                0x200002cc                altitude
 .bss.max_altitude
                0x200002d0        0x4 ./Core/Src/main.o
                0x200002d0                max_altitude
 .bss.offset_altitude
                0x200002d4        0x4 ./Core/Src/main.o
                0x200002d4                offset_altitude
 .bss.pressure  0x200002d8        0x4 ./Core/Src/main.o
                0x200002d8                pressure
 .bss.alt       0x200002dc        0x4 ./Core/Src/main.o
                0x200002dc                alt
 .bss.prev_alt  0x200002e0        0x4 ./Core/Src/main.o
                0x200002e0                prev_alt
 .bss.speed     0x200002e4        0x4 ./Core/Src/main.o
                0x200002e4                speed
 .bss.new_data  0x200002e8        0x4 ./Core/Src/main.o
                0x200002e8                new_data
 .bss.prev_time1
                0x200002ec        0x4 ./Core/Src/main.o
                0x200002ec                prev_time1
 .bss.altitude_rampa_control
                0x200002f0        0x1 ./Core/Src/main.o
                0x200002f0                altitude_rampa_control
 *fill*         0x200002f1        0x3 
 .bss.speed_max
                0x200002f4        0x4 ./Core/Src/main.o
                0x200002f4                speed_max
 .bss.x_max     0x200002f8        0x4 ./Core/Src/main.o
                0x200002f8                x_max
 .bss.altitude_max
                0x200002fc        0x4 ./Core/Src/main.o
                0x200002fc                altitude_max
 .bss.real_pitch
                0x20000300        0x4 ./Core/Src/main.o
                0x20000300                real_pitch
 .bss.real_roll
                0x20000304        0x4 ./Core/Src/main.o
                0x20000304                real_roll
 .bss.toplam_pitch
                0x20000308        0x4 ./Core/Src/main.o
                0x20000308                toplam_pitch
 .bss.toplam_roll
                0x2000030c        0x4 ./Core/Src/main.o
                0x2000030c                toplam_roll
 .bss.toplam_accX
                0x20000310        0x4 ./Core/Src/main.o
                0x20000310                toplam_accX
 .bss.toplam_accY
                0x20000314        0x4 ./Core/Src/main.o
                0x20000314                toplam_accY
 .bss.toplam_accZ
                0x20000318        0x4 ./Core/Src/main.o
                0x20000318                toplam_accZ
 .bss.toplam_gX
                0x2000031c        0x4 ./Core/Src/main.o
                0x2000031c                toplam_gX
 .bss.toplam_gY
                0x20000320        0x4 ./Core/Src/main.o
                0x20000320                toplam_gY
 .bss.toplam_gZ
                0x20000324        0x4 ./Core/Src/main.o
                0x20000324                toplam_gZ
 .bss.offset_x  0x20000328        0x4 ./Core/Src/main.o
                0x20000328                offset_x
 .bss.offset_y  0x2000032c        0x4 ./Core/Src/main.o
                0x2000032c                offset_y
 .bss.offset_z  0x20000330        0x4 ./Core/Src/main.o
                0x20000330                offset_z
 .bss.filtered_acc_LP
                0x20000334        0xc ./Core/Src/main.o
                0x20000334                filtered_acc_LP
 .bss.gravity_normal_angle
                0x20000340        0x4 ./Core/Src/main.o
                0x20000340                gravity_normal_angle
 .bss.gyroX_HP_prev
                0x20000344        0x4 ./Core/Src/main.o
                0x20000344                gyroX_HP_prev
 .bss.gyroY_HP_prev
                0x20000348        0x4 ./Core/Src/main.o
                0x20000348                gyroY_HP_prev
 .bss.gyroZ_HP_prev
                0x2000034c        0x4 ./Core/Src/main.o
                0x2000034c                gyroZ_HP_prev
 .bss.filtered_gyro_HP_X
                0x20000350        0x4 ./Core/Src/main.o
                0x20000350                filtered_gyro_HP_X
 .bss.filtered_gyro_HP_Y
                0x20000354        0x4 ./Core/Src/main.o
                0x20000354                filtered_gyro_HP_Y
 .bss.filtered_gyro_HP_Z
                0x20000358        0x4 ./Core/Src/main.o
                0x20000358                filtered_gyro_HP_Z
 .bss.gyroX_LP_prev
                0x2000035c        0x4 ./Core/Src/main.o
                0x2000035c                gyroX_LP_prev
 .bss.gyroY_LP_prev
                0x20000360        0x4 ./Core/Src/main.o
                0x20000360                gyroY_LP_prev
 .bss.gyroZ_LP_prev
                0x20000364        0x4 ./Core/Src/main.o
                0x20000364                gyroZ_LP_prev
 .bss.filtered_gyro_LP
                0x20000368        0xc ./Core/Src/main.o
                0x20000368                filtered_gyro_LP
 .bss.kontrol_counter
                0x20000374        0x4 ./Core/Src/main.o
                0x20000374                kontrol_counter
 .bss.speed_time
                0x20000378        0x4 ./Core/Src/main.o
                0x20000378                speed_time
 .bss.speed_time_prev
                0x2000037c        0x4 ./Core/Src/main.o
                0x2000037c                speed_time_prev
 .bss.sensor_counter
                0x20000380        0x1 ./Core/Src/main.o
                0x20000380                sensor_counter
 *fill*         0x20000381        0x3 
 .bss.Lsm_Sensor
                0x20000384       0x24 ./Core/Src/main.o
                0x20000384                Lsm_Sensor
 .bss.altitude_kalman
                0x200003a8        0x4 ./Core/Src/main.o
                0x200003a8                altitude_kalman
 .bss.MEGU      0x200003ac        0x1 ./Core/Src/main.o
                0x200003ac                MEGU
 *fill*         0x200003ad        0x3 
 .bss.dev       0x200003b0       0x40 ./Core/Src/main.o
                0x200003b0                dev
 .bss.comp_data
                0x200003f0        0xc ./Core/Src/main.o
                0x200003f0                comp_data
 .bss.rslt      0x200003fc        0x1 ./Core/Src/main.o
                0x200003fc                rslt
 *fill*         0x200003fd        0x3 
 .bss.__sbrk_heap_end
                0x20000400        0x4 ./Core/Src/sysmem.o
 .bss.uwTick    0x20000404        0x4 ./Drivers/STM32F4xx_HAL_Driver/Src/stm32f4xx_hal.o
                0x20000404                uwTick
 .bss.retUSER   0x20000408        0x1 ./FATFS/App/fatfs.o
                0x20000408                retUSER
 *fill*         0x20000409        0x3 
 .bss.USERPath  0x2000040c        0x4 ./FATFS/App/fatfs.o
                0x2000040c                USERPath
 .bss.disk      0x20000410        0xc ./Middlewares/Third_Party/FatFs/src/ff_gen_drv.o
                0x20000410                disk
 .bss.__malloc_sbrk_start
                0x2000041c        0x4 C:/ST/STM32CubeIDE_1.15.1/STM32CubeIDE/plugins/com.st.stm32cube.ide.mcu.externaltools.gnu-tools-for-stm32.12.3.rel1.win32_1.0.200.202406191623/tools/bin/../lib/gcc/arm-none-eabi/12.3.1/../../../../arm-none-eabi/lib/thumb/v7e-m+fp/hard\libc_nano.a(libc_a-mallocr.o)
                0x2000041c                __malloc_sbrk_start
 .bss.__malloc_free_list
                0x20000420        0x4 C:/ST/STM32CubeIDE_1.15.1/STM32CubeIDE/plugins/com.st.stm32cube.ide.mcu.externaltools.gnu-tools-for-stm32.12.3.rel1.win32_1.0.200.202406191623/tools/bin/../lib/gcc/arm-none-eabi/12.3.1/../../../../arm-none-eabi/lib/thumb/v7e-m+fp/hard\libc_nano.a(libc_a-mallocr.o)
                0x20000420                __malloc_free_list
 .bss.__sf      0x20000424      0x138 C:/ST/STM32CubeIDE_1.15.1/STM32CubeIDE/plugins/com.st.stm32cube.ide.mcu.externaltools.gnu-tools-for-stm32.12.3.rel1.win32_1.0.200.202406191623/tools/bin/../lib/gcc/arm-none-eabi/12.3.1/../../../../arm-none-eabi/lib/thumb/v7e-m+fp/hard\libc_nano.a(libc_a-findfp.o)
                0x20000424                __sf
 .bss.errno     0x2000055c        0x4 C:/ST/STM32CubeIDE_1.15.1/STM32CubeIDE/plugins/com.st.stm32cube.ide.mcu.externaltools.gnu-tools-for-stm32.12.3.rel1.win32_1.0.200.202406191623/tools/bin/../lib/gcc/arm-none-eabi/12.3.1/../../../../arm-none-eabi/lib/thumb/v7e-m+fp/hard\libc_nano.a(libc_a-reent.o)
                0x2000055c                errno
 .bss.__lock___malloc_recursive_mutex
                0x20000560        0x1 C:/ST/STM32CubeIDE_1.15.1/STM32CubeIDE/plugins/com.st.stm32cube.ide.mcu.externaltools.gnu-tools-for-stm32.12.3.rel1.win32_1.0.200.202406191623/tools/bin/../lib/gcc/arm-none-eabi/12.3.1/../../../../arm-none-eabi/lib/thumb/v7e-m+fp/hard\libc_nano.a(libc_a-lock.o)
                0x20000560                __lock___malloc_recursive_mutex
 *(COMMON)
                0x20000564                        . = ALIGN (0x4)
 *fill*         0x20000561        0x3 
                0x20000564                        _ebss = .
                0x20000564                        __bss_end__ = _ebss

._user_heap_stack
                0x20000564      0x604 load address 0x0800a388
                0x20000568                        . = ALIGN (0x8)
 *fill*         0x20000564        0x4 
                [!provide]                        PROVIDE (end = .)
                0x20000568                        PROVIDE (_end = .)
                0x20000768                        . = (. + _Min_Heap_Size)
 *fill*         0x20000568      0x200 
                0x20000b68                        . = (. + _Min_Stack_Size)
 *fill*         0x20000768      0x400 
                0x20000b68                        . = ALIGN (0x8)

/DISCARD/
 libc.a(*)
 libm.a(*)
 libgcc.a(*)

.ARM.attributes
                0x00000000       0x30
 *(.ARM.attributes)
 .ARM.attributes
                0x00000000       0x22 C:/ST/STM32CubeIDE_1.15.1/STM32CubeIDE/plugins/com.st.stm32cube.ide.mcu.externaltools.gnu-tools-for-stm32.12.3.rel1.win32_1.0.200.202406191623/tools/bin/../lib/gcc/arm-none-eabi/12.3.1/thumb/v7e-m+fp/hard/crti.o
 .ARM.attributes
                0x00000022       0x34 C:/ST/STM32CubeIDE_1.15.1/STM32CubeIDE/plugins/com.st.stm32cube.ide.mcu.externaltools.gnu-tools-for-stm32.12.3.rel1.win32_1.0.200.202406191623/tools/bin/../lib/gcc/arm-none-eabi/12.3.1/thumb/v7e-m+fp/hard/crtbegin.o
 .ARM.attributes
                0x00000056       0x34 ./Core/Src/BME280/bme280.o
 .ARM.attributes
                0x0000008a       0x34 ./Core/Src/LSM6DSLTR.o
 .ARM.attributes
                0x000000be       0x34 ./Core/Src/kalman.o
 .ARM.attributes
                0x000000f2       0x34 ./Core/Src/main.o
 .ARM.attributes
                0x00000126       0x34 ./Core/Src/stm32f4xx_hal_msp.o
 .ARM.attributes
                0x0000015a       0x34 ./Core/Src/stm32f4xx_it.o
 .ARM.attributes
                0x0000018e       0x34 ./Core/Src/sysmem.o
 .ARM.attributes
                0x000001c2       0x34 ./Core/Src/system_stm32f4xx.o
 .ARM.attributes
                0x000001f6       0x21 ./Core/Startup/startup_stm32f446rctx.o
 .ARM.attributes
                0x00000217       0x34 ./Drivers/STM32F4xx_HAL_Driver/Src/stm32f4xx_hal.o
 .ARM.attributes
                0x0000024b       0x34 ./Drivers/STM32F4xx_HAL_Driver/Src/stm32f4xx_hal_cortex.o
 .ARM.attributes
                0x0000027f       0x34 ./Drivers/STM32F4xx_HAL_Driver/Src/stm32f4xx_hal_dma.o
 .ARM.attributes
                0x000002b3       0x34 ./Drivers/STM32F4xx_HAL_Driver/Src/stm32f4xx_hal_gpio.o
 .ARM.attributes
                0x000002e7       0x34 ./Drivers/STM32F4xx_HAL_Driver/Src/stm32f4xx_hal_i2c.o
 .ARM.attributes
                0x0000031b       0x34 ./Drivers/STM32F4xx_HAL_Driver/Src/stm32f4xx_hal_rcc.o
 .ARM.attributes
                0x0000034f       0x34 ./Drivers/STM32F4xx_HAL_Driver/Src/stm32f4xx_hal_rcc_ex.o
 .ARM.attributes
                0x00000383       0x34 ./Drivers/STM32F4xx_HAL_Driver/Src/stm32f4xx_hal_tim.o
 .ARM.attributes
                0x000003b7       0x34 ./Drivers/STM32F4xx_HAL_Driver/Src/stm32f4xx_hal_tim_ex.o
 .ARM.attributes
                0x000003eb       0x34 ./Drivers/STM32F4xx_HAL_Driver/Src/stm32f4xx_hal_uart.o
 .ARM.attributes
                0x0000041f       0x34 ./FATFS/App/fatfs.o
 .ARM.attributes
                0x00000453       0x34 ./FATFS/Target/user_diskio.o
 .ARM.attributes
                0x00000487       0x34 ./Middlewares/Third_Party/FatFs/src/ff_gen_drv.o
 .ARM.attributes
                0x000004bb       0x34 C:/ST/STM32CubeIDE_1.15.1/STM32CubeIDE/plugins/com.st.stm32cube.ide.mcu.externaltools.gnu-tools-for-stm32.12.3.rel1.win32_1.0.200.202406191623/tools/bin/../lib/gcc/arm-none-eabi/12.3.1/../../../../arm-none-eabi/lib/thumb/v7e-m+fp/hard\libc_nano.a(libc_a-malloc.o)
 .ARM.attributes
                0x000004ef       0x34 C:/ST/STM32CubeIDE_1.15.1/STM32CubeIDE/plugins/com.st.stm32cube.ide.mcu.externaltools.gnu-tools-for-stm32.12.3.rel1.win32_1.0.200.202406191623/tools/bin/../lib/gcc/arm-none-eabi/12.3.1/../../../../arm-none-eabi/lib/thumb/v7e-m+fp/hard\libc_nano.a(libc_a-mallocr.o)
 .ARM.attributes
                0x00000523       0x34 C:/ST/STM32CubeIDE_1.15.1/STM32CubeIDE/plugins/com.st.stm32cube.ide.mcu.externaltools.gnu-tools-for-stm32.12.3.rel1.win32_1.0.200.202406191623/tools/bin/../lib/gcc/arm-none-eabi/12.3.1/../../../../arm-none-eabi/lib/thumb/v7e-m+fp/hard\libc_nano.a(libc_a-mlock.o)
 .ARM.attributes
                0x00000557       0x34 C:/ST/STM32CubeIDE_1.15.1/STM32CubeIDE/plugins/com.st.stm32cube.ide.mcu.externaltools.gnu-tools-for-stm32.12.3.rel1.win32_1.0.200.202406191623/tools/bin/../lib/gcc/arm-none-eabi/12.3.1/../../../../arm-none-eabi/lib/thumb/v7e-m+fp/hard\libc_nano.a(libc_a-findfp.o)
 .ARM.attributes
                0x0000058b       0x34 C:/ST/STM32CubeIDE_1.15.1/STM32CubeIDE/plugins/com.st.stm32cube.ide.mcu.externaltools.gnu-tools-for-stm32.12.3.rel1.win32_1.0.200.202406191623/tools/bin/../lib/gcc/arm-none-eabi/12.3.1/../../../../arm-none-eabi/lib/thumb/v7e-m+fp/hard\libc_nano.a(libc_a-memset.o)
 .ARM.attributes
                0x000005bf       0x34 C:/ST/STM32CubeIDE_1.15.1/STM32CubeIDE/plugins/com.st.stm32cube.ide.mcu.externaltools.gnu-tools-for-stm32.12.3.rel1.win32_1.0.200.202406191623/tools/bin/../lib/gcc/arm-none-eabi/12.3.1/../../../../arm-none-eabi/lib/thumb/v7e-m+fp/hard\libc_nano.a(libc_a-reent.o)
 .ARM.attributes
                0x000005f3       0x34 C:/ST/STM32CubeIDE_1.15.1/STM32CubeIDE/plugins/com.st.stm32cube.ide.mcu.externaltools.gnu-tools-for-stm32.12.3.rel1.win32_1.0.200.202406191623/tools/bin/../lib/gcc/arm-none-eabi/12.3.1/../../../../arm-none-eabi/lib/thumb/v7e-m+fp/hard\libc_nano.a(libc_a-impure.o)
 .ARM.attributes
                0x00000627       0x34 C:/ST/STM32CubeIDE_1.15.1/STM32CubeIDE/plugins/com.st.stm32cube.ide.mcu.externaltools.gnu-tools-for-stm32.12.3.rel1.win32_1.0.200.202406191623/tools/bin/../lib/gcc/arm-none-eabi/12.3.1/../../../../arm-none-eabi/lib/thumb/v7e-m+fp/hard\libc_nano.a(libc_a-sbrkr.o)
 .ARM.attributes
                0x0000065b       0x34 C:/ST/STM32CubeIDE_1.15.1/STM32CubeIDE/plugins/com.st.stm32cube.ide.mcu.externaltools.gnu-tools-for-stm32.12.3.rel1.win32_1.0.200.202406191623/tools/bin/../lib/gcc/arm-none-eabi/12.3.1/../../../../arm-none-eabi/lib/thumb/v7e-m+fp/hard\libc_nano.a(libc_a-errno.o)
 .ARM.attributes
                0x0000068f       0x34 C:/ST/STM32CubeIDE_1.15.1/STM32CubeIDE/plugins/com.st.stm32cube.ide.mcu.externaltools.gnu-tools-for-stm32.12.3.rel1.win32_1.0.200.202406191623/tools/bin/../lib/gcc/arm-none-eabi/12.3.1/../../../../arm-none-eabi/lib/thumb/v7e-m+fp/hard\libc_nano.a(libc_a-init.o)
 .ARM.attributes
                0x000006c3       0x34 C:/ST/STM32CubeIDE_1.15.1/STM32CubeIDE/plugins/com.st.stm32cube.ide.mcu.externaltools.gnu-tools-for-stm32.12.3.rel1.win32_1.0.200.202406191623/tools/bin/../lib/gcc/arm-none-eabi/12.3.1/../../../../arm-none-eabi/lib/thumb/v7e-m+fp/hard\libc_nano.a(libc_a-lock.o)
 .ARM.attributes
                0x000006f7       0x34 C:/ST/STM32CubeIDE_1.15.1/STM32CubeIDE/plugins/com.st.stm32cube.ide.mcu.externaltools.gnu-tools-for-stm32.12.3.rel1.win32_1.0.200.202406191623/tools/bin/../lib/gcc/arm-none-eabi/12.3.1/../../../../arm-none-eabi/lib/thumb/v7e-m+fp/hard\libc_nano.a(libc_a-memcpy-stub.o)
 .ARM.attributes
                0x0000072b       0x34 C:/ST/STM32CubeIDE_1.15.1/STM32CubeIDE/plugins/com.st.stm32cube.ide.mcu.externaltools.gnu-tools-for-stm32.12.3.rel1.win32_1.0.200.202406191623/tools/bin/../lib/gcc/arm-none-eabi/12.3.1/../../../../arm-none-eabi/lib/thumb/v7e-m+fp/hard\libc_nano.a(libc_a-freer.o)
 .ARM.attributes
                0x0000075f       0x34 C:/ST/STM32CubeIDE_1.15.1/STM32CubeIDE/plugins/com.st.stm32cube.ide.mcu.externaltools.gnu-tools-for-stm32.12.3.rel1.win32_1.0.200.202406191623/tools/bin/../lib/gcc/arm-none-eabi/12.3.1/../../../../arm-none-eabi/lib/thumb/v7e-m+fp/hard\libm.a(libm_a-w_pow.o)
 .ARM.attributes
                0x00000793       0x34 C:/ST/STM32CubeIDE_1.15.1/STM32CubeIDE/plugins/com.st.stm32cube.ide.mcu.externaltools.gnu-tools-for-stm32.12.3.rel1.win32_1.0.200.202406191623/tools/bin/../lib/gcc/arm-none-eabi/12.3.1/../../../../arm-none-eabi/lib/thumb/v7e-m+fp/hard\libm.a(libm_a-wf_atan2.o)
 .ARM.attributes
                0x000007c7       0x34 C:/ST/STM32CubeIDE_1.15.1/STM32CubeIDE/plugins/com.st.stm32cube.ide.mcu.externaltools.gnu-tools-for-stm32.12.3.rel1.win32_1.0.200.202406191623/tools/bin/../lib/gcc/arm-none-eabi/12.3.1/../../../../arm-none-eabi/lib/thumb/v7e-m+fp/hard\libm.a(libm_a-wf_sqrt.o)
 .ARM.attributes
                0x000007fb       0x34 C:/ST/STM32CubeIDE_1.15.1/STM32CubeIDE/plugins/com.st.stm32cube.ide.mcu.externaltools.gnu-tools-for-stm32.12.3.rel1.win32_1.0.200.202406191623/tools/bin/../lib/gcc/arm-none-eabi/12.3.1/../../../../arm-none-eabi/lib/thumb/v7e-m+fp/hard\libm.a(libm_a-s_finite.o)
 .ARM.attributes
                0x0000082f       0x34 C:/ST/STM32CubeIDE_1.15.1/STM32CubeIDE/plugins/com.st.stm32cube.ide.mcu.externaltools.gnu-tools-for-stm32.12.3.rel1.win32_1.0.200.202406191623/tools/bin/../lib/gcc/arm-none-eabi/12.3.1/../../../../arm-none-eabi/lib/thumb/v7e-m+fp/hard\libm.a(libm_a-ef_sqrt.o)
 .ARM.attributes
                0x00000863       0x34 C:/ST/STM32CubeIDE_1.15.1/STM32CubeIDE/plugins/com.st.stm32cube.ide.mcu.externaltools.gnu-tools-for-stm32.12.3.rel1.win32_1.0.200.202406191623/tools/bin/../lib/gcc/arm-none-eabi/12.3.1/../../../../arm-none-eabi/lib/thumb/v7e-m+fp/hard\libm.a(libm_a-e_pow.o)
 .ARM.attributes
                0x00000897       0x34 C:/ST/STM32CubeIDE_1.15.1/STM32CubeIDE/plugins/com.st.stm32cube.ide.mcu.externaltools.gnu-tools-for-stm32.12.3.rel1.win32_1.0.200.202406191623/tools/bin/../lib/gcc/arm-none-eabi/12.3.1/../../../../arm-none-eabi/lib/thumb/v7e-m+fp/hard\libm.a(libm_a-s_fabs.o)
 .ARM.attributes
                0x000008cb       0x34 C:/ST/STM32CubeIDE_1.15.1/STM32CubeIDE/plugins/com.st.stm32cube.ide.mcu.externaltools.gnu-tools-for-stm32.12.3.rel1.win32_1.0.200.202406191623/tools/bin/../lib/gcc/arm-none-eabi/12.3.1/../../../../arm-none-eabi/lib/thumb/v7e-m+fp/hard\libm.a(libm_a-ef_atan2.o)
 .ARM.attributes
                0x000008ff       0x34 C:/ST/STM32CubeIDE_1.15.1/STM32CubeIDE/plugins/com.st.stm32cube.ide.mcu.externaltools.gnu-tools-for-stm32.12.3.rel1.win32_1.0.200.202406191623/tools/bin/../lib/gcc/arm-none-eabi/12.3.1/../../../../arm-none-eabi/lib/thumb/v7e-m+fp/hard\libm.a(libm_a-sf_atan.o)
 .ARM.attributes
                0x00000933       0x34 C:/ST/STM32CubeIDE_1.15.1/STM32CubeIDE/plugins/com.st.stm32cube.ide.mcu.externaltools.gnu-tools-for-stm32.12.3.rel1.win32_1.0.200.202406191623/tools/bin/../lib/gcc/arm-none-eabi/12.3.1/../../../../arm-none-eabi/lib/thumb/v7e-m+fp/hard\libm.a(libm_a-sf_fabs.o)
 .ARM.attributes
                0x00000967       0x34 C:/ST/STM32CubeIDE_1.15.1/STM32CubeIDE/plugins/com.st.stm32cube.ide.mcu.externaltools.gnu-tools-for-stm32.12.3.rel1.win32_1.0.200.202406191623/tools/bin/../lib/gcc/arm-none-eabi/12.3.1/../../../../arm-none-eabi/lib/thumb/v7e-m+fp/hard\libm.a(libm_a-s_scalbn.o)
 .ARM.attributes
                0x0000099b       0x34 C:/ST/STM32CubeIDE_1.15.1/STM32CubeIDE/plugins/com.st.stm32cube.ide.mcu.externaltools.gnu-tools-for-stm32.12.3.rel1.win32_1.0.200.202406191623/tools/bin/../lib/gcc/arm-none-eabi/12.3.1/../../../../arm-none-eabi/lib/thumb/v7e-m+fp/hard\libm.a(libm_a-math_err.o)
 .ARM.attributes
                0x000009cf       0x34 C:/ST/STM32CubeIDE_1.15.1/STM32CubeIDE/plugins/com.st.stm32cube.ide.mcu.externaltools.gnu-tools-for-stm32.12.3.rel1.win32_1.0.200.202406191623/tools/bin/../lib/gcc/arm-none-eabi/12.3.1/../../../../arm-none-eabi/lib/thumb/v7e-m+fp/hard\libm.a(libm_a-e_sqrt.o)
 .ARM.attributes
                0x00000a03       0x22 C:/ST/STM32CubeIDE_1.15.1/STM32CubeIDE/plugins/com.st.stm32cube.ide.mcu.externaltools.gnu-tools-for-stm32.12.3.rel1.win32_1.0.200.202406191623/tools/bin/../lib/gcc/arm-none-eabi/12.3.1/thumb/v7e-m+fp/hard\libgcc.a(_arm_addsubdf3.o)
 .ARM.attributes
                0x00000a25       0x22 C:/ST/STM32CubeIDE_1.15.1/STM32CubeIDE/plugins/com.st.stm32cube.ide.mcu.externaltools.gnu-tools-for-stm32.12.3.rel1.win32_1.0.200.202406191623/tools/bin/../lib/gcc/arm-none-eabi/12.3.1/thumb/v7e-m+fp/hard\libgcc.a(_arm_muldivdf3.o)
 .ARM.attributes
                0x00000a47       0x22 C:/ST/STM32CubeIDE_1.15.1/STM32CubeIDE/plugins/com.st.stm32cube.ide.mcu.externaltools.gnu-tools-for-stm32.12.3.rel1.win32_1.0.200.202406191623/tools/bin/../lib/gcc/arm-none-eabi/12.3.1/thumb/v7e-m+fp/hard\libgcc.a(_arm_cmpdf2.o)
 .ARM.attributes
                0x00000a69       0x22 C:/ST/STM32CubeIDE_1.15.1/STM32CubeIDE/plugins/com.st.stm32cube.ide.mcu.externaltools.gnu-tools-for-stm32.12.3.rel1.win32_1.0.200.202406191623/tools/bin/../lib/gcc/arm-none-eabi/12.3.1/thumb/v7e-m+fp/hard\libgcc.a(_arm_unorddf2.o)
 .ARM.attributes
                0x00000a8b       0x22 C:/ST/STM32CubeIDE_1.15.1/STM32CubeIDE/plugins/com.st.stm32cube.ide.mcu.externaltools.gnu-tools-for-stm32.12.3.rel1.win32_1.0.200.202406191623/tools/bin/../lib/gcc/arm-none-eabi/12.3.1/thumb/v7e-m+fp/hard\libgcc.a(_arm_truncdfsf2.o)
 .ARM.attributes
                0x00000aad       0x22 C:/ST/STM32CubeIDE_1.15.1/STM32CubeIDE/plugins/com.st.stm32cube.ide.mcu.externaltools.gnu-tools-for-stm32.12.3.rel1.win32_1.0.200.202406191623/tools/bin/../lib/gcc/arm-none-eabi/12.3.1/thumb/v7e-m+fp/hard\libgcc.a(_aeabi_ldivmod.o)
 .ARM.attributes
                0x00000acf       0x22 C:/ST/STM32CubeIDE_1.15.1/STM32CubeIDE/plugins/com.st.stm32cube.ide.mcu.externaltools.gnu-tools-for-stm32.12.3.rel1.win32_1.0.200.202406191623/tools/bin/../lib/gcc/arm-none-eabi/12.3.1/thumb/v7e-m+fp/hard\libgcc.a(_aeabi_uldivmod.o)
 .ARM.attributes
                0x00000af1       0x34 C:/ST/STM32CubeIDE_1.15.1/STM32CubeIDE/plugins/com.st.stm32cube.ide.mcu.externaltools.gnu-tools-for-stm32.12.3.rel1.win32_1.0.200.202406191623/tools/bin/../lib/gcc/arm-none-eabi/12.3.1/thumb/v7e-m+fp/hard\libgcc.a(_udivmoddi4.o)
 .ARM.attributes
                0x00000b25       0x22 C:/ST/STM32CubeIDE_1.15.1/STM32CubeIDE/plugins/com.st.stm32cube.ide.mcu.externaltools.gnu-tools-for-stm32.12.3.rel1.win32_1.0.200.202406191623/tools/bin/../lib/gcc/arm-none-eabi/12.3.1/thumb/v7e-m+fp/hard\libgcc.a(_dvmd_tls.o)
 .ARM.attributes
                0x00000b47       0x22 C:/ST/STM32CubeIDE_1.15.1/STM32CubeIDE/plugins/com.st.stm32cube.ide.mcu.externaltools.gnu-tools-for-stm32.12.3.rel1.win32_1.0.200.202406191623/tools/bin/../lib/gcc/arm-none-eabi/12.3.1/thumb/v7e-m+fp/hard/crtn.o
OUTPUT(MEGU.elf elf32-littlearm)
LOAD linker stubs
LOAD C:/ST/STM32CubeIDE_1.15.1/STM32CubeIDE/plugins/com.st.stm32cube.ide.mcu.externaltools.gnu-tools-for-stm32.12.3.rel1.win32_1.0.200.202406191623/tools/bin/../lib/gcc/arm-none-eabi/12.3.1/../../../../arm-none-eabi/lib/thumb/v7e-m+fp/hard\libc.a
LOAD C:/ST/STM32CubeIDE_1.15.1/STM32CubeIDE/plugins/com.st.stm32cube.ide.mcu.externaltools.gnu-tools-for-stm32.12.3.rel1.win32_1.0.200.202406191623/tools/bin/../lib/gcc/arm-none-eabi/12.3.1/../../../../arm-none-eabi/lib/thumb/v7e-m+fp/hard\libm.a
LOAD C:/ST/STM32CubeIDE_1.15.1/STM32CubeIDE/plugins/com.st.stm32cube.ide.mcu.externaltools.gnu-tools-for-stm32.12.3.rel1.win32_1.0.200.202406191623/tools/bin/../lib/gcc/arm-none-eabi/12.3.1/thumb/v7e-m+fp/hard\libgcc.a

.debug_info     0x00000000    0x13915
 .debug_info    0x00000000      0xfe6 ./Core/Src/BME280/bme280.o
 .debug_info    0x00000fe6      0x998 ./Core/Src/LSM6DSLTR.o
 .debug_info    0x0000197e       0xf7 ./Core/Src/kalman.o
 .debug_info    0x00001a75     0x253a ./Core/Src/main.o
 .debug_info    0x00003faf     0x12aa ./Core/Src/stm32f4xx_hal_msp.o
 .debug_info    0x00005259      0x988 ./Core/Src/stm32f4xx_it.o
 .debug_info    0x00005be1      0x168 ./Core/Src/sysmem.o
 .debug_info    0x00005d49      0x54a ./Core/Src/system_stm32f4xx.o
 .debug_info    0x00006293       0x30 ./Core/Startup/startup_stm32f446rctx.o
 .debug_info    0x000062c3      0x99e ./Drivers/STM32F4xx_HAL_Driver/Src/stm32f4xx_hal.o
 .debug_info    0x00006c61      0xd64 ./Drivers/STM32F4xx_HAL_Driver/Src/stm32f4xx_hal_cortex.o
 .debug_info    0x000079c5      0x8e7 ./Drivers/STM32F4xx_HAL_Driver/Src/stm32f4xx_hal_dma.o
 .debug_info    0x000082ac      0x70b ./Drivers/STM32F4xx_HAL_Driver/Src/stm32f4xx_hal_gpio.o
 .debug_info    0x000089b7     0x23ed ./Drivers/STM32F4xx_HAL_Driver/Src/stm32f4xx_hal_i2c.o
 .debug_info    0x0000ada4      0x8ed ./Drivers/STM32F4xx_HAL_Driver/Src/stm32f4xx_hal_rcc.o
 .debug_info    0x0000b691      0x956 ./Drivers/STM32F4xx_HAL_Driver/Src/stm32f4xx_hal_rcc_ex.o
 .debug_info    0x0000bfe7     0x2948 ./Drivers/STM32F4xx_HAL_Driver/Src/stm32f4xx_hal_tim.o
 .debug_info    0x0000e92f     0x14ae ./Drivers/STM32F4xx_HAL_Driver/Src/stm32f4xx_hal_tim_ex.o
 .debug_info    0x0000fddd     0x2fb8 ./Drivers/STM32F4xx_HAL_Driver/Src/stm32f4xx_hal_uart.o
 .debug_info    0x00012d95      0x4d9 ./FATFS/App/fatfs.o
 .debug_info    0x0001326e      0x328 ./FATFS/Target/user_diskio.o
 .debug_info    0x00013596      0x37f ./Middlewares/Third_Party/FatFs/src/ff_gen_drv.o

.debug_abbrev   0x00000000     0x2b02
 .debug_abbrev  0x00000000      0x19a ./Core/Src/BME280/bme280.o
 .debug_abbrev  0x0000019a      0x20c ./Core/Src/LSM6DSLTR.o
 .debug_abbrev  0x000003a6       0xb5 ./Core/Src/kalman.o
 .debug_abbrev  0x0000045b      0x3f2 ./Core/Src/main.o
 .debug_abbrev  0x0000084d      0x20a ./Core/Src/stm32f4xx_hal_msp.o
 .debug_abbrev  0x00000a57      0x19c ./Core/Src/stm32f4xx_it.o
 .debug_abbrev  0x00000bf3       0xbc ./Core/Src/sysmem.o
 .debug_abbrev  0x00000caf      0x11a ./Core/Src/system_stm32f4xx.o
 .debug_abbrev  0x00000dc9       0x24 ./Core/Startup/startup_stm32f446rctx.o
 .debug_abbrev  0x00000ded      0x213 ./Drivers/STM32F4xx_HAL_Driver/Src/stm32f4xx_hal.o
 .debug_abbrev  0x00001000      0x327 ./Drivers/STM32F4xx_HAL_Driver/Src/stm32f4xx_hal_cortex.o
 .debug_abbrev  0x00001327      0x264 ./Drivers/STM32F4xx_HAL_Driver/Src/stm32f4xx_hal_dma.o
 .debug_abbrev  0x0000158b      0x1d4 ./Drivers/STM32F4xx_HAL_Driver/Src/stm32f4xx_hal_gpio.o
 .debug_abbrev  0x0000175f      0x2ad ./Drivers/STM32F4xx_HAL_Driver/Src/stm32f4xx_hal_i2c.o
 .debug_abbrev  0x00001a0c      0x2b6 ./Drivers/STM32F4xx_HAL_Driver/Src/stm32f4xx_hal_rcc.o
 .debug_abbrev  0x00001cc2      0x20a ./Drivers/STM32F4xx_HAL_Driver/Src/stm32f4xx_hal_rcc_ex.o
 .debug_abbrev  0x00001ecc      0x271 ./Drivers/STM32F4xx_HAL_Driver/Src/stm32f4xx_hal_tim.o
 .debug_abbrev  0x0000213d      0x27c ./Drivers/STM32F4xx_HAL_Driver/Src/stm32f4xx_hal_tim_ex.o
 .debug_abbrev  0x000023b9      0x30e ./Drivers/STM32F4xx_HAL_Driver/Src/stm32f4xx_hal_uart.o
 .debug_abbrev  0x000026c7      0x160 ./FATFS/App/fatfs.o
 .debug_abbrev  0x00002827      0x13c ./FATFS/Target/user_diskio.o
 .debug_abbrev  0x00002963      0x19f ./Middlewares/Third_Party/FatFs/src/ff_gen_drv.o

.debug_aranges  0x00000000     0x11f0
 .debug_aranges
                0x00000000      0x118 ./Core/Src/BME280/bme280.o
 .debug_aranges
                0x00000118       0x48 ./Core/Src/LSM6DSLTR.o
 .debug_aranges
                0x00000160       0x28 ./Core/Src/kalman.o
 .debug_aranges
                0x00000188       0xc0 ./Core/Src/main.o
 .debug_aranges
                0x00000248       0x50 ./Core/Src/stm32f4xx_hal_msp.o
 .debug_aranges
                0x00000298       0x78 ./Core/Src/stm32f4xx_it.o
 .debug_aranges
                0x00000310       0x20 ./Core/Src/sysmem.o
 .debug_aranges
                0x00000330       0x28 ./Core/Src/system_stm32f4xx.o
 .debug_aranges
                0x00000358       0x28 ./Core/Startup/startup_stm32f446rctx.o
 .debug_aranges
                0x00000380       0xf0 ./Drivers/STM32F4xx_HAL_Driver/Src/stm32f4xx_hal.o
 .debug_aranges
                0x00000470      0x118 ./Drivers/STM32F4xx_HAL_Driver/Src/stm32f4xx_hal_cortex.o
 .debug_aranges
                0x00000588       0x90 ./Drivers/STM32F4xx_HAL_Driver/Src/stm32f4xx_hal_dma.o
 .debug_aranges
                0x00000618       0x58 ./Drivers/STM32F4xx_HAL_Driver/Src/stm32f4xx_hal_gpio.o
 .debug_aranges
                0x00000670      0x2a0 ./Drivers/STM32F4xx_HAL_Driver/Src/stm32f4xx_hal_i2c.o
 .debug_aranges
                0x00000910       0x88 ./Drivers/STM32F4xx_HAL_Driver/Src/stm32f4xx_hal_rcc.o
 .debug_aranges