Archive member included to satisfy reference by file (symbol)

C:/ST/STM32CubeIDE_1.15.1/STM32CubeIDE/plugins/com.st.stm32cube.ide.mcu.externaltools.gnu-tools-for-stm32.12.3.rel1.win32_1.0.200.202406191623/tools/bin/../lib/gcc/arm-none-eabi/12.3.1/../../../../arm-none-eabi/lib/thumb/v7e-m+fp/hard\libc_nano.a(libc_a-exit.o)
                              C:/ST/STM32CubeIDE_1.15.1/STM32CubeIDE/plugins/com.st.stm32cube.ide.mcu.externaltools.gnu-tools-for-stm32.12.3.rel1.win32_1.0.200.202406191623/tools/bin/../lib/gcc/arm-none-eabi/12.3.1/../../../../arm-none-eabi/lib/thumb/v7e-m+fp/hard/crt0.o (exit)
C:/ST/STM32CubeIDE_1.15.1/STM32CubeIDE/plugins/com.st.stm32cube.ide.mcu.externaltools.gnu-tools-for-stm32.12.3.rel1.win32_1.0.200.202406191623/tools/bin/../lib/gcc/arm-none-eabi/12.3.1/../../../../arm-none-eabi/lib/thumb/v7e-m+fp/hard\libc_nano.a(libc_a-malloc.o)
                              ./Core/Src/main.o (malloc)
C:/ST/STM32CubeIDE_1.15.1/STM32CubeIDE/plugins/com.st.stm32cube.ide.mcu.externaltools.gnu-tools-for-stm32.12.3.rel1.win32_1.0.200.202406191623/tools/bin/../lib/gcc/arm-none-eabi/12.3.1/../../../../arm-none-eabi/lib/thumb/v7e-m+fp/hard\libc_nano.a(libc_a-mallocr.o)
                              C:/ST/STM32CubeIDE_1.15.1/STM32CubeIDE/plugins/com.st.stm32cube.ide.mcu.externaltools.gnu-tools-for-stm32.12.3.rel1.win32_1.0.200.202406191623/tools/bin/../lib/gcc/arm-none-eabi/12.3.1/../../../../arm-none-eabi/lib/thumb/v7e-m+fp/hard\libc_nano.a(libc_a-malloc.o) (_malloc_r)
C:/ST/STM32CubeIDE_1.15.1/STM32CubeIDE/plugins/com.st.stm32cube.ide.mcu.externaltools.gnu-tools-for-stm32.12.3.rel1.win32_1.0.200.202406191623/tools/bin/../lib/gcc/arm-none-eabi/12.3.1/../../../../arm-none-eabi/lib/thumb/v7e-m+fp/hard\libc_nano.a(libc_a-mlock.o)
                              C:/ST/STM32CubeIDE_1.15.1/STM32CubeIDE/plugins/com.st.stm32cube.ide.mcu.externaltools.gnu-tools-for-stm32.12.3.rel1.win32_1.0.200.202406191623/tools/bin/../lib/gcc/arm-none-eabi/12.3.1/../../../../arm-none-eabi/lib/thumb/v7e-m+fp/hard\libc_nano.a(libc_a-mallocr.o) (__malloc_lock)
C:/ST/STM32CubeIDE_1.15.1/STM32CubeIDE/plugins/com.st.stm32cube.ide.mcu.externaltools.gnu-tools-for-stm32.12.3.rel1.win32_1.0.200.202406191623/tools/bin/../lib/gcc/arm-none-eabi/12.3.1/../../../../arm-none-eabi/lib/thumb/v7e-m+fp/hard\libc_nano.a(libc_a-findfp.o)
                              C:/ST/STM32CubeIDE_1.15.1/STM32CubeIDE/plugins/com.st.stm32cube.ide.mcu.externaltools.gnu-tools-for-stm32.12.3.rel1.win32_1.0.200.202406191623/tools/bin/../lib/gcc/arm-none-eabi/12.3.1/../../../../arm-none-eabi/lib/thumb/v7e-m+fp/hard\libc_nano.a(libc_a-exit.o) (__stdio_exit_handler)
C:/ST/STM32CubeIDE_1.15.1/STM32CubeIDE/plugins/com.st.stm32cube.ide.mcu.externaltools.gnu-tools-for-stm32.12.3.rel1.win32_1.0.200.202406191623/tools/bin/../lib/gcc/arm-none-eabi/12.3.1/../../../../arm-none-eabi/lib/thumb/v7e-m+fp/hard\libc_nano.a(libc_a-fwalk.o)
                              C:/ST/STM32CubeIDE_1.15.1/STM32CubeIDE/plugins/com.st.stm32cube.ide.mcu.externaltools.gnu-tools-for-stm32.12.3.rel1.win32_1.0.200.202406191623/tools/bin/../lib/gcc/arm-none-eabi/12.3.1/../../../../arm-none-eabi/lib/thumb/v7e-m+fp/hard\libc_nano.a(libc_a-findfp.o) (_fwalk_sglue)
C:/ST/STM32CubeIDE_1.15.1/STM32CubeIDE/plugins/com.st.stm32cube.ide.mcu.externaltools.gnu-tools-for-stm32.12.3.rel1.win32_1.0.200.202406191623/tools/bin/../lib/gcc/arm-none-eabi/12.3.1/../../../../arm-none-eabi/lib/thumb/v7e-m+fp/hard\libc_nano.a(libc_a-stdio.o)
                              C:/ST/STM32CubeIDE_1.15.1/STM32CubeIDE/plugins/com.st.stm32cube.ide.mcu.externaltools.gnu-tools-for-stm32.12.3.rel1.win32_1.0.200.202406191623/tools/bin/../lib/gcc/arm-none-eabi/12.3.1/../../../../arm-none-eabi/lib/thumb/v7e-m+fp/hard\libc_nano.a(libc_a-findfp.o) (__sread)
C:/ST/STM32CubeIDE_1.15.1/STM32CubeIDE/plugins/com.st.stm32cube.ide.mcu.externaltools.gnu-tools-for-stm32.12.3.rel1.win32_1.0.200.202406191623/tools/bin/../lib/gcc/arm-none-eabi/12.3.1/../../../../arm-none-eabi/lib/thumb/v7e-m+fp/hard\libc_nano.a(libc_a-memset.o)
                              C:/ST/STM32CubeIDE_1.15.1/STM32CubeIDE/plugins/com.st.stm32cube.ide.mcu.externaltools.gnu-tools-for-stm32.12.3.rel1.win32_1.0.200.202406191623/tools/bin/../lib/gcc/arm-none-eabi/12.3.1/../../../../arm-none-eabi/lib/thumb/v7e-m+fp/hard/crt0.o (memset)
C:/ST/STM32CubeIDE_1.15.1/STM32CubeIDE/plugins/com.st.stm32cube.ide.mcu.externaltools.gnu-tools-for-stm32.12.3.rel1.win32_1.0.200.202406191623/tools/bin/../lib/gcc/arm-none-eabi/12.3.1/../../../../arm-none-eabi/lib/thumb/v7e-m+fp/hard\libc_nano.a(libc_a-closer.o)
                              C:/ST/STM32CubeIDE_1.15.1/STM32CubeIDE/plugins/com.st.stm32cube.ide.mcu.externaltools.gnu-tools-for-stm32.12.3.rel1.win32_1.0.200.202406191623/tools/bin/../lib/gcc/arm-none-eabi/12.3.1/../../../../arm-none-eabi/lib/thumb/v7e-m+fp/hard\libc_nano.a(libc_a-stdio.o) (_close_r)
[...]
Memory Configuration

Name             Origin             Length             Attributes
RAM              0x20000000         0x00020000         xrw
FLASH            0x08000000         0x00040000         xr
*default*        0x00000000         0xffffffff

Linker script and memory map

LOAD C:/ST/STM32CubeIDE_1.15.1/STM32CubeIDE/plugins/com.st.stm32cube.ide.mcu.externaltools.gnu-tools-for-stm32.12.3.rel1.win32_1.0.200.202406191623/tools/bin/../lib/gcc/arm-none-eabi/12.3.1/thumb/v7e-m+fp/hard/crti.o
LOAD C:/ST/STM32CubeIDE_1.15.1/STM32CubeIDE/plugins/com.st.stm32cube.ide.mcu.externaltools.gnu-tools-for-stm32.12.3.rel1.win32_1.0.200.202406191623/tools/bin/../lib/gcc/arm-none-eabi/12.3.1/thumb/v7e-m+fp/hard/crtbegin.o
LOAD C:/ST/STM32CubeIDE_1.15.1/STM32CubeIDE/plugins/com.st.stm32cube.ide.mcu.externaltools.gnu-tools-for-stm32.12.3.rel1.win32_1.0.200.202406191623/tools/bin/../lib/gcc/arm-none-eabi/12.3.1/../../../../arm-none-eabi/lib/thumb/v7e-m+fp/hard/crt0.o
LOAD ./Core/Src/BME280/bme280.o
LOAD ./Core/Src/FIR_FILTER.o
LOAD ./Core/Src/LSM6DSLTR.o
LOAD ./Core/Src/kalman.o
LOAD ./Core/Src/main.o
LOAD ./Core/Src/stm32f4xx_hal_msp.o
LOAD ./Core/Src/stm32f4xx_it.o
LOAD ./Core/Src/syscalls.o
LOAD ./Core/Src/sysmem.o
LOAD ./Core/Src/system_stm32f4xx.o
LOAD ./Core/Startup/startup_stm32f446rctx.o
LOAD ./Drivers/STM32F4xx_HAL_Driver/Src/stm32f4xx_hal.o
LOAD ./Drivers/STM32F4xx_HAL_Driver/Src/stm32f4xx_hal_cortex.o
LOAD ./Drivers/STM32F4xx_HAL_Driver/Src/stm32f4xx_hal_dma.o
LOAD ./Drivers/STM32F4xx_HAL_Driver/Src/stm32f4xx_hal_dma_ex.o
LOAD ./Drivers/STM32F4xx_HAL_Driver/Src/stm32f4xx_hal_exti.o
LOAD ./Drivers/STM32F4xx_HAL_Driver/Src/stm32f4xx_hal_flash.o
LOAD ./Drivers/STM32F4xx_HAL_Driver/Src/stm32f4xx_hal_flash_ex.o
LOAD ./Drivers/STM32F4xx_HAL_Driver/Src/stm32f4xx_hal_flash_ramfunc.o
LOAD ./Drivers/STM32F4xx_HAL_Driver/Src/stm32f4xx_hal_gpio.o
LOAD ./Drivers/STM32F4xx_HAL_Driver/Src/stm32f4xx_hal_i2c.o
LOAD ./Drivers/STM32F4xx_HAL_Driver/Src/stm32f4xx_hal_i2c_ex.o
LOAD ./Drivers/STM32F4xx_HAL_Driver/Src/stm32f4xx_hal_pwr.o
LOAD ./Drivers/STM32F4xx_HAL_Driver/Src/stm32f4xx_hal_pwr_ex.o
LOAD ./Drivers/STM32F4xx_HAL_Driver/Src/stm32f4xx_hal_rcc.o
LOAD ./Drivers/STM32F4xx_HAL_Driver/Src/stm32f4xx_hal_rcc_ex.o
LOAD ./Drivers/STM32F4xx_HAL_Driver/Src/stm32f4xx_hal_spi.o
LOAD ./Drivers/STM32F4xx_HAL_Driver/Src/stm32f4xx_hal_tim.o
LOAD ./Drivers/STM32F4xx_HAL_Driver/Src/stm32f4xx_hal_tim_ex.o
LOAD ./Drivers/STM32F4xx_HAL_Driver/Src/stm32f4xx_hal_uart.o
LOAD ./FATFS/App/fatfs.o
LOAD ./FATFS/Target/user_diskio.o
LOAD ./Middlewares/Third_Party/FatFs/src/diskio.o
LOAD ./Middlewares/Third_Party/FatFs/src/ff.o
LOAD ./Middlewares/Third_Party/FatFs/src/ff_gen_drv.o
LOAD ./Middlewares/Third_Party/FatFs/src/option/syscall.o
START GROUP
LOAD C:/ST/STM32CubeIDE_1.15.1/STM32CubeIDE/plugins/com.st.stm32cube.ide.mcu.externaltools.gnu-tools-for-stm32.12.3.rel1.win32_1.0.200.202406191623/tools/bin/../lib/gcc/arm-none-eabi/12.3.1/../../../../arm-none-eabi/lib/thumb/v7e-m+fp/hard\libc_nano.a
LOAD C:/ST/STM32CubeIDE_1.15.1/STM32CubeIDE/plugins/com.st.stm32cube.ide.mcu.externaltools.gnu-tools-for-stm32.12.3.rel1.win32_1.0.200.202406191623/tools/bin/../lib/gcc/arm-none-eabi/12.3.1/../../../../arm-none-eabi/lib/thumb/v7e-m+fp/hard\libm.a
END GROUP
START GROUP
LOAD C:/ST/STM32CubeIDE_1.15.1/STM32CubeIDE/plugins/com.st.stm32cube.ide.mcu.externaltools.gnu-tools-for-stm32.12.3.rel1.win32_1.0.200.202406191623/tools/bin/../lib/gcc/arm-none-eabi/12.3.1/thumb/v7e-m+fp/hard\libgcc.a
LOAD C:/ST/STM32CubeIDE_1.15.1/STM32CubeIDE/plugins/com.st.stm32cube.ide.mcu.externaltools.gnu-tools-for-stm32.12.3.rel1.win32_1.0.200.202406191623/tools/bin/../lib/gcc/arm-none-eabi/12.3.1/../../../../arm-none-eabi/lib/thumb/v7e-m+fp/hard\libc_nano.a
END GROUP
START GROUP
LOAD C:/ST/STM32CubeIDE_1.15.1/STM32CubeIDE/plugins/com.st.stm32cube.ide.mcu.externaltools.gnu-tools-for-stm32.12.3.rel1.win32_1.0.200.202406191623/tools/bin/../lib/gcc/arm-none-eabi/12.3.1/thumb/v7e-m+fp/hard\libgcc.a
LOAD C:/ST/STM32CubeIDE_1.15.1/STM32CubeIDE/plugins/com.st.stm32cube.ide.mcu.externaltools.gnu-tools-for-stm32.12.3.rel1.win32_1.0.200.202406191623/tools/bin/../lib/gcc/arm-none-eabi/12.3.1/../../../../arm-none-eabi/lib/thumb/v7e-m+fp/hard\libc_nano.a
LOAD C:/ST/STM32CubeIDE_1.15.1/STM32CubeIDE/plugins/com.st.stm32cube.ide.mcu.externaltools.gnu-tools-for-stm32.12.3.rel1.win32_1.0.200.202406191623/tools/bin/../lib/gcc/arm-none-eabi/12.3.1/../../../../arm-none-eabi/lib/thumb/v7e-m+fp/hard\libnosys.a
END GROUP
START GROUP
LOAD C:/ST/STM32CubeIDE_1.15.1/STM32CubeIDE/plugins/com.st.stm32cube.ide.mcu.externaltools.gnu-tools-for-stm32.12.3.rel1.win32_1.0.200.202406191623/tools/bin/../lib/gcc/arm-none-eabi/12.3.1/thumb/v7e-m+fp/hard\libgcc.a
LOAD C:/ST/STM32CubeIDE_1.15.1/STM32CubeIDE/plugins/com.st.stm32cube.ide.mcu.externaltools.gnu-tools-for-stm32.12.3.rel1.win32_1.0.200.202406191623/tools/bin/../lib/gcc/arm-none-eabi/12.3.1/../../../../arm-none-eabi/lib/thumb/v7e-m+fp/hard\libc_nano.a
LOAD C:/ST/STM32CubeIDE_1.15.1/STM32CubeIDE/plugins/com.st.stm32cube.ide.mcu.externaltools.gnu-tools-for-stm32.12.3.rel1.win32_1.0.200.202406191623/tools/bin/../lib/gcc/arm-none-eabi/12.3.1/../../../../arm-none-eabi/lib/thumb/v7e-m+fp/hard\libnosys.a
END GROUP
LOAD C:/ST/STM32CubeIDE_1.15.1/STM32CubeIDE/plugins/com.st.stm32cube.ide.mcu.externaltools.gnu-tools-for-stm32.12.3.rel1.win32_1.0.200.202406191623/tools/bin/../lib/gcc/arm-none-eabi/12.3.1/thumb/v7e-m+fp/hard/crtend.o
LOAD C:/ST/STM32CubeIDE_1.15.1/STM32CubeIDE/plugins/com.st.stm32cube.ide.mcu.externaltools.gnu-tools-for-stm32.12.3.rel1.win32_1.0.200.202406191623/tools/bin/../lib/gcc/arm-none-eabi/12.3.1/thumb/v7e-m+fp/hard/crtn.o
                0x20020000                        _estack = (ORIGIN (RAM) + LENGTH (RAM))
                0x00000200                        _Min_Heap_Size = 0x200
                0x00000400                        _Min_Stack_Size = 0x400

.isr_vector     0x08000000      0x1c4
                0x08000000                        . = ALIGN (0x4)
 *(.isr_vector)
 .isr_vector    0x08000000      0x1c4 ./Core/Startup/startup_stm32f446rctx.o
                0x08000000                g_pfnVectors
                0x080001c4                        . = ALIGN (0x4)

.text           0x080001c8     0x9b84
                0x080001c8                        . = ALIGN (0x4)
 *(.text)
 .text          0x080001c8       0x40 C:/ST/STM32CubeIDE_1.15.1/STM32CubeIDE/plugins/com.st.stm32cube.ide.mcu.externaltools.gnu-tools-for-stm32.12.3.rel1.win32_1.0.200.202406191623/tools/bin/../lib/gcc/arm-none-eabi/12.3.1/thumb/v7e-m+fp/hard/crtbegin.o
 .text          0x08000208      0x378 C:/ST/STM32CubeIDE_1.15.1/STM32CubeIDE/plugins/com.st.stm32cube.ide.mcu.externaltools.gnu-tools-for-stm32.12.3.rel1.win32_1.0.200.202406191623/tools/bin/../lib/gcc/arm-none-eabi/12.3.1/thumb/v7e-m+fp/hard\libgcc.a(_arm_addsubdf3.o)
                0x08000208                __aeabi_drsub
                0x08000210                __aeabi_dsub
                0x08000210                __subdf3
                0x08000214                __aeabi_dadd
                0x08000214                __adddf3
                0x0800048c                __floatunsidf
                0x0800048c                __aeabi_ui2d
                0x080004ac                __floatsidf
                0x080004ac                __aeabi_i2d
                0x080004d0                __aeabi_f2d
                0x080004d0                __extendsfdf2
                0x08000514                __floatundidf
                0x08000514                __aeabi_ul2d
                0x08000524                __floatdidf
                0x08000524                __aeabi_l2d
 .text          0x08000580      0x424 C:/ST/STM32CubeIDE_1.15.1/STM32CubeIDE/plugins/com.st.stm32cube.ide.mcu.externaltools.gnu-tools-for-stm32.12.3.rel1.win32_1.0.200.202406191623/tools/bin/../lib/gcc/arm-none-eabi/12.3.1/thumb/v7e-m+fp/hard\libgcc.a(_arm_muldivdf3.o)
                0x08000580                __aeabi_dmul
                0x08000580                __muldf3
                0x080007d4                __divdf3
                0x080007d4                __aeabi_ddiv
 .text          0x080009a4      0x110 C:/ST/STM32CubeIDE_1.15.1/STM32CubeIDE/plugins/com.st.stm32cube.ide.mcu.externaltools.gnu-tools-for-stm32.12.3.rel1.win32_1.0.200.202406191623/tools/bin/../lib/gcc/arm-none-eabi/12.3.1/thumb/v7e-m+fp/hard\libgcc.a(_arm_cmpdf2.o)
                0x080009a4                __gtdf2
                0x080009a4                __gedf2
                0x080009ac                __ltdf2
                0x080009ac                __ledf2
                0x080009b4                __nedf2
                0x080009b4                __eqdf2
                0x080009b4                __cmpdf2
                0x08000a30                __aeabi_cdrcmple
                0x08000a40                __aeabi_cdcmpeq
                0x08000a40                __aeabi_cdcmple
                0x08000a50                __aeabi_dcmpeq
                0x08000a64                __aeabi_dcmplt
                0x08000a78                __aeabi_dcmple
                0x08000a8c                __aeabi_dcmpge
                0x08000aa0                __aeabi_dcmpgt
 .text          0x08000ab4       0x2c C:/ST/STM32CubeIDE_1.15.1/STM32CubeIDE/plugins/com.st.stm32cube.ide.mcu.externaltools.gnu-tools-for-stm32.12.3.rel1.win32_1.0.200.202406191623/tools/bin/../lib/gcc/arm-none-eabi/12.3.1/thumb/v7e-m+fp/hard\libgcc.a(_arm_unorddf2.o)
                0x08000ab4                __unorddf2
                0x08000ab4                __aeabi_dcmpun
 .text          0x08000ae0       0xa0 C:/ST/STM32CubeIDE_1.15.1/STM32CubeIDE/plugins/com.st.stm32cube.ide.mcu.externaltools.gnu-tools-for-stm32.12.3.rel1.win32_1.0.200.202406191623/tools/bin/../lib/gcc/arm-none-eabi/12.3.1/thumb/v7e-m+fp/hard\libgcc.a(_arm_truncdfsf2.o)
                0x08000ae0                __truncdfsf2
                0x08000ae0                __aeabi_d2f
 .text          0x08000b80       0xa0 C:/ST/STM32CubeIDE_1.15.1/STM32CubeIDE/plugins/com.st.stm32cube.ide.mcu.externaltools.gnu-tools-for-stm32.12.3.rel1.win32_1.0.200.202406191623/tools/bin/../lib/gcc/arm-none-eabi/12.3.1/thumb/v7e-m+fp/hard\libgcc.a(_aeabi_ldivmod.o)
                0x08000b80                __aeabi_ldivmod
 .text          0x08000c20       0x30 C:/ST/STM32CubeIDE_1.15.1/STM32CubeIDE/plugins/com.st.stm32cube.ide.mcu.externaltools.gnu-tools-for-stm32.12.3.rel1.win32_1.0.200.202406191623/tools/bin/../lib/gcc/arm-none-eabi/12.3.1/thumb/v7e-m+fp/hard\libgcc.a(_aeabi_uldivmod.o)
                0x08000c20                __aeabi_uldivmod
 .text          0x08000c50      0x2bc C:/ST/STM32CubeIDE_1.15.1/STM32CubeIDE/plugins/com.st.stm32cube.ide.mcu.externaltools.gnu-tools-for-stm32.12.3.rel1.win32_1.0.200.202406191623/tools/bin/../lib/gcc/arm-none-eabi/12.3.1/thumb/v7e-m+fp/hard\libgcc.a(_udivmoddi4.o)
                0x08000c50                __udivmoddi4
 .text          0x08000f0c        0x4 C:/ST/STM32CubeIDE_1.15.1/STM32CubeIDE/plugins/com.st.stm32cube.ide.mcu.externaltools.gnu-tools-for-stm32.12.3.rel1.win32_1.0.200.202406191623/tools/bin/../lib/gcc/arm-none-eabi/12.3.1/thumb/v7e-m+fp/hard\libgcc.a(_dvmd_tls.o)
                0x08000f0c                __aeabi_idiv0
                0x08000f0c                __aeabi_ldiv0
 *(.text*)
 .text.bme280_init
                0x08000f10       0x96 ./Core/Src/BME280/bme280.o
                0x08000f10                bme280_init
 .text.bme280_get_regs
                0x08000fa6       0x60 ./Core/Src/BME280/bme280.o
                0x08000fa6                bme280_get_regs
 .text.bme280_set_regs
                0x08001006       0xf2 ./Core/Src/BME280/bme280.o
                0x08001006                bme280_set_regs
 .text.bme280_set_sensor_settings
                0x080010f8       0xaa ./Core/Src/BME280/bme280.o
                0x080010f8                bme280_set_sensor_settings
 .text.bme280_set_sensor_mode
                0x080011a2       0x68 ./Core/Src/BME280/bme280.o
                0x080011a2                bme280_set_sensor_mode
 .text.bme280_get_sensor_mode
                0x0800120a       0x46 ./Core/Src/BME280/bme280.o
                0x0800120a                bme280_get_sensor_mode
 .text.bme280_soft_reset
                0x08001250       0x4a ./Core/Src/BME280/bme280.o
                0x08001250                bme280_soft_reset
 .text.bme280_get_sensor_data
                0x0800129a       0x92 ./Core/Src/BME280/bme280.o
                0x0800129a                bme280_get_sensor_data
 .text.bme280_parse_sensor_data
                0x0800132c       0x8c ./Core/Src/BME280/bme280.o
                0x0800132c                bme280_parse_sensor_data
 .text.bme280_compensate_data
                0x080013b8       0x92 ./Core/Src/BME280/bme280.o
                0x080013b8                bme280_compensate_data
 .text.set_osr_settings
                0x0800144a       0x4e ./Core/Src/BME280/bme280.o
 .text.set_osr_humidity_settings
                0x08001498       0x74 ./Core/Src/BME280/bme280.o
 .text.set_osr_press_temp_settings
                0x0800150c       0x78 ./Core/Src/BME280/bme280.o
 .text.set_filter_standby_settings
                0x08001584       0x78 ./Core/Src/BME280/bme280.o
 .text.fill_filter_settings
                0x080015fc       0x3a ./Core/Src/BME280/bme280.o
 .text.fill_standby_settings
                0x08001636       0x34 ./Core/Src/BME280/bme280.o
 .text.fill_osr_press_settings
                0x0800166a       0x3a ./Core/Src/BME280/bme280.o
 .text.fill_osr_temp_settings
                0x080016a4       0x34 ./Core/Src/BME280/bme280.o
 .text.parse_device_settings
                0x080016d8       0x68 ./Core/Src/BME280/bme280.o
 .text.write_power_mode
                0x08001740       0x66 ./Core/Src/BME280/bme280.o
 .text.put_device_to_sleep
                0x080017a6       0x60 ./Core/Src/BME280/bme280.o
 .text.reload_device_settings
                0x08001806       0x3a ./Core/Src/BME280/bme280.o
 .text.compensate_temperature
                0x08001840       0xc4 ./Core/Src/BME280/bme280.o
 .text.compensate_pressure
                0x08001904      0x748 ./Core/Src/BME280/bme280.o
 .text.compensate_humidity
                0x0800204c      0x158 ./Core/Src/BME280/bme280.o
 .text.get_calib_data
                0x080021a4       0x8a ./Core/Src/BME280/bme280.o
 .text.interleave_reg_addr
                0x0800222e       0x58 ./Core/Src/BME280/bme280.o
 .text.parse_temp_press_calib_data
                0x08002286      0x160 ./Core/Src/BME280/bme280.o
 .text.parse_humidity_calib_data
                0x080023e6       0x9e ./Core/Src/BME280/bme280.o
 .text.are_settings_changed
                0x08002484       0x38 ./Core/Src/BME280/bme280.o
 .text.null_ptr_check
                0x080024bc       0x40 ./Core/Src/BME280/bme280.o
 .text.FIRFilter_Init
                0x080024fc       0x44 ./Core/Src/FIR_FILTER.o
                0x080024fc                FIRFilter_Init
 .text.FIRFilter_Update
                0x08002540       0xb8 ./Core/Src/FIR_FILTER.o
                0x08002540                FIRFilter_Update
 .text.MAFilter_Init
                0x080025f8       0x44 ./Core/Src/FIR_FILTER.o
                0x080025f8                MAFilter_Init
 .text.LSM6DSLTR_Init
                0x0800263c       0xa0 ./Core/Src/LSM6DSLTR.o
                0x0800263c                LSM6DSLTR_Init
 *fill*         0x080026dc        0x4 
 .text.LSM6DSLTR_Read_Accel_Data
                0x080026e0      0x1b4 ./Core/Src/LSM6DSLTR.o
                0x080026e0                LSM6DSLTR_Read_Accel_Data
 .text.LSM6DSLTR_Read_Gyro_Data
                0x08002894      0x134 ./Core/Src/LSM6DSLTR.o
                0x08002894                LSM6DSLTR_Read_Gyro_Data
 .text.calculate_roll_pitch
                0x080029c8      0x10c ./Core/Src/LSM6DSLTR.o
                0x080029c8                calculate_roll_pitch
 .text.update_angles
                0x08002ad4       0xd8 ./Core/Src/LSM6DSLTR.o
                0x08002ad4                update_angles
 .text.KalmanFilter_Init
                0x08002bac       0x42 ./Core/Src/kalman.o
                0x08002bac                KalmanFilter_Init
 *fill*         0x08002bee        0x2 
 .text.KalmanFilter_Update
                0x08002bf0       0xc4 ./Core/Src/kalman.o
                0x08002bf0                KalmanFilter_Update
 .text.HAL_UART_RxCpltCallback
                0x08002cb4       0x68 ./Core/Src/main.o
                0x08002cb4                HAL_UART_RxCpltCallback
 .text.HAL_TIM_PeriodElapsedCallback
                0x08002d1c       0xc8 ./Core/Src/main.o
                0x08002d1c                HAL_TIM_PeriodElapsedCallback
 .text.main     0x08002de4      0x614 ./Core/Src/main.o
                0x08002de4                main
 .text.SystemClock_Config
                0x080033f8       0xd8 ./Core/Src/main.o
                0x080033f8                SystemClock_Config
 .text.MX_I2C1_Init
                0x080034d0       0x5c ./Core/Src/main.o
 .text.MX_TIM6_Init
                0x0800352c       0x6c ./Core/Src/main.o
 .text.MX_TIM10_Init
                0x08003598       0x48 ./Core/Src/main.o
 .text.MX_USART6_UART_Init
                0x080035e0       0x54 ./Core/Src/main.o
 .text.MX_GPIO_Init
                0x08003634      0x188 ./Core/Src/main.o
 .text.BME_I2C_Testsensor
                0x080037bc       0x30 ./Core/Src/main.o
                0x080037bc                BME_I2C_Testsensor
 .text.LSM_I2C_Testsensor
                0x080037ec       0x30 ./Core/Src/main.o
                0x080037ec                LSM_I2C_Testsensor
 *fill*         0x0800381c        0x4 
 .text.BME280_Get_Altitude
                0x08003820       0xc4 ./Core/Src/main.o
                0x08003820                BME280_Get_Altitude
 .text.user_i2c_read
                0x080038e4       0x70 ./Core/Src/main.o
                0x080038e4                user_i2c_read
 .text.user_delay_ms
                0x08003954       0x16 ./Core/Src/main.o
                0x08003954                user_delay_ms
 *fill*         0x0800396a        0x2 
 .text.user_i2c_write
                0x0800396c       0x78 ./Core/Src/main.o
                0x0800396c                user_i2c_write
 .text.Buzzer   0x080039e4       0xa8 ./Core/Src/main.o
                0x080039e4                Buzzer
 .text.Altitude_Offset
                0x08003a8c       0x88 ./Core/Src/main.o
                0x08003a8c                Altitude_Offset
 .text.compare_arrays
                0x08003b14       0x4a ./Core/Src/main.o
                0x08003b14                compare_arrays
 *fill*         0x08003b5e        0x2 
 .text.MEGU_TX_BUF_FILL
                0x08003b60      0x194 ./Core/Src/main.o
                0x08003b60                MEGU_TX_BUF_FILL
 .text.bme_config
                0x08003cf4       0x78 ./Core/Src/main.o
                0x08003cf4                bme_config
 .text.Error_Handler
                0x08003d6c        0xc ./Core/Src/main.o
                0x08003d6c                Error_Handler
 .text.HAL_MspInit
                0x08003d78       0x50 ./Core/Src/stm32f4xx_hal_msp.o
                0x08003d78                HAL_MspInit
 .text.HAL_I2C_MspInit
                0x08003dc8       0x90 ./Core/Src/stm32f4xx_hal_msp.o
                0x08003dc8                HAL_I2C_MspInit
 .text.HAL_TIM_Base_MspInit
                0x08003e58       0x8c ./Core/Src/stm32f4xx_hal_msp.o
                0x08003e58                HAL_TIM_Base_MspInit
 .text.HAL_UART_MspInit
                0x08003ee4       0xa0 ./Core/Src/stm32f4xx_hal_msp.o
                0x08003ee4                HAL_UART_MspInit
 .text.NMI_Handler
                0x08003f84        0x8 ./Core/Src/stm32f4xx_it.o
                0x08003f84                NMI_Handler
 .text.HardFault_Handler
                0x08003f8c        0x8 ./Core/Src/stm32f4xx_it.o
                0x08003f8c                HardFault_Handler
 .text.MemManage_Handler
                0x08003f94        0x8 ./Core/Src/stm32f4xx_it.o
                0x08003f94                MemManage_Handler
 .text.BusFault_Handler
                0x08003f9c        0x8 ./Core/Src/stm32f4xx_it.o
                0x08003f9c                BusFault_Handler
 .text.UsageFault_Handler
                0x08003fa4        0x8 ./Core/Src/stm32f4xx_it.o
                0x08003fa4                UsageFault_Handler
 .text.SVC_Handler
                0x08003fac        0xe ./Core/Src/stm32f4xx_it.o
                0x08003fac                SVC_Handler
 .text.DebugMon_Handler
                0x08003fba        0xe ./Core/Src/stm32f4xx_it.o
                0x08003fba                DebugMon_Handler
 .text.PendSV_Handler
                0x08003fc8        0xe ./Core/Src/stm32f4xx_it.o
                0x08003fc8                PendSV_Handler
 .text.SysTick_Handler
                0x08003fd6        0xc ./Core/Src/stm32f4xx_it.o
                0x08003fd6                SysTick_Handler
 *fill*         0x08003fe2        0x2 
 .text.TIM1_UP_TIM10_IRQHandler
                0x08003fe4       0x14 ./Core/Src/stm32f4xx_it.o
                0x08003fe4                TIM1_UP_TIM10_IRQHandler
 .text.TIM6_DAC_IRQHandler
                0x08003ff8       0x14 ./Core/Src/stm32f4xx_it.o
                0x08003ff8                TIM6_DAC_IRQHandler
 .text.USART6_IRQHandler
                0x0800400c       0x14 ./Core/Src/stm32f4xx_it.o
                0x0800400c                USART6_IRQHandler
 .text._sbrk    0x08004020       0x6c ./Core/Src/sysmem.o
                0x08004020                _sbrk
 .text.SystemInit
                0x0800408c       0x24 ./Core/Src/system_stm32f4xx.o
                0x0800408c                SystemInit
 .text.Reset_Handler
                0x080040b0       0x50 ./Core/Startup/startup_stm32f446rctx.o
                0x080040b0                Reset_Handler
 .text.Default_Handler
                0x08004100        0x2 ./Core/Startup/startup_stm32f446rctx.o
                0x08004100                RTC_Alarm_IRQHandler
                0x08004100                EXTI2_IRQHandler
                0x08004100                TIM8_CC_IRQHandler
                0x08004100                FMPI2C1_EV_IRQHandler
                0x08004100                SPI4_IRQHandler
                0x08004100                TIM1_CC_IRQHandler
                0x08004100                DMA2_Stream5_IRQHandler
                0x08004100                DMA1_Stream5_IRQHandler
                0x08004100                PVD_IRQHandler
                0x08004100                SDIO_IRQHandler
                0x08004100                TAMP_STAMP_IRQHandler
                0x08004100                CAN2_RX1_IRQHandler
                0x08004100                EXTI3_IRQHandler
                0x08004100                TIM8_TRG_COM_TIM14_IRQHandler
                0x08004100                TIM8_UP_TIM13_IRQHandler
                0x08004100                I2C3_ER_IRQHandler
                0x08004100                EXTI0_IRQHandler
                0x08004100                I2C2_EV_IRQHandler
                0x08004100                DMA1_Stream2_IRQHandler
                0x08004100                CAN1_RX0_IRQHandler
                0x08004100                FPU_IRQHandler
                0x08004100                OTG_HS_WKUP_IRQHandler
                0x08004100                CAN2_SCE_IRQHandler
                0x08004100                DMA2_Stream2_IRQHandler
                0x08004100                SPI1_IRQHandler
                0x08004100                TIM1_BRK_TIM9_IRQHandler
                0x08004100                DCMI_IRQHandler
                0x08004100                CAN2_RX0_IRQHandler
                0x08004100                DMA2_Stream3_IRQHandler
                0x08004100                SAI2_IRQHandler
                0x08004100                USART3_IRQHandler
                0x08004100                CAN1_RX1_IRQHandler
                0x08004100                UART5_IRQHandler
                0x08004100                DMA2_Stream0_IRQHandler
                0x08004100                TIM4_IRQHandler
                0x08004100                QUADSPI_IRQHandler
                0x08004100                I2C1_EV_IRQHandler
                0x08004100                DMA1_Stream6_IRQHandler
                0x08004100                DMA1_Stream1_IRQHandler
                0x08004100                UART4_IRQHandler
                0x08004100                TIM3_IRQHandler
                0x08004100                RCC_IRQHandler
                0x08004100                TIM8_BRK_TIM12_IRQHandler
                0x08004100                Default_Handler
                0x08004100                CEC_IRQHandler
                0x08004100                EXTI15_10_IRQHandler
                0x08004100                ADC_IRQHandler
                0x08004100                DMA1_Stream7_IRQHandler
                0x08004100                TIM7_IRQHandler
                0x08004100                CAN2_TX_IRQHandler
                0x08004100                TIM5_IRQHandler
                0x08004100                DMA2_Stream7_IRQHandler
                0x08004100                I2C3_EV_IRQHandler
                0x08004100                EXTI9_5_IRQHandler
                0x08004100                RTC_WKUP_IRQHandler
                0x08004100                SPDIF_RX_IRQHandler
                0x08004100                SPI2_IRQHandler
                0x08004100                OTG_HS_EP1_IN_IRQHandler
                0x08004100                DMA1_Stream0_IRQHandler
                0x08004100                CAN1_TX_IRQHandler
                0x08004100                FMPI2C1_ER_IRQHandler
                0x08004100                EXTI4_IRQHandler
                0x08004100                OTG_HS_EP1_OUT_IRQHandler
                0x08004100                WWDG_IRQHandler
                0x08004100                TIM2_IRQHandler
                0x08004100                OTG_FS_WKUP_IRQHandler
                0x08004100                TIM1_TRG_COM_TIM11_IRQHandler
                0x08004100                OTG_HS_IRQHandler
                0x08004100                EXTI1_IRQHandler
                0x08004100                USART2_IRQHandler
                0x08004100                I2C2_ER_IRQHandler
                0x08004100                DMA2_Stream1_IRQHandler
                0x08004100                CAN1_SCE_IRQHandler
                0x08004100                FLASH_IRQHandler
                0x08004100                DMA2_Stream4_IRQHandler
                0x08004100                USART1_IRQHandler
                0x08004100                OTG_FS_IRQHandler
                0x08004100                SPI3_IRQHandler
                0x08004100                DMA1_Stream4_IRQHandler
                0x08004100                I2C1_ER_IRQHandler
                0x08004100                FMC_IRQHandler
                0x08004100                DMA2_Stream6_IRQHandler
                0x08004100                SAI1_IRQHandler
                0x08004100                DMA1_Stream3_IRQHandler
 *fill*         0x08004102        0x2 
 .text.HAL_Init
                0x08004104       0x44 ./Drivers/STM32F4xx_HAL_Driver/Src/stm32f4xx_hal.o
                0x08004104                HAL_Init
 .text.HAL_InitTick
                0x08004148       0x60 ./Drivers/STM32F4xx_HAL_Driver/Src/stm32f4xx_hal.o
                0x08004148                HAL_InitTick
 .text.HAL_IncTick
                0x080041a8       0x28 ./Drivers/STM32F4xx_HAL_Driver/Src/stm32f4xx_hal.o
                0x080041a8                HAL_IncTick
 .text.HAL_GetTick
                0x080041d0       0x18 ./Drivers/STM32F4xx_HAL_Driver/Src/stm32f4xx_hal.o
                0x080041d0                HAL_GetTick
 .text.HAL_Delay
                0x080041e8       0x48 ./Drivers/STM32F4xx_HAL_Driver/Src/stm32f4xx_hal.o
                0x080041e8                HAL_Delay
 .text.__NVIC_SetPriorityGrouping
                0x08004230       0x48 ./Drivers/STM32F4xx_HAL_Driver/Src/stm32f4xx_hal_cortex.o
 .text.__NVIC_GetPriorityGrouping
                0x08004278       0x1c ./Drivers/STM32F4xx_HAL_Driver/Src/stm32f4xx_hal_cortex.o
 .text.__NVIC_EnableIRQ
                0x08004294       0x3c ./Drivers/STM32F4xx_HAL_Driver/Src/stm32f4xx_hal_cortex.o
 .text.__NVIC_SetPriority
                0x080042d0       0x54 ./Drivers/STM32F4xx_HAL_Driver/Src/stm32f4xx_hal_cortex.o
 .text.NVIC_EncodePriority
                0x08004324       0x66 ./Drivers/STM32F4xx_HAL_Driver/Src/stm32f4xx_hal_cortex.o
 *fill*         0x0800438a        0x2 
 .text.SysTick_Config
                0x0800438c       0x44 ./Drivers/STM32F4xx_HAL_Driver/Src/stm32f4xx_hal_cortex.o
 .text.HAL_NVIC_SetPriorityGrouping
                0x080043d0       0x16 ./Drivers/STM32F4xx_HAL_Driver/Src/stm32f4xx_hal_cortex.o
                0x080043d0                HAL_NVIC_SetPriorityGrouping
 .text.HAL_NVIC_SetPriority
                0x080043e6       0x38 ./Drivers/STM32F4xx_HAL_Driver/Src/stm32f4xx_hal_cortex.o
                0x080043e6                HAL_NVIC_SetPriority
 .text.HAL_NVIC_EnableIRQ
                0x0800441e       0x1c ./Drivers/STM32F4xx_HAL_Driver/Src/stm32f4xx_hal_cortex.o
                0x0800441e                HAL_NVIC_EnableIRQ
 .text.HAL_SYSTICK_Config
                0x0800443a       0x18 ./Drivers/STM32F4xx_HAL_Driver/Src/stm32f4xx_hal_cortex.o
                0x0800443a                HAL_SYSTICK_Config
 .text.HAL_DMA_Abort
                0x08004452       0xe0 ./Drivers/STM32F4xx_HAL_Driver/Src/stm32f4xx_hal_dma.o
                0x08004452                HAL_DMA_Abort
 .text.HAL_DMA_Abort_IT
                0x08004532       0x44 ./Drivers/STM32F4xx_HAL_Driver/Src/stm32f4xx_hal_dma.o
                0x08004532                HAL_DMA_Abort_IT
 *fill*         0x08004576        0x2 
 .text.HAL_GPIO_Init
                0x08004578      0x328 ./Drivers/STM32F4xx_HAL_Driver/Src/stm32f4xx_hal_gpio.o
                0x08004578                HAL_GPIO_Init
 .text.HAL_GPIO_ReadPin
                0x080048a0       0x30 ./Drivers/STM32F4xx_HAL_Driver/Src/stm32f4xx_hal_gpio.o
                0x080048a0                HAL_GPIO_ReadPin
 .text.HAL_GPIO_WritePin
                0x080048d0       0x32 ./Drivers/STM32F4xx_HAL_Driver/Src/stm32f4xx_hal_gpio.o
                0x080048d0                HAL_GPIO_WritePin
 .text.HAL_GPIO_TogglePin
                0x08004902       0x34 ./Drivers/STM32F4xx_HAL_Driver/Src/stm32f4xx_hal_gpio.o
                0x08004902                HAL_GPIO_TogglePin
 *fill*         0x08004936        0x2 
 .text.HAL_I2C_Init
                0x08004938      0x288 ./Drivers/STM32F4xx_HAL_Driver/Src/stm32f4xx_hal_i2c.o
                0x08004938                HAL_I2C_Init
 .text.HAL_I2C_Master_Transmit
                0x08004bc0      0x1fc ./Drivers/STM32F4xx_HAL_Driver/Src/stm32f4xx_hal_i2c.o
                0x08004bc0                HAL_I2C_Master_Transmit
 .text.HAL_I2C_Master_Receive
                0x08004dbc      0x44c ./Drivers/STM32F4xx_HAL_Driver/Src/stm32f4xx_hal_i2c.o
                0x08004dbc                HAL_I2C_Master_Receive
 .text.HAL_I2C_Mem_Write
                0x08005208      0x1f4 ./Drivers/STM32F4xx_HAL_Driver/Src/stm32f4xx_hal_i2c.o
                0x08005208                HAL_I2C_Mem_Write
 .text.HAL_I2C_Mem_Read
                0x080053fc      0x44c ./Drivers/STM32F4xx_HAL_Driver/Src/stm32f4xx_hal_i2c.o
                0x080053fc                HAL_I2C_Mem_Read
 .text.HAL_I2C_IsDeviceReady
                0x08005848      0x25c ./Drivers/STM32F4xx_HAL_Driver/Src/stm32f4xx_hal_i2c.o
                0x08005848                HAL_I2C_IsDeviceReady
 .text.I2C_MasterRequestWrite
                0x08005aa4      0x104 ./Drivers/STM32F4xx_HAL_Driver/Src/stm32f4xx_hal_i2c.o
 .text.I2C_MasterRequestRead
                0x08005ba8      0x19c ./Drivers/STM32F4xx_HAL_Driver/Src/stm32f4xx_hal_i2c.o
 .text.I2C_RequestMemoryWrite
                0x08005d44      0x12c ./Drivers/STM32F4xx_HAL_Driver/Src/stm32f4xx_hal_i2c.o
 .text.I2C_RequestMemoryRead
                0x08005e70      0x1d0 ./Drivers/STM32F4xx_HAL_Driver/Src/stm32f4xx_hal_i2c.o
 .text.I2C_WaitOnFlagUntilTimeout
                0x08006040       0xae ./Drivers/STM32F4xx_HAL_Driver/Src/stm32f4xx_hal_i2c.o
 .text.I2C_WaitOnMasterAddressFlagUntilTimeout
                0x080060ee       0xfe ./Drivers/STM32F4xx_HAL_Driver/Src/stm32f4xx_hal_i2c.o
 .text.I2C_WaitOnTXEFlagUntilTimeout
                0x080061ec       0x82 ./Drivers/STM32F4xx_HAL_Driver/Src/stm32f4xx_hal_i2c.o
 .text.I2C_WaitOnBTFFlagUntilTimeout
                0x0800626e       0x82 ./Drivers/STM32F4xx_HAL_Driver/Src/stm32f4xx_hal_i2c.o
 .text.I2C_WaitOnRXNEFlagUntilTimeout
                0x080062f0       0xac ./Drivers/STM32F4xx_HAL_Driver/Src/stm32f4xx_hal_i2c.o
 .text.I2C_IsAcknowledgeFailed
                0x0800639c       0x5e ./Drivers/STM32F4xx_HAL_Driver/Src/stm32f4xx_hal_i2c.o
 *fill*         0x080063fa        0x2 
 .text.HAL_RCC_ClockConfig
                0x080063fc      0x1cc ./Drivers/STM32F4xx_HAL_Driver/Src/stm32f4xx_hal_rcc.o
                0x080063fc                HAL_RCC_ClockConfig
 .text.HAL_RCC_GetHCLKFreq
                0x080065c8       0x18 ./Drivers/STM32F4xx_HAL_Driver/Src/stm32f4xx_hal_rcc.o
                0x080065c8                HAL_RCC_GetHCLKFreq
 .text.HAL_RCC_GetPCLK1Freq
                0x080065e0       0x28 ./Drivers/STM32F4xx_HAL_Driver/Src/stm32f4xx_hal_rcc.o
                0x080065e0                HAL_RCC_GetPCLK1Freq
 .text.HAL_RCC_GetPCLK2Freq
                0x08006608       0x28 ./Drivers/STM32F4xx_HAL_Driver/Src/stm32f4xx_hal_rcc.o
                0x08006608                HAL_RCC_GetPCLK2Freq
 .text.HAL_RCC_GetSysClockFreq
                0x08006630      0x460 ./Drivers/STM32F4xx_HAL_Driver/Src/stm32f4xx_hal_rcc_ex.o
                0x08006630                HAL_RCC_GetSysClockFreq
 .text.HAL_RCC_OscConfig
                0x08006a90      0x53c ./Drivers/STM32F4xx_HAL_Driver/Src/stm32f4xx_hal_rcc_ex.o
                0x08006a90                HAL_RCC_OscConfig
 .text.HAL_TIM_Base_Init
                0x08006fcc       0x9e ./Drivers/STM32F4xx_HAL_Driver/Src/stm32f4xx_hal_tim.o
                0x08006fcc                HAL_TIM_Base_Init
 *fill*         0x0800706a        0x2 
 .text.HAL_TIM_Base_Start_IT
                0x0800706c       0xe0 ./Drivers/STM32F4xx_HAL_Driver/Src/stm32f4xx_hal_tim.o
                0x0800706c                HAL_TIM_Base_Start_IT
 .text.HAL_TIM_IRQHandler
                0x0800714c      0x210 ./Drivers/STM32F4xx_HAL_Driver/Src/stm32f4xx_hal_tim.o
                0x0800714c                HAL_TIM_IRQHandler
 .text.HAL_TIM_OC_DelayElapsedCallback
                0x0800735c       0x14 ./Drivers/STM32F4xx_HAL_Driver/Src/stm32f4xx_hal_tim.o
                0x0800735c                HAL_TIM_OC_DelayElapsedCallback
 .text.HAL_TIM_IC_CaptureCallback
                0x08007370       0x14 ./Drivers/STM32F4xx_HAL_Driver/Src/stm32f4xx_hal_tim.o
                0x08007370                HAL_TIM_IC_CaptureCallback
 .text.HAL_TIM_PWM_PulseFinishedCallback
                0x08007384       0x14 ./Drivers/STM32F4xx_HAL_Driver/Src/stm32f4xx_hal_tim.o
                0x08007384                HAL_TIM_PWM_PulseFinishedCallback
 .text.HAL_TIM_TriggerCallback
                0x08007398       0x14 ./Drivers/STM32F4xx_HAL_Driver/Src/stm32f4xx_hal_tim.o
                0x08007398                HAL_TIM_TriggerCallback
 .text.TIM_Base_SetConfig
                0x080073ac      0x140 ./Drivers/STM32F4xx_HAL_Driver/Src/stm32f4xx_hal_tim.o
                0x080073ac                TIM_Base_SetConfig
 .text.HAL_TIMEx_MasterConfigSynchronization
                0x080074ec       0xf8 ./Drivers/STM32F4xx_HAL_Driver/Src/stm32f4xx_hal_tim_ex.o
                0x080074ec                HAL_TIMEx_MasterConfigSynchronization
 .text.HAL_TIMEx_CommutCallback
                0x080075e4       0x14 ./Drivers/STM32F4xx_HAL_Driver/Src/stm32f4xx_hal_tim_ex.o
                0x080075e4                HAL_TIMEx_CommutCallback
 .text.HAL_TIMEx_BreakCallback
                0x080075f8       0x14 ./Drivers/STM32F4xx_HAL_Driver/Src/stm32f4xx_hal_tim_ex.o
                0x080075f8                HAL_TIMEx_BreakCallback
 .text.HAL_UART_Init
                0x0800760c       0x9a ./Drivers/STM32F4xx_HAL_Driver/Src/stm32f4xx_hal_uart.o
                0x0800760c                HAL_UART_Init
 .text.HAL_UART_Transmit
                0x080076a6      0x124 ./Drivers/STM32F4xx_HAL_Driver/Src/stm32f4xx_hal_uart.o
                0x080076a6                HAL_UART_Transmit
 .text.HAL_UART_Receive_IT
                0x080077ca       0x60 ./Drivers/STM32F4xx_HAL_Driver/Src/stm32f4xx_hal_uart.o
                0x080077ca                HAL_UART_Receive_IT
 *fill*         0x0800782a        0x2 
 .text.HAL_UART_IRQHandler
                0x0800782c      0x51c ./Drivers/STM32F4xx_HAL_Driver/Src/stm32f4xx_hal_uart.o
                0x0800782c                HAL_UART_IRQHandler
 .text.HAL_UART_TxCpltCallback
                0x08007d48       0x14 ./Drivers/STM32F4xx_HAL_Driver/Src/stm32f4xx_hal_uart.o
                0x08007d48                HAL_UART_TxCpltCallback
 .text.HAL_UART_ErrorCallback
                0x08007d5c       0x14 ./Drivers/STM32F4xx_HAL_Driver/Src/stm32f4xx_hal_uart.o
                0x08007d5c                HAL_UART_ErrorCallback
 .text.HAL_UARTEx_RxEventCallback
                0x08007d70       0x18 ./Drivers/STM32F4xx_HAL_Driver/Src/stm32f4xx_hal_uart.o
                0x08007d70                HAL_UARTEx_RxEventCallback
 .text.UART_WaitOnFlagUntilTimeout
                0x08007d88       0xdc ./Drivers/STM32F4xx_HAL_Driver/Src/stm32f4xx_hal_uart.o
 .text.UART_Start_Receive_IT
                0x08007e64       0x7c ./Drivers/STM32F4xx_HAL_Driver/Src/stm32f4xx_hal_uart.o
                0x08007e64                UART_Start_Receive_IT
 .text.UART_EndRxTransfer
                0x08007ee0       0xc6 ./Drivers/STM32F4xx_HAL_Driver/Src/stm32f4xx_hal_uart.o
 .text.UART_DMAAbortOnError
                0x08007fa6       0x28 ./Drivers/STM32F4xx_HAL_Driver/Src/stm32f4xx_hal_uart.o
 .text.UART_Transmit_IT
                0x08007fce       0xa0 ./Drivers/STM32F4xx_HAL_Driver/Src/stm32f4xx_hal_uart.o
 .text.UART_EndTransmit_IT
                0x0800806e       0x30 ./Drivers/STM32F4xx_HAL_Driver/Src/stm32f4xx_hal_uart.o
 .text.UART_Receive_IT
                0x0800809e      0x176 ./Drivers/STM32F4xx_HAL_Driver/Src/stm32f4xx_hal_uart.o
 .text.UART_SetConfig
                0x08008214      0x4e8 ./Drivers/STM32F4xx_HAL_Driver/Src/stm32f4xx_hal_uart.o
 .text.MX_FATFS_Init
                0x080086fc       0x24 ./FATFS/App/fatfs.o
                0x080086fc                MX_FATFS_Init
 .text.USER_initialize
                0x08008720       0x28 ./FATFS/Target/user_diskio.o
                0x08008720                USER_initialize
 .text.USER_status
                0x08008748       0x28 ./FATFS/Target/user_diskio.o
                0x08008748                USER_status
 .text.USER_read
                0x08008770       0x1e ./FATFS/Target/user_diskio.o
                0x08008770                USER_read
 .text.USER_write
                0x0800878e       0x1e ./FATFS/Target/user_diskio.o
                0x0800878e                USER_write
 .text.USER_ioctl
                0x080087ac       0x22 ./FATFS/Target/user_diskio.o
                0x080087ac                USER_ioctl
 *fill*         0x080087ce        0x2 
 .text.FATFS_LinkDriverEx
                0x080087d0       0x98 ./Middlewares/Third_Party/FatFs/src/ff_gen_drv.o
                0x080087d0                FATFS_LinkDriverEx
 .text.FATFS_LinkDriver
                0x08008868       0x1e ./Middlewares/Third_Party/FatFs/src/ff_gen_drv.o
                0x08008868                FATFS_LinkDriver
 *fill*         0x08008886        0x2 
 .text.malloc   0x08008888       0x10 C:/ST/STM32CubeIDE_1.15.1/STM32CubeIDE/plugins/com.st.stm32cube.ide.mcu.externaltools.gnu-tools-for-stm32.12.3.rel1.win32_1.0.200.202406191623/tools/bin/../lib/gcc/arm-none-eabi/12.3.1/../../../../arm-none-eabi/lib/thumb/v7e-m+fp/hard\libc_nano.a(libc_a-malloc.o)
                0x08008888                malloc
 .text.free     0x08008898       0x10 C:/ST/STM32CubeIDE_1.15.1/STM32CubeIDE/plugins/com.st.stm32cube.ide.mcu.externaltools.gnu-tools-for-stm32.12.3.rel1.win32_1.0.200.202406191623/tools/bin/../lib/gcc/arm-none-eabi/12.3.1/../../../../arm-none-eabi/lib/thumb/v7e-m+fp/hard\libc_nano.a(libc_a-malloc.o)
                0x08008898                free
 .text.sbrk_aligned
                0x080088a8       0x44 C:/ST/STM32CubeIDE_1.15.1/STM32CubeIDE/plugins/com.st.stm32cube.ide.mcu.externaltools.gnu-tools-for-stm32.12.3.rel1.win32_1.0.200.202406191623/tools/bin/../lib/gcc/arm-none-eabi/12.3.1/../../../../arm-none-eabi/lib/thumb/v7e-m+fp/hard\libc_nano.a(libc_a-mallocr.o)
 .text._malloc_r
                0x080088ec      0x100 C:/ST/STM32CubeIDE_1.15.1/STM32CubeIDE/plugins/com.st.stm32cube.ide.mcu.externaltools.gnu-tools-for-stm32.12.3.rel1.win32_1.0.200.202406191623/tools/bin/../lib/gcc/arm-none-eabi/12.3.1/../../../../arm-none-eabi/lib/thumb/v7e-m+fp/hard\libc_nano.a(libc_a-mallocr.o)
                0x080088ec                _malloc_r
 .text.__malloc_lock
                0x080089ec        0xc C:/ST/STM32CubeIDE_1.15.1/STM32CubeIDE/plugins/com.st.stm32cube.ide.mcu.externaltools.gnu-tools-for-stm32.12.3.rel1.win32_1.0.200.202406191623/tools/bin/../lib/gcc/arm-none-eabi/12.3.1/../../../../arm-none-eabi/lib/thumb/v7e-m+fp/hard\libc_nano.a(libc_a-mlock.o)
                0x080089ec                __malloc_lock
 .text.__malloc_unlock
                0x080089f8        0xc C:/ST/STM32CubeIDE_1.15.1/STM32CubeIDE/plugins/com.st.stm32cube.ide.mcu.externaltools.gnu-tools-for-stm32.12.3.rel1.win32_1.0.200.202406191623/tools/bin/../lib/gcc/arm-none-eabi/12.3.1/../../../../arm-none-eabi/lib/thumb/v7e-m+fp/hard\libc_nano.a(libc_a-mlock.o)
                0x080089f8                __malloc_unlock
 .text.memset   0x08008a04       0x10 C:/ST/STM32CubeIDE_1.15.1/STM32CubeIDE/plugins/com.st.stm32cube.ide.mcu.externaltools.gnu-tools-for-stm32.12.3.rel1.win32_1.0.200.202406191623/tools/bin/../lib/gcc/arm-none-eabi/12.3.1/../../../../arm-none-eabi/lib/thumb/v7e-m+fp/hard\libc_nano.a(libc_a-memset.o)
                0x08008a04                memset
 .text._sbrk_r  0x08008a14       0x20 C:/ST/STM32CubeIDE_1.15.1/STM32CubeIDE/plugins/com.st.stm32cube.ide.mcu.externaltools.gnu-tools-for-stm32.12.3.rel1.win32_1.0.200.202406191623/tools/bin/../lib/gcc/arm-none-eabi/12.3.1/../../../../arm-none-eabi/lib/thumb/v7e-m+fp/hard\libc_nano.a(libc_a-sbrkr.o)
                0x08008a14                _sbrk_r
 .text.__errno  0x08008a34        0xc C:/ST/STM32CubeIDE_1.15.1/STM32CubeIDE/plugins/com.st.stm32cube.ide.mcu.externaltools.gnu-tools-for-stm32.12.3.rel1.win32_1.0.200.202406191623/tools/bin/../lib/gcc/arm-none-eabi/12.3.1/../../../../arm-none-eabi/lib/thumb/v7e-m+fp/hard\libc_nano.a(libc_a-errno.o)
                0x08008a34                __errno
 .text.__libc_init_array
                0x08008a40       0x48 C:/ST/STM32CubeIDE_1.15.1/STM32CubeIDE/plugins/com.st.stm32cube.ide.mcu.externaltools.gnu-tools-for-stm32.12.3.rel1.win32_1.0.200.202406191623/tools/bin/../lib/gcc/arm-none-eabi/12.3.1/../../../../arm-none-eabi/lib/thumb/v7e-m+fp/hard\libc_nano.a(libc_a-init.o)
                0x08008a40                __libc_init_array
 .text.__retarget_lock_acquire_recursive
                0x08008a88        0x2 C:/ST/STM32CubeIDE_1.15.1/STM32CubeIDE/plugins/com.st.stm32cube.ide.mcu.externaltools.gnu-tools-for-stm32.12.3.rel1.win32_1.0.200.202406191623/tools/bin/../lib/gcc/arm-none-eabi/12.3.1/../../../../arm-none-eabi/lib/thumb/v7e-m+fp/hard\libc_nano.a(libc_a-lock.o)
                0x08008a88                __retarget_lock_acquire_recursive
 .text.__retarget_lock_release_recursive
                0x08008a8a        0x2 C:/ST/STM32CubeIDE_1.15.1/STM32CubeIDE/plugins/com.st.stm32cube.ide.mcu.externaltools.gnu-tools-for-stm32.12.3.rel1.win32_1.0.200.202406191623/tools/bin/../lib/gcc/arm-none-eabi/12.3.1/../../../../arm-none-eabi/lib/thumb/v7e-m+fp/hard\libc_nano.a(libc_a-lock.o)
                0x08008a8a                __retarget_lock_release_recursive
 .text.memcpy   0x08008a8c       0x1c C:/ST/STM32CubeIDE_1.15.1/STM32CubeIDE/plugins/com.st.stm32cube.ide.mcu.externaltools.gnu-tools-for-stm32.12.3.rel1.win32_1.0.200.202406191623/tools/bin/../lib/gcc/arm-none-eabi/12.3.1/../../../../arm-none-eabi/lib/thumb/v7e-m+fp/hard\libc_nano.a(libc_a-memcpy-stub.o)
                0x08008a8c                memcpy
 .text._free_r  0x08008aa8       0x94 C:/ST/STM32CubeIDE_1.15.1/STM32CubeIDE/plugins/com.st.stm32cube.ide.mcu.externaltools.gnu-tools-for-stm32.12.3.rel1.win32_1.0.200.202406191623/tools/bin/../lib/gcc/arm-none-eabi/12.3.1/../../../../arm-none-eabi/lib/thumb/v7e-m+fp/hard\libc_nano.a(libc_a-freer.o)
                0x08008aa8                _free_r
 .text.pow      0x08008b3c       0xe0 C:/ST/STM32CubeIDE_1.15.1/STM32CubeIDE/plugins/com.st.stm32cube.ide.mcu.externaltools.gnu-tools-for-stm32.12.3.rel1.win32_1.0.200.202406191623/tools/bin/../lib/gcc/arm-none-eabi/12.3.1/../../../../arm-none-eabi/lib/thumb/v7e-m+fp/hard\libm.a(libm_a-w_pow.o)
                0x08008b3c                pow
 .text.atan2f   0x08008c1c        0x4 C:/ST/STM32CubeIDE_1.15.1/STM32CubeIDE/plugins/com.st.stm32cube.ide.mcu.externaltools.gnu-tools-for-stm32.12.3.rel1.win32_1.0.200.202406191623/tools/bin/../lib/gcc/arm-none-eabi/12.3.1/../../../../arm-none-eabi/lib/thumb/v7e-m+fp/hard\libm.a(libm_a-wf_atan2.o)
                0x08008c1c                atan2f
 .text.sqrtf    0x08008c20       0x3c C:/ST/STM32CubeIDE_1.15.1/STM32CubeIDE/plugins/com.st.stm32cube.ide.mcu.externaltools.gnu-tools-for-stm32.12.3.rel1.win32_1.0.200.202406191623/tools/bin/../lib/gcc/arm-none-eabi/12.3.1/../../../../arm-none-eabi/lib/thumb/v7e-m+fp/hard\libm.a(libm_a-wf_sqrt.o)
                0x08008c20                sqrtf
 .text.finite   0x08008c5c       0x16 C:/ST/STM32CubeIDE_1.15.1/STM32CubeIDE/plugins/com.st.stm32cube.ide.mcu.externaltools.gnu-tools-for-stm32.12.3.rel1.win32_1.0.200.202406191623/tools/bin/../lib/gcc/arm-none-eabi/12.3.1/../../../../arm-none-eabi/lib/thumb/v7e-m+fp/hard\libm.a(libm_a-s_finite.o)
                0x08008c5c                finite
 .text.__ieee754_sqrtf
                0x08008c72        0x6 C:/ST/STM32CubeIDE_1.15.1/STM32CubeIDE/plugins/com.st.stm32cube.ide.mcu.externaltools.gnu-tools-for-stm32.12.3.rel1.win32_1.0.200.202406191623/tools/bin/../lib/gcc/arm-none-eabi/12.3.1/../../../../arm-none-eabi/lib/thumb/v7e-m+fp/hard\libm.a(libm_a-ef_sqrt.o)
                0x08008c72                __ieee754_sqrtf
 .text.__ieee754_pow
                0x08008c78      0xa88 C:/ST/STM32CubeIDE_1.15.1/STM32CubeIDE/plugins/com.st.stm32cube.ide.mcu.externaltools.gnu-tools-for-stm32.12.3.rel1.win32_1.0.200.202406191623/tools/bin/../lib/gcc/arm-none-eabi/12.3.1/../../../../arm-none-eabi/lib/thumb/v7e-m+fp/hard\libm.a(libm_a-e_pow.o)
                0x08008c78                __ieee754_pow
 .text.fabs     0x08009700       0x10 C:/ST/STM32CubeIDE_1.15.1/STM32CubeIDE/plugins/com.st.stm32cube.ide.mcu.externaltools.gnu-tools-for-stm32.12.3.rel1.win32_1.0.200.202406191623/tools/bin/../lib/gcc/arm-none-eabi/12.3.1/../../../../arm-none-eabi/lib/thumb/v7e-m+fp/hard\libm.a(libm_a-s_fabs.o)
                0x08009700                fabs
 .text.__ieee754_atan2f
                0x08009710      0x140 C:/ST/STM32CubeIDE_1.15.1/STM32CubeIDE/plugins/com.st.stm32cube.ide.mcu.externaltools.gnu-tools-for-stm32.12.3.rel1.win32_1.0.200.202406191623/tools/bin/../lib/gcc/arm-none-eabi/12.3.1/../../../../arm-none-eabi/lib/thumb/v7e-m+fp/hard\libm.a(libm_a-ef_atan2.o)
                0x08009710                __ieee754_atan2f
 .text.atanf    0x08009850      0x1a8 C:/ST/STM32CubeIDE_1.15.1/STM32CubeIDE/plugins/com.st.stm32cube.ide.mcu.externaltools.gnu-tools-for-stm32.12.3.rel1.win32_1.0.200.202406191623/tools/bin/../lib/gcc/arm-none-eabi/12.3.1/../../../../arm-none-eabi/lib/thumb/v7e-m+fp/hard\libm.a(libm_a-sf_atan.o)
                0x08009850                atanf
 .text.fabsf    0x080099f8        0xe C:/ST/STM32CubeIDE_1.15.1/STM32CubeIDE/plugins/com.st.stm32cube.ide.mcu.externaltools.gnu-tools-for-stm32.12.3.rel1.win32_1.0.200.202406191623/tools/bin/../lib/gcc/arm-none-eabi/12.3.1/../../../../arm-none-eabi/lib/thumb/v7e-m+fp/hard\libm.a(libm_a-sf_fabs.o)
                0x080099f8                fabsf
 *fill*         0x08009a06        0x2 
 .text.scalbn   0x08009a08       0xfc C:/ST/STM32CubeIDE_1.15.1/STM32CubeIDE/plugins/com.st.stm32cube.ide.mcu.externaltools.gnu-tools-for-stm32.12.3.rel1.win32_1.0.200.202406191623/tools/bin/../lib/gcc/arm-none-eabi/12.3.1/../../../../arm-none-eabi/lib/thumb/v7e-m+fp/hard\libm.a(libm_a-s_scalbn.o)
                0x08009a08                scalbn
 .text.with_errno
                0x08009b04       0x24 C:/ST/STM32CubeIDE_1.15.1/STM32CubeIDE/plugins/com.st.stm32cube.ide.mcu.externaltools.gnu-tools-for-stm32.12.3.rel1.win32_1.0.200.202406191623/tools/bin/../lib/gcc/arm-none-eabi/12.3.1/../../../../arm-none-eabi/lib/thumb/v7e-m+fp/hard\libm.a(libm_a-math_err.o)
 .text.xflow    0x08009b28       0x32 C:/ST/STM32CubeIDE_1.15.1/STM32CubeIDE/plugins/com.st.stm32cube.ide.mcu.externaltools.gnu-tools-for-stm32.12.3.rel1.win32_1.0.200.202406191623/tools/bin/../lib/gcc/arm-none-eabi/12.3.1/../../../../arm-none-eabi/lib/thumb/v7e-m+fp/hard\libm.a(libm_a-math_err.o)
 *fill*         0x08009b5a        0x6 
 .text.__math_uflow
                0x08009b60       0x10 C:/ST/STM32CubeIDE_1.15.1/STM32CubeIDE/plugins/com.st.stm32cube.ide.mcu.externaltools.gnu-tools-for-stm32.12.3.rel1.win32_1.0.200.202406191623/tools/bin/../lib/gcc/arm-none-eabi/12.3.1/../../../../arm-none-eabi/lib/thumb/v7e-m+fp/hard\libm.a(libm_a-math_err.o)
                0x08009b60                __math_uflow
 .text.__math_oflow
                0x08009b70       0x10 C:/ST/STM32CubeIDE_1.15.1/STM32CubeIDE/plugins/com.st.stm32cube.ide.mcu.externaltools.gnu-tools-for-stm32.12.3.rel1.win32_1.0.200.202406191623/tools/bin/../lib/gcc/arm-none-eabi/12.3.1/../../../../arm-none-eabi/lib/thumb/v7e-m+fp/hard\libm.a(libm_a-math_err.o)
                0x08009b70                __math_oflow
 .text.__ieee754_sqrt
                0x08009b80      0x1b4 C:/ST/STM32CubeIDE_1.15.1/STM32CubeIDE/plugins/com.st.stm32cube.ide.mcu.externaltools.gnu-tools-for-stm32.12.3.rel1.win32_1.0.200.202406191623/tools/bin/../lib/gcc/arm-none-eabi/12.3.1/../../../../arm-none-eabi/lib/thumb/v7e-m+fp/hard\libm.a(libm_a-e_sqrt.o)
                0x08009b80                __ieee754_sqrt
 *(.glue_7)
 .glue_7        0x08009d34        0x0 linker stubs
 *(.glue_7t)
 .glue_7t       0x08009d34        0x0 linker stubs
 *(.eh_frame)
 .eh_frame      0x08009d34        0x0 C:/ST/STM32CubeIDE_1.15.1/STM32CubeIDE/plugins/com.st.stm32cube.ide.mcu.externaltools.gnu-tools-for-stm32.12.3.rel1.win32_1.0.200.202406191623/tools/bin/../lib/gcc/arm-none-eabi/12.3.1/thumb/v7e-m+fp/hard/crtbegin.o
 *(.init)
 .init          0x08009d34        0x4 C:/ST/STM32CubeIDE_1.15.1/STM32CubeIDE/plugins/com.st.stm32cube.ide.mcu.externaltools.gnu-tools-for-stm32.12.3.rel1.win32_1.0.200.202406191623/tools/bin/../lib/gcc/arm-none-eabi/12.3.1/thumb/v7e-m+fp/hard/crti.o
                0x08009d34                _init
 .init          0x08009d38        0x8 C:/ST/STM32CubeIDE_1.15.1/STM32CubeIDE/plugins/com.st.stm32cube.ide.mcu.externaltools.gnu-tools-for-stm32.12.3.rel1.win32_1.0.200.202406191623/tools/bin/../lib/gcc/arm-none-eabi/12.3.1/thumb/v7e-m+fp/hard/crtn.o
 *(.fini)
 .fini          0x08009d40        0x4 C:/ST/STM32CubeIDE_1.15.1/STM32CubeIDE/plugins/com.st.stm32cube.ide.mcu.externaltools.gnu-tools-for-stm32.12.3.rel1.win32_1.0.200.202406191623/tools/bin/../lib/gcc/arm-none-eabi/12.3.1/thumb/v7e-m+fp/hard/crti.o
                0x08009d40                _fini
 .fini          0x08009d44        0x8 C:/ST/STM32CubeIDE_1.15.1/STM32CubeIDE/plugins/com.st.stm32cube.ide.mcu.externaltools.gnu-tools-for-stm32.12.3.rel1.win32_1.0.200.202406191623/tools/bin/../lib/gcc/arm-none-eabi/12.3.1/thumb/v7e-m+fp/hard/crtn.o
                0x08009d4c                        . = ALIGN (0x4)
                0x08009d4c                        _etext = .

.vfp11_veneer   0x08009d4c        0x0
 .vfp11_veneer  0x08009d4c        0x0 linker stubs

.v4_bx          0x08009d4c        0x0
 .v4_bx         0x08009d4c        0x0 linker stubs

.iplt           0x08009d4c        0x0
 .iplt          0x08009d4c        0x0 C:/ST/STM32CubeIDE_1.15.1/STM32CubeIDE/plugins/com.st.stm32cube.ide.mcu.externaltools.gnu-tools-for-stm32.12.3.rel1.win32_1.0.200.202406191623/tools/bin/../lib/gcc/arm-none-eabi/12.3.1/thumb/v7e-m+fp/hard/crtbegin.o

.rodata         0x08009d50       0x80
                0x08009d50                        . = ALIGN (0x4)
 *(.rodata)
 *(.rodata*)
 .rodata.AHBPrescTable
                0x08009d50       0x10 ./Core/Src/system_stm32f4xx.o
                0x08009d50                AHBPrescTable
 .rodata.APBPrescTable
                0x08009d60        0x8 ./Core/Src/system_stm32f4xx.o
                0x08009d60                APBPrescTable
 .rodata.dp_l   0x08009d68       0x10 C:/ST/STM32CubeIDE_1.15.1/STM32CubeIDE/plugins/com.st.stm32cube.ide.mcu.externaltools.gnu-tools-for-stm32.12.3.rel1.win32_1.0.200.202406191623/tools/bin/../lib/gcc/arm-none-eabi/12.3.1/../../../../arm-none-eabi/lib/thumb/v7e-m+fp/hard\libm.a(libm_a-e_pow.o)
 .rodata.dp_h   0x08009d78       0x10 C:/ST/STM32CubeIDE_1.15.1/STM32CubeIDE/plugins/com.st.stm32cube.ide.mcu.externaltools.gnu-tools-for-stm32.12.3.rel1.win32_1.0.200.202406191623/tools/bin/../lib/gcc/arm-none-eabi/12.3.1/../../../../arm-none-eabi/lib/thumb/v7e-m+fp/hard\libm.a(libm_a-e_pow.o)
 .rodata.bp     0x08009d88       0x10 C:/ST/STM32CubeIDE_1.15.1/STM32CubeIDE/plugins/com.st.stm32cube.ide.mcu.externaltools.gnu-tools-for-stm32.12.3.rel1.win32_1.0.200.202406191623/tools/bin/../lib/gcc/arm-none-eabi/12.3.1/../../../../arm-none-eabi/lib/thumb/v7e-m+fp/hard\libm.a(libm_a-e_pow.o)
 .rodata.CSWTCH.9
                0x08009d98        0xc C:/ST/STM32CubeIDE_1.15.1/STM32CubeIDE/plugins/com.st.stm32cube.ide.mcu.externaltools.gnu-tools-for-stm32.12.3.rel1.win32_1.0.200.202406191623/tools/bin/../lib/gcc/arm-none-eabi/12.3.1/../../../../arm-none-eabi/lib/thumb/v7e-m+fp/hard\libm.a(libm_a-ef_atan2.o)
 .rodata.CSWTCH.8
                0x08009da4        0xc C:/ST/STM32CubeIDE_1.15.1/STM32CubeIDE/plugins/com.st.stm32cube.ide.mcu.externaltools.gnu-tools-for-stm32.12.3.rel1.win32_1.0.200.202406191623/tools/bin/../lib/gcc/arm-none-eabi/12.3.1/../../../../arm-none-eabi/lib/thumb/v7e-m+fp/hard\libm.a(libm_a-ef_atan2.o)
 .rodata.atanlo
                0x08009db0       0x10 C:/ST/STM32CubeIDE_1.15.1/STM32CubeIDE/plugins/com.st.stm32cube.ide.mcu.externaltools.gnu-tools-for-stm32.12.3.rel1.win32_1.0.200.202406191623/tools/bin/../lib/gcc/arm-none-eabi/12.3.1/../../../../arm-none-eabi/lib/thumb/v7e-m+fp/hard\libm.a(libm_a-sf_atan.o)
 .rodata.atanhi
                0x08009dc0       0x10 C:/ST/STM32CubeIDE_1.15.1/STM32CubeIDE/plugins/com.st.stm32cube.ide.mcu.externaltools.gnu-tools-for-stm32.12.3.rel1.win32_1.0.200.202406191623/tools/bin/../lib/gcc/arm-none-eabi/12.3.1/../../../../arm-none-eabi/lib/thumb/v7e-m+fp/hard\libm.a(libm_a-sf_atan.o)
                0x08009dd0                        . = ALIGN (0x4)

.ARM.extab      0x08009dd0        0x0
                0x08009dd0                        . = ALIGN (0x4)
 *(.ARM.extab* .gnu.linkonce.armextab.*)
                0x08009dd0                        . = ALIGN (0x4)

.ARM            0x08009dd0        0x8
                0x08009dd0                        . = ALIGN (0x4)
                0x08009dd0                        __exidx_start = .
 *(.ARM.exidx*)
 .ARM.exidx     0x08009dd0        0x8 C:/ST/STM32CubeIDE_1.15.1/STM32CubeIDE/plugins/com.st.stm32cube.ide.mcu.externaltools.gnu-tools-for-stm32.12.3.rel1.win32_1.0.200.202406191623/tools/bin/../lib/gcc/arm-none-eabi/12.3.1/thumb/v7e-m+fp/hard\libgcc.a(_udivmoddi4.o)
                0x08009dd8                        __exidx_end = .
                0x08009dd8                        . = ALIGN (0x4)

.rel.dyn        0x08009dd8        0x0
 .rel.iplt      0x08009dd8        0x0 C:/ST/STM32CubeIDE_1.15.1/STM32CubeIDE/plugins/com.st.stm32cube.ide.mcu.externaltools.gnu-tools-for-stm32.12.3.rel1.win32_1.0.200.202406191623/tools/bin/../lib/gcc/arm-none-eabi/12.3.1/thumb/v7e-m+fp/hard/crtbegin.o

.preinit_array  0x08009dd8        0x0
                0x08009dd8                        . = ALIGN (0x4)
                0x08009dd8                        PROVIDE (__preinit_array_start = .)
 *(.preinit_array*)
                0x08009dd8                        PROVIDE (__preinit_array_end = .)
                0x08009dd8                        . = ALIGN (0x4)

.init_array     0x08009dd8        0x4
                0x08009dd8                        . = ALIGN (0x4)
                0x08009dd8                        PROVIDE (__init_array_start = .)
 *(SORT_BY_NAME(.init_array.*))
 *(.init_array*)
 .init_array    0x08009dd8        0x4 C:/ST/STM32CubeIDE_1.15.1/STM32CubeIDE/plugins/com.st.stm32cube.ide.mcu.externaltools.gnu-tools-for-stm32.12.3.rel1.win32_1.0.200.202406191623/tools/bin/../lib/gcc/arm-none-eabi/12.3.1/thumb/v7e-m+fp/hard/crtbegin.o
                0x08009ddc                        PROVIDE (__init_array_end = .)
                0x08009ddc                        . = ALIGN (0x4)

.fini_array     0x08009ddc        0x4
                0x08009ddc                        . = ALIGN (0x4)
                [!provide]                        PROVIDE (__fini_array_start = .)
 *(SORT_BY_NAME(.fini_array.*))
 *(.fini_array*)
 .fini_array    0x08009ddc        0x4 C:/ST/STM32CubeIDE_1.15.1/STM32CubeIDE/plugins/com.st.stm32cube.ide.mcu.externaltools.gnu-tools-for-stm32.12.3.rel1.win32_1.0.200.202406191623/tools/bin/../lib/gcc/arm-none-eabi/12.3.1/thumb/v7e-m+fp/hard/crtbegin.o
                [!provide]                        PROVIDE (__fini_array_end = .)
                0x08009de0                        . = ALIGN (0x4)
                0x08009de0                        _sidata = LOADADDR (.data)

.data           0x20000000       0xd8 load address 0x08009de0
                0x20000000                        . = ALIGN (0x4)
                0x20000000                        _sdata = .
 *(.data)
 *(.data*)
 .data.FIR_IMPULSE_RESPONSE
                0x20000000       0x40 ./Core/Src/FIR_FILTER.o
 .data.gyro_constant
                0x20000040        0x4 ./Core/Src/LSM6DSLTR.o
                0x20000040                gyro_constant
 .data.EGU_durum_sorgusu
                0x20000044        0x5 ./Core/Src/main.o
 *fill*         0x20000049        0x3 
 .data.EGU_motor_atesleme
                0x2000004c        0x5 ./Core/Src/main.o
 .data.manyetik_switch
                0x20000051        0x1 ./Core/Src/main.o
                0x20000051                manyetik_switch
 *fill*         0x20000052        0x2 
 .data.SystemCoreClock
                0x20000054        0x4 ./Core/Src/system_stm32f4xx.o
                0x20000054                SystemCoreClock
 .data.uwTickPrio
                0x20000058        0x4 ./Drivers/STM32F4xx_HAL_Driver/Src/stm32f4xx_hal.o
                0x20000058                uwTickPrio
 .data.uwTickFreq
                0x2000005c        0x1 ./Drivers/STM32F4xx_HAL_Driver/Src/stm32f4xx_hal.o
                0x2000005c                uwTickFreq
 .data.Stat     0x2000005d        0x1 ./FATFS/Target/user_diskio.o
 *fill*         0x2000005e        0x2 
 .data.USER_Driver
                0x20000060       0x14 ./FATFS/Target/user_diskio.o
                0x20000060                USER_Driver
 .data._impure_ptr
                0x20000074        0x4 C:/ST/STM32CubeIDE_1.15.1/STM32CubeIDE/plugins/com.st.stm32cube.ide.mcu.externaltools.gnu-tools-for-stm32.12.3.rel1.win32_1.0.200.202406191623/tools/bin/../lib/gcc/arm-none-eabi/12.3.1/../../../../arm-none-eabi/lib/thumb/v7e-m+fp/hard\libc_nano.a(libc_a-impure.o)
                0x20000074                _impure_ptr
 .data._impure_data
                0x20000078       0x4c C:/ST/STM32CubeIDE_1.15.1/STM32CubeIDE/plugins/com.st.stm32cube.ide.mcu.externaltools.gnu-tools-for-stm32.12.3.rel1.win32_1.0.200.202406191623/tools/bin/../lib/gcc/arm-none-eabi/12.3.1/../../../../arm-none-eabi/lib/thumb/v7e-m+fp/hard\libc_nano.a(libc_a-impure.o)
                0x20000078                _impure_data
 *fill*         0x200000c4        0x4 
 .data.tiny     0x200000c8        0x8 C:/ST/STM32CubeIDE_1.15.1/STM32CubeIDE/plugins/com.st.stm32cube.ide.mcu.externaltools.gnu-tools-for-stm32.12.3.rel1.win32_1.0.200.202406191623/tools/bin/../lib/gcc/arm-none-eabi/12.3.1/../../../../arm-none-eabi/lib/thumb/v7e-m+fp/hard\libm.a(libm_a-e_sqrt.o)
 .data.one      0x200000d0        0x8 C:/ST/STM32CubeIDE_1.15.1/STM32CubeIDE/plugins/com.st.stm32cube.ide.mcu.externaltools.gnu-tools-for-stm32.12.3.rel1.win32_1.0.200.202406191623/tools/bin/../lib/gcc/arm-none-eabi/12.3.1/../../../../arm-none-eabi/lib/thumb/v7e-m+fp/hard\libm.a(libm_a-e_sqrt.o)
 *(.RamFunc)
 *(.RamFunc*)
                0x200000d8                        . = ALIGN (0x4)
                0x200000d8                        _edata = .

.igot.plt       0x200000d8        0x0 load address 0x08009eb8
 .igot.plt      0x200000d8        0x0 C:/ST/STM32CubeIDE_1.15.1/STM32CubeIDE/plugins/com.st.stm32cube.ide.mcu.externaltools.gnu-tools-for-stm32.12.3.rel1.win32_1.0.200.202406191623/tools/bin/../lib/gcc/arm-none-eabi/12.3.1/thumb/v7e-m+fp/hard/crtbegin.o
                0x200000d8                        . = ALIGN (0x4)

.bss            0x200000d8      0x500 load address 0x08009eb8
                0x200000d8                        _sbss = .
                0x200000d8                        __bss_start__ = _sbss
 *(.bss)
 .bss           0x200000d8       0x1c C:/ST/STM32CubeIDE_1.15.1/STM32CubeIDE/plugins/com.st.stm32cube.ide.mcu.externaltools.gnu-tools-for-stm32.12.3.rel1.win32_1.0.200.202406191623/tools/bin/../lib/gcc/arm-none-eabi/12.3.1/thumb/v7e-m+fp/hard/crtbegin.o
 *(.bss*)
 .bss.prev_time
                0x200000f4        0x4 ./Core/Src/LSM6DSLTR.o
                0x200000f4                prev_time
 .bss.hi2c1     0x200000f8       0x54 ./Core/Src/main.o
                0x200000f8                hi2c1
 .bss.htim6     0x2000014c       0x48 ./Core/Src/main.o
                0x2000014c                htim6
 .bss.htim10    0x20000194       0x48 ./Core/Src/main.o
                0x20000194                htim10
 .bss.huart6    0x200001dc       0x44 ./Core/Src/main.o
                0x200001dc                huart6
 .bss.EGU_RX_BUFFER
                0x20000220        0x5 ./Core/Src/main.o
                0x20000220                EGU_RX_BUFFER
 *fill*         0x20000225        0x3 
 .bss.EGU_TX_BUFFER
                0x20000228       0x22 ./Core/Src/main.o
                0x20000228                EGU_TX_BUFFER
 .bss.rx_data_EGU
                0x2000024a        0x1 ./Core/Src/main.o
                0x2000024a                rx_data_EGU
 .bss.rx_index_EGU
                0x2000024b        0x1 ./Core/Src/main.o
                0x2000024b                rx_index_EGU
 .bss.buzzer_long
                0x2000024c        0x4 ./Core/Src/main.o
                0x2000024c                buzzer_long
 .bss.buzzer_short
                0x20000250        0x4 ./Core/Src/main.o
                0x20000250                buzzer_short
 .bss.buzzer_ariza
                0x20000254        0x4 ./Core/Src/main.o
                0x20000254                buzzer_ariza
 .bss.buzzer_short_counter
                0x20000258        0x4 ./Core/Src/main.o
                0x20000258                buzzer_short_counter
 .bss.buzzer_long_counter
                0x2000025c        0x4 ./Core/Src/main.o
                0x2000025c                buzzer_long_counter
 .bss.buzzer_ariza_counter
                0x20000260        0x4 ./Core/Src/main.o
                0x20000260                buzzer_ariza_counter
 .bss.MEGU_battery
                0x20000264        0x1 ./Core/Src/main.o
                0x20000264                MEGU_battery
 .bss.MEGU_mod  0x20000265        0x1 ./Core/Src/main.o
                0x20000265                MEGU_mod
 .bss.BUTTON_STATE
                0x20000266        0x1 ./Core/Src/main.o
                0x20000266                BUTTON_STATE
 *fill*         0x20000267        0x1 
 .bss.zaman     0x20000268        0x4 ./Core/Src/main.o
                0x20000268                zaman
 .bss.fitil_kontrol
                0x2000026c        0x1 ./Core/Src/main.o
                0x2000026c                fitil_kontrol
 .bss.motor_ates
                0x2000026d        0x1 ./Core/Src/main.o
                0x2000026d                motor_ates
 .bss.sensor_flag
                0x2000026e        0x1 ./Core/Src/main.o
                0x2000026e                sensor_flag
 .bss.rampa_control
                0x2000026f        0x1 ./Core/Src/main.o
                0x2000026f                rampa_control
 .bss.ariza_BME
                0x20000270        0x1 ./Core/Src/main.o
                0x20000270                ariza_BME
 .bss.ariza_LSM
                0x20000271        0x1 ./Core/Src/main.o
                0x20000271                ariza_LSM
 .bss.ariza     0x20000272        0x1 ./Core/Src/main.o
                0x20000272                ariza
 *fill*         0x20000273        0x1 
 .bss.set_timer
                0x20000274        0x4 ./Core/Src/main.o
                0x20000274                set_timer
 .bss.set1      0x20000278        0x4 ./Core/Src/main.o
                0x20000278                set1
 .bss.temperature
                0x2000027c        0x4 ./Core/Src/main.o
                0x2000027c                temperature
 .bss.humidity  0x20000280        0x4 ./Core/Src/main.o
                0x20000280                humidity
 .bss.altitude  0x20000284        0x4 ./Core/Src/main.o
                0x20000284                altitude
 .bss.max_altitude
                0x20000288        0x4 ./Core/Src/main.o
                0x20000288                max_altitude
 .bss.offset_altitude
                0x2000028c        0x4 ./Core/Src/main.o
                0x2000028c                offset_altitude
 .bss.pressure  0x20000290        0x4 ./Core/Src/main.o
                0x20000290                pressure
 .bss.alt       0x20000294        0x4 ./Core/Src/main.o
                0x20000294                alt
 .bss.prev_alt  0x20000298        0x4 ./Core/Src/main.o
                0x20000298                prev_alt
 .bss.speed     0x2000029c        0x4 ./Core/Src/main.o
                0x2000029c                speed
 .bss.altitude_rampa_control
                0x200002a0        0x1 ./Core/Src/main.o
                0x200002a0                altitude_rampa_control
 *fill*         0x200002a1        0x3 
 .bss.speed_max
                0x200002a4        0x4 ./Core/Src/main.o
                0x200002a4                speed_max
 .bss.x_max     0x200002a8        0x4 ./Core/Src/main.o
                0x200002a8                x_max
 .bss.altitude_max
                0x200002ac        0x4 ./Core/Src/main.o
                0x200002ac                altitude_max
 .bss.real_pitch
                0x200002b0        0x4 ./Core/Src/main.o
                0x200002b0                real_pitch
 .bss.real_roll
                0x200002b4        0x4 ./Core/Src/main.o
                0x200002b4                real_roll
 .bss.toplam_pitch
                0x200002b8        0x4 ./Core/Src/main.o
                0x200002b8                toplam_pitch
 .bss.toplam_roll
                0x200002bc        0x4 ./Core/Src/main.o
                0x200002bc                toplam_roll
 .bss.sensor_counter
                0x200002c0        0x1 ./Core/Src/main.o
                0x200002c0                sensor_counter
 *fill*         0x200002c1        0x3 
 .bss.kf        0x200002c4       0x14 ./Core/Src/main.o
                0x200002c4                kf
 .bss.altitude_kalman
                0x200002d8        0x4 ./Core/Src/main.o
                0x200002d8                altitude_kalman
 .bss.MEGU      0x200002dc        0x1 ./Core/Src/main.o
                0x200002dc                MEGU
 *fill*         0x200002dd        0x3 
 .bss.Lsm_Sensor
                0x200002e0       0x24 ./Core/Src/main.o
                0x200002e0                Lsm_Sensor
 .bss.accx      0x20000304       0x48 ./Core/Src/main.o
                0x20000304                accx
 .bss.IMU_GYROX
                0x2000034c       0x48 ./Core/Src/main.o
                0x2000034c                IMU_GYROX
 .bss.IMU_GYROY
                0x20000394       0x48 ./Core/Src/main.o
                0x20000394                IMU_GYROY
 .bss.IMU_GYROZ
                0x200003dc       0x48 ./Core/Src/main.o
                0x200003dc                IMU_GYROZ
 .bss.dev       0x20000424       0x40 ./Core/Src/main.o
                0x20000424                dev
 .bss.comp_data
                0x20000464        0xc ./Core/Src/main.o
                0x20000464                comp_data
 .bss.rslt      0x20000470        0x1 ./Core/Src/main.o
                0x20000470                rslt
 *fill*         0x20000471        0x3 
 .bss.__sbrk_heap_end
                0x20000474        0x4 ./Core/Src/sysmem.o
 .bss.uwTick    0x20000478        0x4 ./Drivers/STM32F4xx_HAL_Driver/Src/stm32f4xx_hal.o
                0x20000478                uwTick
 .bss.retUSER   0x2000047c        0x1 ./FATFS/App/fatfs.o
                0x2000047c                retUSER
 *fill*         0x2000047d        0x3 
 .bss.USERPath  0x20000480        0x4 ./FATFS/App/fatfs.o
                0x20000480                USERPath
 .bss.disk      0x20000484        0xc ./Middlewares/Third_Party/FatFs/src/ff_gen_drv.o
                0x20000484                disk
 .bss.__malloc_sbrk_start
                0x20000490        0x4 C:/ST/STM32CubeIDE_1.15.1/STM32CubeIDE/plugins/com.st.stm32cube.ide.mcu.externaltools.gnu-tools-for-stm32.12.3.rel1.win32_1.0.200.202406191623/tools/bin/../lib/gcc/arm-none-eabi/12.3.1/../../../../arm-none-eabi/lib/thumb/v7e-m+fp/hard\libc_nano.a(libc_a-mallocr.o)
                0x20000490                __malloc_sbrk_start
 .bss.__malloc_free_list
                0x20000494        0x4 C:/ST/STM32CubeIDE_1.15.1/STM32CubeIDE/plugins/com.st.stm32cube.ide.mcu.externaltools.gnu-tools-for-stm32.12.3.rel1.win32_1.0.200.202406191623/tools/bin/../lib/gcc/arm-none-eabi/12.3.1/../../../../arm-none-eabi/lib/thumb/v7e-m+fp/hard\libc_nano.a(libc_a-mallocr.o)
                0x20000494                __malloc_free_list
 .bss.__sf      0x20000498      0x138 C:/ST/STM32CubeIDE_1.15.1/STM32CubeIDE/plugins/com.st.stm32cube.ide.mcu.externaltools.gnu-tools-for-stm32.12.3.rel1.win32_1.0.200.202406191623/tools/bin/../lib/gcc/arm-none-eabi/12.3.1/../../../../arm-none-eabi/lib/thumb/v7e-m+fp/hard\libc_nano.a(libc_a-findfp.o)
                0x20000498                __sf
 .bss.errno     0x200005d0        0x4 C:/ST/STM32CubeIDE_1.15.1/STM32CubeIDE/plugins/com.st.stm32cube.ide.mcu.externaltools.gnu-tools-for-stm32.12.3.rel1.win32_1.0.200.202406191623/tools/bin/../lib/gcc/arm-none-eabi/12.3.1/../../../../arm-none-eabi/lib/thumb/v7e-m+fp/hard\libc_nano.a(libc_a-reent.o)
                0x200005d0                errno
 .bss.__lock___malloc_recursive_mutex
                0x200005d4        0x1 C:/ST/STM32CubeIDE_1.15.1/STM32CubeIDE/plugins/com.st.stm32cube.ide.mcu.externaltools.gnu-tools-for-stm32.12.3.rel1.win32_1.0.200.202406191623/tools/bin/../lib/gcc/arm-none-eabi/12.3.1/../../../../arm-none-eabi/lib/thumb/v7e-m+fp/hard\libc_nano.a(libc_a-lock.o)
                0x200005d4                __lock___malloc_recursive_mutex
 *(COMMON)
                0x200005d8                        . = ALIGN (0x4)
 *fill*         0x200005d5        0x3 
                0x200005d8                        _ebss = .
                0x200005d8                        __bss_end__ = _ebss

._user_heap_stack
                0x200005d8      0x600 load address 0x08009eb8
                0x200005d8                        . = ALIGN (0x8)
                [!provide]                        PROVIDE (end = .)
                0x200005d8                        PROVIDE (_end = .)
                0x200007d8                        . = (. + _Min_Heap_Size)
 *fill*         0x200005d8      0x200 
                0x20000bd8                        . = (. + _Min_Stack_Size)
 *fill*         0x200007d8      0x400 
                0x20000bd8                        . = ALIGN (0x8)

/DISCARD/
 libc.a(*)
 libm.a(*)
 libgcc.a(*)

.ARM.attributes
                0x00000000       0x30
 *(.ARM.attributes)
 .ARM.attributes
                0x00000000       0x22 C:/ST/STM32CubeIDE_1.15.1/STM32CubeIDE/plugins/com.st.stm32cube.ide.mcu.externaltools.gnu-tools-for-stm32.12.3.rel1.win32_1.0.200.202406191623/tools/bin/../lib/gcc/arm-none-eabi/12.3.1/thumb/v7e-m+fp/hard/crti.o
 .ARM.attributes
                0x00000022       0x34 C:/ST/STM32CubeIDE_1.15.1/STM32CubeIDE/plugins/com.st.stm32cube.ide.mcu.externaltools.gnu-tools-for-stm32.12.3.rel1.win32_1.0.200.202406191623/tools/bin/../lib/gcc/arm-none-eabi/12.3.1/thumb/v7e-m+fp/hard/crtbegin.o
 .ARM.attributes
                0x00000056       0x34 ./Core/Src/BME280/bme280.o
 .ARM.attributes
                0x0000008a       0x34 ./Core/Src/FIR_FILTER.o
 .ARM.attributes
                0x000000be       0x34 ./Core/Src/LSM6DSLTR.o
 .ARM.attributes
                0x000000f2       0x34 ./Core/Src/kalman.o
 .ARM.attributes
                0x00000126       0x34 ./Core/Src/main.o
 .ARM.attributes
                0x0000015a       0x34 ./Core/Src/stm32f4xx_hal_msp.o
 .ARM.attributes
                0x0000018e       0x34 ./Core/Src/stm32f4xx_it.o
 .ARM.attributes
                0x000001c2       0x34 ./Core/Src/sysmem.o
 .ARM.attributes
                0x000001f6       0x34 ./Core/Src/system_stm32f4xx.o
 .ARM.attributes
                0x0000022a       0x21 ./Core/Startup/startup_stm32f446rctx.o
 .ARM.attributes
                0x0000024b       0x34 ./Drivers/STM32F4xx_HAL_Driver/Src/stm32f4xx_hal.o
 .ARM.attributes
                0x0000027f       0x34 ./Drivers/STM32F4xx_HAL_Driver/Src/stm32f4xx_hal_cortex.o
 .ARM.attributes
                0x000002b3       0x34 ./Drivers/STM32F4xx_HAL_Driver/Src/stm32f4xx_hal_dma.o
 .ARM.attributes
                0x000002e7       0x34 ./Drivers/STM32F4xx_HAL_Driver/Src/stm32f4xx_hal_gpio.o
 .ARM.attributes
                0x0000031b       0x34 ./Drivers/STM32F4xx_HAL_Driver/Src/stm32f4xx_hal_i2c.o
 .ARM.attributes
                0x0000034f       0x34 ./Drivers/STM32F4xx_HAL_Driver/Src/stm32f4xx_hal_rcc.o
 .ARM.attributes
                0x00000383       0x34 ./Drivers/STM32F4xx_HAL_Driver/Src/stm32f4xx_hal_rcc_ex.o
 .ARM.attributes
                0x000003b7       0x34 ./Drivers/STM32F4xx_HAL_Driver/Src/stm32f4xx_hal_tim.o
 .ARM.attributes
                0x000003eb       0x34 ./Drivers/STM32F4xx_HAL_Driver/Src/stm32f4xx_hal_tim_ex.o
 .ARM.attributes
                0x0000041f       0x34 ./Drivers/STM32F4xx_HAL_Driver/Src/stm32f4xx_hal_uart.o
 .ARM.attributes
                0x00000453       0x34 ./FATFS/App/fatfs.o
 .ARM.attributes
                0x00000487       0x34 ./FATFS/Target/user_diskio.o
 .ARM.attributes
                0x000004bb       0x34 ./Middlewares/Third_Party/FatFs/src/ff_gen_drv.o
 .ARM.attributes
                0x000004ef       0x34 C:/ST/STM32CubeIDE_1.15.1/STM32CubeIDE/plugins/com.st.stm32cube.ide.mcu.externaltools.gnu-tools-for-stm32.12.3.rel1.win32_1.0.200.202406191623/tools/bin/../lib/gcc/arm-none-eabi/12.3.1/../../../../arm-none-eabi/lib/thumb/v7e-m+fp/hard\libc_nano.a(libc_a-malloc.o)
 .ARM.attributes
                0x00000523       0x34 C:/ST/STM32CubeIDE_1.15.1/STM32CubeIDE/plugins/com.st.stm32cube.ide.mcu.externaltools.gnu-tools-for-stm32.12.3.rel1.win32_1.0.200.202406191623/tools/bin/../lib/gcc/arm-none-eabi/12.3.1/../../../../arm-none-eabi/lib/thumb/v7e-m+fp/hard\libc_nano.a(libc_a-mallocr.o)
 .ARM.attributes
                0x00000557       0x34 C:/ST/STM32CubeIDE_1.15.1/STM32CubeIDE/plugins/com.st.stm32cube.ide.mcu.externaltools.gnu-tools-for-stm32.12.3.rel1.win32_1.0.200.202406191623/tools/bin/../lib/gcc/arm-none-eabi/12.3.1/../../../../arm-none-eabi/lib/thumb/v7e-m+fp/hard\libc_nano.a(libc_a-mlock.o)
 .ARM.attributes
                0x0000058b       0x34 C:/ST/STM32CubeIDE_1.15.1/STM32CubeIDE/plugins/com.st.stm32cube.ide.mcu.externaltools.gnu-tools-for-stm32.12.3.rel1.win32_1.0.200.202406191623/tools/bin/../lib/gcc/arm-none-eabi/12.3.1/../../../../arm-none-eabi/lib/thumb/v7e-m+fp/hard\libc_nano.a(libc_a-findfp.o)
 .ARM.attributes
                0x000005bf       0x34 C:/ST/STM32CubeIDE_1.15.1/STM32CubeIDE/plugins/com.st.stm32cube.ide.mcu.externaltools.gnu-tools-for-stm32.12.3.rel1.win32_1.0.200.202406191623/tools/bin/../lib/gcc/arm-none-eabi/12.3.1/../../../../arm-none-eabi/lib/thumb/v7e-m+fp/hard\libc_nano.a(libc_a-memset.o)
 .ARM.attributes
                0x000005f3       0x34 C:/ST/STM32CubeIDE_1.15.1/STM32CubeIDE/plugins/com.st.stm32cube.ide.mcu.externaltools.gnu-tools-for-stm32.12.3.rel1.win32_1.0.200.202406191623/tools/bin/../lib/gcc/arm-none-eabi/12.3.1/../../../../arm-none-eabi/lib/thumb/v7e-m+fp/hard\libc_nano.a(libc_a-reent.o)
 .ARM.attributes
                0x00000627       0x34 C:/ST/STM32CubeIDE_1.15.1/STM32CubeIDE/plugins/com.st.stm32cube.ide.mcu.externaltools.gnu-tools-for-stm32.12.3.rel1.win32_1.0.200.202406191623/tools/bin/../lib/gcc/arm-none-eabi/12.3.1/../../../../arm-none-eabi/lib/thumb/v7e-m+fp/hard\libc_nano.a(libc_a-impure.o)
 .ARM.attributes
                0x0000065b       0x34 C:/ST/STM32CubeIDE_1.15.1/STM32CubeIDE/plugins/com.st.stm32cube.ide.mcu.externaltools.gnu-tools-for-stm32.12.3.rel1.win32_1.0.200.202406191623/tools/bin/../lib/gcc/arm-none-eabi/12.3.1/../../../../arm-none-eabi/lib/thumb/v7e-m+fp/hard\libc_nano.a(libc_a-sbrkr.o)
 .ARM.attributes
                0x0000068f       0x34 C:/ST/STM32CubeIDE_1.15.1/STM32CubeIDE/plugins/com.st.stm32cube.ide.mcu.externaltools.gnu-tools-for-stm32.12.3.rel1.win32_1.0.200.202406191623/tools/bin/../lib/gcc/arm-none-eabi/12.3.1/../../../../arm-none-eabi/lib/thumb/v7e-m+fp/hard\libc_nano.a(libc_a-errno.o)
 .ARM.attributes
                0x000006c3       0x34 C:/ST/STM32CubeIDE_1.15.1/STM32CubeIDE/plugins/com.st.stm32cube.ide.mcu.externaltools.gnu-tools-for-stm32.12.3.rel1.win32_1.0.200.202406191623/tools/bin/../lib/gcc/arm-none-eabi/12.3.1/../../../../arm-none-eabi/lib/thumb/v7e-m+fp/hard\libc_nano.a(libc_a-init.o)
 .ARM.attributes
                0x000006f7       0x34 C:/ST/STM32CubeIDE_1.15.1/STM32CubeIDE/plugins/com.st.stm32cube.ide.mcu.externaltools.gnu-tools-for-stm32.12.3.rel1.win32_1.0.200.202406191623/tools/bin/../lib/gcc/arm-none-eabi/12.3.1/../../../../arm-none-eabi/lib/thumb/v7e-m+fp/hard\libc_nano.a(libc_a-lock.o)
 .ARM.attributes
                0x0000072b       0x34 C:/ST/STM32CubeIDE_1.15.1/STM32CubeIDE/plugins/com.st.stm32cube.ide.mcu.externaltools.gnu-tools-for-stm32.12.3.rel1.win32_1.0.200.202406191623/tools/bin/../lib/gcc/arm-none-eabi/12.3.1/../../../../arm-none-eabi/lib/thumb/v7e-m+fp/hard\libc_nano.a(libc_a-memcpy-stub.o)
 .ARM.attributes
                0x0000075f       0x34 C:/ST/STM32CubeIDE_1.15.1/STM32CubeIDE/plugins/com.st.stm32cube.ide.mcu.externaltools.gnu-tools-for-stm32.12.3.rel1.win32_1.0.200.202406191623/tools/bin/../lib/gcc/arm-none-eabi/12.3.1/../../../../arm-none-eabi/lib/thumb/v7e-m+fp/hard\libc_nano.a(libc_a-freer.o)
 .ARM.attributes
                0x00000793       0x34 C:/ST/STM32CubeIDE_1.15.1/STM32CubeIDE/plugins/com.st.stm32cube.ide.mcu.externaltools.gnu-tools-for-stm32.12.3.rel1.win32_1.0.200.202406191623/tools/bin/../lib/gcc/arm-none-eabi/12.3.1/../../../../arm-none-eabi/lib/thumb/v7e-m+fp/hard\libm.a(libm_a-w_pow.o)
 .ARM.attributes
                0x000007c7       0x34 C:/ST/STM32CubeIDE_1.15.1/STM32CubeIDE/plugins/com.st.stm32cube.ide.mcu.externaltools.gnu-tools-for-stm32.12.3.rel1.win32_1.0.200.202406191623/tools/bin/../lib/gcc/arm-none-eabi/12.3.1/../../../../arm-none-eabi/lib/thumb/v7e-m+fp/hard\libm.a(libm_a-wf_atan2.o)
 .ARM.attributes
                0x000007fb       0x34 C:/ST/STM32CubeIDE_1.15.1/STM32CubeIDE/plugins/com.st.stm32cube.ide.mcu.externaltools.gnu-tools-for-stm32.12.3.rel1.win32_1.0.200.202406191623/tools/bin/../lib/gcc/arm-none-eabi/12.3.1/../../../../arm-none-eabi/lib/thumb/v7e-m+fp/hard\libm.a(libm_a-wf_sqrt.o)
 .ARM.attributes
                0x0000082f       0x34 C:/ST/STM32CubeIDE_1.15.1/STM32CubeIDE/plugins/com.st.stm32cube.ide.mcu.externaltools.gnu-tools-for-stm32.12.3.rel1.win32_1.0.200.202406191623/tools/bin/../lib/gcc/arm-none-eabi/12.3.1/../../../../arm-none-eabi/lib/thumb/v7e-m+fp/hard\libm.a(libm_a-s_finite.o)
 .ARM.attributes
                0x00000863       0x34 C:/ST/STM32CubeIDE_1.15.1/STM32CubeIDE/plugins/com.st.stm32cube.ide.mcu.externaltools.gnu-tools-for-stm32.12.3.rel1.win32_1.0.200.202406191623/tools/bin/../lib/gcc/arm-none-eabi/12.3.1/../../../../arm-none-eabi/lib/thumb/v7e-m+fp/hard\libm.a(libm_a-ef_sqrt.o)
 .ARM.attributes
                0x00000897       0x34 C:/ST/STM32CubeIDE_1.15.1/STM32CubeIDE/plugins/com.st.stm32cube.ide.mcu.externaltools.gnu-tools-for-stm32.12.3.rel1.win32_1.0.200.202406191623/tools/bin/../lib/gcc/arm-none-eabi/12.3.1/../../../../arm-none-eabi/lib/thumb/v7e-m+fp/hard\libm.a(libm_a-e_pow.o)
 .ARM.attributes
                0x000008cb       0x34 C:/ST/STM32CubeIDE_1.15.1/STM32CubeIDE/plugins/com.st.stm32cube.ide.mcu.externaltools.gnu-tools-for-stm32.12.3.rel1.win32_1.0.200.202406191623/tools/bin/../lib/gcc/arm-none-eabi/12.3.1/../../../../arm-none-eabi/lib/thumb/v7e-m+fp/hard\libm.a(libm_a-s_fabs.o)
 .ARM.attributes
                0x000008ff       0x34 C:/ST/STM32CubeIDE_1.15.1/STM32CubeIDE/plugins/com.st.stm32cube.ide.mcu.externaltools.gnu-tools-for-stm32.12.3.rel1.win32_1.0.200.202406191623/tools/bin/../lib/gcc/arm-none-eabi/12.3.1/../../../../arm-none-eabi/lib/thumb/v7e-m+fp/hard\libm.a(libm_a-ef_atan2.o)
 .ARM.attributes
                0x00000933       0x34 C:/ST/STM32CubeIDE_1.15.1/STM32CubeIDE/plugins/com.st.stm32cube.ide.mcu.externaltools.gnu-tools-for-stm32.12.3.rel1.win32_1.0.200.202406191623/tools/bin/../lib/gcc/arm-none-eabi/12.3.1/../../../../arm-none-eabi/lib/thumb/v7e-m+fp/hard\libm.a(libm_a-sf_atan.o)
 .ARM.attributes
                0x00000967       0x34 C:/ST/STM32CubeIDE_1.15.1/STM32CubeIDE/plugins/com.st.stm32cube.ide.mcu.externaltools.gnu-tools-for-stm32.12.3.rel1.win32_1.0.200.202406191623/tools/bin/../lib/gcc/arm-none-eabi/12.3.1/../../../../arm-none-eabi/lib/thumb/v7e-m+fp/hard\libm.a(libm_a-sf_fabs.o)
 .ARM.attributes
                0x0000099b       0x34 C:/ST/STM32CubeIDE_1.15.1/STM32CubeIDE/plugins/com.st.stm32cube.ide.mcu.externaltools.gnu-tools-for-stm32.12.3.rel1.win32_1.0.200.202406191623/tools/bin/../lib/gcc/arm-none-eabi/12.3.1/../../../../arm-none-eabi/lib/thumb/v7e-m+fp/hard\libm.a(libm_a-s_scalbn.o)
 .ARM.attributes
                0x000009cf       0x34 C:/ST/STM32CubeIDE_1.15.1/STM32CubeIDE/plugins/com.st.stm32cube.ide.mcu.externaltools.gnu-tools-for-stm32.12.3.rel1.win32_1.0.200.202406191623/tools/bin/../lib/gcc/arm-none-eabi/12.3.1/../../../../arm-none-eabi/lib/thumb/v7e-m+fp/hard\libm.a(libm_a-math_err.o)
 .ARM.attributes
                0x00000a03       0x34 C:/ST/STM32CubeIDE_1.15.1/STM32CubeIDE/plugins/com.st.stm32cube.ide.mcu.externaltools.gnu-tools-for-stm32.12.3.rel1.win32_1.0.200.202406191623/tools/bin/../lib/gcc/arm-none-eabi/12.3.1/../../../../arm-none-eabi/lib/thumb/v7e-m+fp/hard\libm.a(libm_a-e_sqrt.o)
 .ARM.attributes
                0x00000a37       0x22 C:/ST/STM32CubeIDE_1.15.1/STM32CubeIDE/plugins/com.st.stm32cube.ide.mcu.externaltools.gnu-tools-for-stm32.12.3.rel1.win32_1.0.200.202406191623/tools/bin/../lib/gcc/arm-none-eabi/12.3.1/thumb/v7e-m+fp/hard\libgcc.a(_arm_addsubdf3.o)
 .ARM.attributes
                0x00000a59       0x22 C:/ST/STM32CubeIDE_1.15.1/STM32CubeIDE/plugins/com.st.stm32cube.ide.mcu.externaltools.gnu-tools-for-stm32.12.3.rel1.win32_1.0.200.202406191623/tools/bin/../lib/gcc/arm-none-eabi/12.3.1/thumb/v7e-m+fp/hard\libgcc.a(_arm_muldivdf3.o)
 .ARM.attributes
                0x00000a7b       0x22 C:/ST/STM32CubeIDE_1.15.1/STM32CubeIDE/plugins/com.st.stm32cube.ide.mcu.externaltools.gnu-tools-for-stm32.12.3.rel1.win32_1.0.200.202406191623/tools/bin/../lib/gcc/arm-none-eabi/12.3.1/thumb/v7e-m+fp/hard\libgcc.a(_arm_cmpdf2.o)
 .ARM.attributes
                0x00000a9d       0x22 C:/ST/STM32CubeIDE_1.15.1/STM32CubeIDE/plugins/com.st.stm32cube.ide.mcu.externaltools.gnu-tools-for-stm32.12.3.rel1.win32_1.0.200.202406191623/tools/bin/../lib/gcc/arm-none-eabi/12.3.1/thumb/v7e-m+fp/hard\libgcc.a(_arm_unorddf2.o)
 .ARM.attributes
                0x00000abf       0x22 C:/ST/STM32CubeIDE_1.15.1/STM32CubeIDE/plugins/com.st.stm32cube.ide.mcu.externaltools.gnu-tools-for-stm32.12.3.rel1.win32_1.0.200.202406191623/tools/bin/../lib/gcc/arm-none-eabi/12.3.1/thumb/v7e-m+fp/hard\libgcc.a(_arm_truncdfsf2.o)
 .ARM.attributes
                0x00000ae1       0x22 C:/ST/STM32CubeIDE_1.15.1/STM32CubeIDE/plugins/com.st.stm32cube.ide.mcu.externaltools.gnu-tools-for-stm32.12.3.rel1.win32_1.0.200.202406191623/tools/bin/../lib/gcc/arm-none-eabi/12.3.1/thumb/v7e-m+fp/hard\libgcc.a(_aeabi_ldivmod.o)
 .ARM.attributes
                0x00000b03       0x22 C:/ST/STM32CubeIDE_1.15.1/STM32CubeIDE/plugins/com.st.stm32cube.ide.mcu.externaltools.gnu-tools-for-stm32.12.3.rel1.win32_1.0.200.202406191623/tools/bin/../lib/gcc/arm-none-eabi/12.3.1/thumb/v7e-m+fp/hard\libgcc.a(_aeabi_uldivmod.o)
 .ARM.attributes
                0x00000b25       0x34 C:/ST/STM32CubeIDE_1.15.1/STM32CubeIDE/plugins/com.st.stm32cube.ide.mcu.externaltools.gnu-tools-for-stm32.12.3.rel1.win32_1.0.200.202406191623/tools/bin/../lib/gcc/arm-none-eabi/12.3.1/thumb/v7e-m+fp/hard\libgcc.a(_udivmoddi4.o)
 .ARM.attributes
                0x00000b59       0x22 C:/ST/STM32CubeIDE_1.15.1/STM32CubeIDE/plugins/com.st.stm32cube.ide.mcu.externaltools.gnu-tools-for-stm32.12.3.rel1.win32_1.0.200.202406191623/tools/bin/../lib/gcc/arm-none-eabi/12.3.1/thumb/v7e-m+fp/hard\libgcc.a(_dvmd_tls.o)
 .ARM.attributes
                0x00000b7b       0x22 C:/ST/STM32CubeIDE_1.15.1/STM32CubeIDE/plugins/com.st.stm32cube.ide.mcu.externaltools.gnu-tools-for-stm32.12.3.rel1.win32_1.0.200.202406191623/tools/bin/../lib/gcc/arm-none-eabi/12.3.1/thumb/v7e-m+fp/hard/crtn.o
OUTPUT(MEGU.elf elf32-littlearm)
LOAD linker stubs
LOAD C:/ST/STM32CubeIDE_1.15.1/STM32CubeIDE/plugins/com.st.stm32cube.ide.mcu.externaltools.gnu-tools-for-stm32.12.3.rel1.win32_1.0.200.202406191623/tools/bin/../lib/gcc/arm-none-eabi/12.3.1/../../../../arm-none-eabi/lib/thumb/v7e-m+fp/hard\libc.a
LOAD C:/ST/STM32CubeIDE_1.15.1/STM32CubeIDE/plugins/com.st.stm32cube.ide.mcu.externaltools.gnu-tools-for-stm32.12.3.rel1.win32_1.0.200.202406191623/tools/bin/../lib/gcc/arm-none-eabi/12.3.1/../../../../arm-none-eabi/lib/thumb/v7e-m+fp/hard\libm.a
LOAD C:/ST/STM32CubeIDE_1.15.1/STM32CubeIDE/plugins/com.st.stm32cube.ide.mcu.externaltools.gnu-tools-for-stm32.12.3.rel1.win32_1.0.200.202406191623/tools/bin/../lib/gcc/arm-none-eabi/12.3.1/thumb/v7e-m+fp/hard\libgcc.a

.debug_info     0x00000000    0x1386d
 .debug_info    0x00000000      0xfe6 ./Core/Src/BME280/bme280.o
 .debug_info    0x00000fe6      0x238 ./Core/Src/FIR_FILTER.o
 .debug_info    0x0000121e      0x998 ./Core/Src/LSM6DSLTR.o
 .debug_info    0x00001bb6       0xf7 ./Core/Src/kalman.o
 .debug_info    0x00001cad     0x225a ./Core/Src/main.o
 .debug_info    0x00003f07     0x12aa ./Core/Src/stm32f4xx_hal_msp.o
 .debug_info    0x000051b1      0x988 ./Core/Src/stm32f4xx_it.o
 .debug_info    0x00005b39      0x168 ./Core/Src/sysmem.o
 .debug_info    0x00005ca1      0x54a ./Core/Src/system_stm32f4xx.o
 .debug_info    0x000061eb       0x30 ./Core/Startup/startup_stm32f446rctx.o
 .debug_info    0x0000621b      0x99e ./Drivers/STM32F4xx_HAL_Driver/Src/stm32f4xx_hal.o
 .debug_info    0x00006bb9      0xd64 ./Drivers/STM32F4xx_HAL_Driver/Src/stm32f4xx_hal_cortex.o
 .debug_info    0x0000791d      0x8e7 ./Drivers/STM32F4xx_HAL_Driver/Src/stm32f4xx_hal_dma.o
 .debug_info    0x00008204      0x70b ./Drivers/STM32F4xx_HAL_Driver/Src/stm32f4xx_hal_gpio.o
 .debug_info    0x0000890f     0x23ed ./Drivers/STM32F4xx_HAL_Driver/Src/stm32f4xx_hal_i2c.o
 .debug_info    0x0000acfc      0x8ed ./Drivers/STM32F4xx_HAL_Driver/Src/stm32f4xx_hal_rcc.o
 .debug_info    0x0000b5e9      0x956 ./Drivers/STM32F4xx_HAL_Driver/Src/stm32f4xx_hal_rcc_ex.o
 .debug_info    0x0000bf3f     0x2948 ./Drivers/STM32F4xx_HAL_Driver/Src/stm32f4xx_hal_tim.o
 .debug_info    0x0000e887     0x14ae ./Drivers/STM32F4xx_HAL_Driver/Src/stm32f4xx_hal_tim_ex.o
 .debug_info    0x0000fd35     0x2fb8 ./Drivers/STM32F4xx_HAL_Driver/Src/stm32f4xx_hal_uart.o
 .debug_info    0x00012ced      0x4d9 ./FATFS/App/fatfs.o
 .debug_info    0x000131c6      0x328 ./FATFS/Target/user_diskio.o
 .debug_info    0x000134ee      0x37f ./Middlewares/Third_Party/FatFs/src/ff_gen_drv.o

.debug_abbrev   0x00000000     0x2c3b
 .debug_abbrev  0x00000000      0x19a ./Core/Src/BME280/bme280.o
 .debug_abbrev  0x0000019a      0x11c ./Core/Src/FIR_FILTER.o
 .debug_abbrev  0x000002b6      0x20c ./Core/Src/LSM6DSLTR.o
 .debug_abbrev  0x000004c2       0xb5 ./Core/Src/kalman.o
 .debug_abbrev  0x00000577      0x40f ./Core/Src/main.o
 .debug_abbrev  0x00000986      0x20a ./Core/Src/stm32f4xx_hal_msp.o
 .debug_abbrev  0x00000b90      0x19c ./Core/Src/stm32f4xx_it.o
 .debug_abbrev  0x00000d2c       0xbc ./Core/Src/sysmem.o
 .debug_abbrev  0x00000de8      0x11a ./Core/Src/system_stm32f4xx.o
 .debug_abbrev  0x00000f02       0x24 ./Core/Startup/startup_stm32f446rctx.o
 .debug_abbrev  0x00000f26      0x213 ./Drivers/STM32F4xx_HAL_Driver/Src/stm32f4xx_hal.o
 .debug_abbrev  0x00001139      0x327 ./Drivers/STM32F4xx_HAL_Driver/Src/stm32f4xx_hal_cortex.o
 .debug_abbrev  0x00001460      0x264 ./Drivers/STM32F4xx_HAL_Driver/Src/stm32f4xx_hal_dma.o
 .debug_abbrev  0x000016c4      0x1d4 ./Drivers/STM32F4xx_HAL_Driver/Src/stm32f4xx_hal_gpio.o
 .debug_abbrev  0x00001898      0x2ad ./Drivers/STM32F4xx_HAL_Driver/Src/stm32f4xx_hal_i2c.o
 .debug_abbrev  0x00001b45      0x2b6 ./Drivers/STM32F4xx_HAL_Driver/Src/stm32f4xx_hal_rcc.o
 .debug_abbrev  0x00001dfb      0x20a ./Drivers/STM32F4xx_HAL_Driver/Src/stm32f4xx_hal_rcc_ex.o
 .debug_abbrev  0x00002005      0x271 ./Drivers/STM32F4xx_HAL_Driver/Src/stm32f4xx_hal_tim.o
 .debug_abbrev  0x00002276      0x27c ./Drivers/STM32F4xx_HAL_Driver/Src/stm32f4xx_hal_tim_ex.o
 .debug_abbrev  0x000024f2      0x30e ./Drivers/STM32F4xx_HAL_Driver/Src/stm32f4xx_hal_uart.o
 .debug_abbrev  0x00002800      0x160 ./FATFS/App/fatfs.o
 .debug_abbrev  0x00002960      0x13c ./FATFS/Target/user_diskio.o
 .debug_abbrev  0x00002a9c      0x19f ./Middlewares/Third_Party/FatFs/src/ff_gen_drv.o

.debug_aranges  0x00000000     0x1228
 .debug_aranges
                0x00000000      0x118 ./Core/Src/BME280/bme280.o
 .debug_aranges
                0x00000118       0x38 ./Core/Src/FIR_FILTER.o
 .debug_aranges
                0x00000150       0x48 ./Core/Src/LSM6DSLTR.o
 .debug_aranges
                0x00000198       0x28 ./Core/Src/kalman.o
 .debug_aranges
                0x000001c0       0xc0 ./Core/Src/main.o
 .debug_aranges
                0x00000280       0x50 ./Core/Src/stm32f4xx_hal_msp.o
 .debug_aranges
                0x000002d0       0x78 ./Core/Src/stm32f4xx_it.o
 .debug_aranges
                0x00000348       0x20 ./Core/Src/sysmem.o
 .debug_aranges
                0x00000368       0x28 ./Core/Src/system_stm32f4xx.o
 .debug_aranges
                0x00000390       0x28 ./Core/Startup/startup_stm32f446rctx.o
 .debug_aranges
                0x000003b8       0xf0 ./Drivers/STM32F4xx_HAL_Driver/Src/stm32f4xx_hal.o
 .debug_aranges
                0x000004a8      0x118 ./Drivers/STM32F4xx_HAL_Driver/Src/stm32f4xx_hal_cortex.o
 .debug_aranges
                0x000005c0       0x90 ./Drivers/STM32F4xx_HAL_Driver/Src/stm32f4xx_hal_dma.o
 .debug_aranges
                0x00000650       0x58 ./Drivers/STM32F4xx_HAL_Driver/Src/stm32f4xx_hal_gpio.o
 .debug_aranges
                0x000006a8      0x2a0 ./Drivers/STM32F4xx_HAL_Driver/Src/stm32f4xx_hal_i2c.o
 .debug_aranges
                0x00000948       0x88 ./Drivers/STM32F4xx_HAL_Driver/Src/stm32f4xx_hal_rcc.o
 .debug_aranges
                0x000009d0       0x78 ./Drivers/STM32F4xx_HAL_Driver/Src/stm32f4xx_hal_rcc_ex.o
 .debug_aranges
                0x00000a48      0x3d0 ./Drivers/STM32F4xx_HAL_Driver/Src/stm32f4xx_hal_tim.o
 .debug_aranges
                0x00000e18      0x168 ./Drivers/STM32F4xx_HAL_Driver/Src/stm32f4xx_hal_tim_ex.o
 .debug_aranges
                0x00000f80      0x200 ./Drivers/STM32F4xx_HAL_Driver/Src/stm32f4xx_hal_uart.o
 .debug_aranges
                0x00001180       0x28 ./FATFS/App/fatfs.o
 .debug_aranges
                0x000011a8       0x40 ./FATFS/Target/user_diskio.o
 .debug_aranges
                0x000011e8       0x40 ./Middlewares/Third_Party/FatFs/src/ff_gen_drv.o

.debug_rnglists
                0x00000000      0xe43
 .debug_rnglists
                0x00000000       0xd9 ./Core/Src/BME280/bme280.o
 .debug_rnglists
                0x000000d9       0x27 ./Core/Src/FIR_FILTER.o
 .debug_rnglists
                0x00000100       0x36 ./Core/Src/LSM6DSLTR.o
 .debug_rnglists
                0x00000136       0x1a ./Core/Src/kalman.o
 .debug_rnglists
                0x00000150       0x93 ./Core/Src/main.o
 .debug_rnglists
                0x000001e3       0x3a ./Core/Src/stm32f4xx_hal_msp.o
 .debug_rnglists
                0x0000021d       0x55 ./Core/Src/stm32f4xx_it.o
 .debug_rnglists
                0x00000272       0x13 ./Core/Src/sysmem.o
 .debug_rnglists
                0x00000285       0x1a ./Core/Src/system_stm32f4xx.o
 .debug_rnglists
                0x0000029f       0x19 ./Core/Startup/startup_stm32f446rctx.o
 .debug_rnglists
                0x000002b8       0xaf ./Drivers/STM32F4xx_HAL_Driver/Src/stm32f4xx_hal.o
 .debug_rnglists
                0x00000367       0xce ./Drivers/STM32F4xx_HAL_Driver/Src/stm32f4xx_hal_cortex.o
 .debug_rnglists
                0x00000435       0x70 ./Drivers/STM32F4xx_HAL_Driver/Src/stm32f4xx_hal_dma.o
 .debug_rnglists
                0x000004a5       0x3f ./Drivers/STM32F4xx_HAL_Driver/Src/stm32f4xx_hal_gpio.o
 .debug_rnglists
                0x000004e4      0x235 ./Drivers/STM32F4xx_HAL_Driver/Src/stm32f4xx_hal_i2c.o
 .debug_rnglists
                0x00000719       0x66 ./Drivers/STM32F4xx_HAL_Driver/Src/stm32f4xx_hal_rcc.o
 .debug_rnglists