../Core/Src/main.c:194:6:HAL_UART_RxCpltCallback	16	static
../Core/Src/main.c:213:6:HAL_TIM_PeriodElapsedCallback	16	static
../Core/Src/main.c:258:5:main	40	static
../Core/Src/main.c:579:6:SystemClock_Config	88	static
../Core/Src/main.c:626:13:MX_I2C1_Init	8	static
../Core/Src/main.c:660:13:MX_TIM6_Init	16	static
../Core/Src/main.c:698:13:MX_TIM10_Init	8	static
../Core/Src/main.c:729:13:MX_USART6_UART_Init	8	static
../Core/Src/main.c:762:13:MX_GPIO_Init	48	static
../Core/Src/main.c:836:9:BME_I2C_Testsensor	16	static
../Core/Src/main.c:853:9:LSM_I2C_Testsensor	16	static
../Core/Src/main.c:871:7:BME280_Get_Altitude	16	static
../Core/Src/main.c:880:8:user_i2c_read	24	static
../Core/Src/main.c:888:6:user_delay_ms	16	static
../Core/Src/main.c:892:8:user_i2c_write	32	static
../Core/Src/main.c:905:6:Buzzer	24	static
../Core/Src/main.c:928:6:Altitude_Offset	16	static
../Core/Src/main.c:943:5:compare_arrays	32	static
../Core/Src/main.c:952:6:MEGU_TX_BUF_FILL	40	static
../Core/Src/main.c:1010:6:bme_config	8	static
../Core/Src/main.c:1035:6:Error_Handler	4	static,ignoring_inline_asm
